Archive member included to satisfy reference by file (symbol)

/opt/st/stm32cubeide_1.7.0/plugins/com.st.stm32cube.ide.mcu.externaltools.gnu-tools-for-stm32.9-2020-q2-update.linux64_2.0.0.202105311346/tools/bin/../lib/gcc/arm-none-eabi/9.3.1/../../../../arm-none-eabi/lib/thumb/v7e-m+fp/hard/libc_nano.a(lib_a-errno.o)
                              ./Core/Src/syscalls.o (__errno)
/opt/st/stm32cubeide_1.7.0/plugins/com.st.stm32cube.ide.mcu.externaltools.gnu-tools-for-stm32.9-2020-q2-update.linux64_2.0.0.202105311346/tools/bin/../lib/gcc/arm-none-eabi/9.3.1/../../../../arm-none-eabi/lib/thumb/v7e-m+fp/hard/libc_nano.a(lib_a-exit.o)
                              /opt/st/stm32cubeide_1.7.0/plugins/com.st.stm32cube.ide.mcu.externaltools.gnu-tools-for-stm32.9-2020-q2-update.linux64_2.0.0.202105311346/tools/bin/../lib/gcc/arm-none-eabi/9.3.1/../../../../arm-none-eabi/lib/thumb/v7e-m+fp/hard/crt0.o (exit)
/opt/st/stm32cubeide_1.7.0/plugins/com.st.stm32cube.ide.mcu.externaltools.gnu-tools-for-stm32.9-2020-q2-update.linux64_2.0.0.202105311346/tools/bin/../lib/gcc/arm-none-eabi/9.3.1/../../../../arm-none-eabi/lib/thumb/v7e-m+fp/hard/libc_nano.a(lib_a-impure.o)
                              /opt/st/stm32cubeide_1.7.0/plugins/com.st.stm32cube.ide.mcu.externaltools.gnu-tools-for-stm32.9-2020-q2-update.linux64_2.0.0.202105311346/tools/bin/../lib/gcc/arm-none-eabi/9.3.1/../../../../arm-none-eabi/lib/thumb/v7e-m+fp/hard/libc_nano.a(lib_a-exit.o) (_global_impure_ptr)
/opt/st/stm32cubeide_1.7.0/plugins/com.st.stm32cube.ide.mcu.externaltools.gnu-tools-for-stm32.9-2020-q2-update.linux64_2.0.0.202105311346/tools/bin/../lib/gcc/arm-none-eabi/9.3.1/../../../../arm-none-eabi/lib/thumb/v7e-m+fp/hard/libc_nano.a(lib_a-init.o)
                              /opt/st/stm32cubeide_1.7.0/plugins/com.st.stm32cube.ide.mcu.externaltools.gnu-tools-for-stm32.9-2020-q2-update.linux64_2.0.0.202105311346/tools/bin/../lib/gcc/arm-none-eabi/9.3.1/../../../../arm-none-eabi/lib/thumb/v7e-m+fp/hard/crt0.o (__libc_init_array)
/opt/st/stm32cubeide_1.7.0/plugins/com.st.stm32cube.ide.mcu.externaltools.gnu-tools-for-stm32.9-2020-q2-update.linux64_2.0.0.202105311346/tools/bin/../lib/gcc/arm-none-eabi/9.3.1/../../../../arm-none-eabi/lib/thumb/v7e-m+fp/hard/libc_nano.a(lib_a-memset.o)
                              /opt/st/stm32cubeide_1.7.0/plugins/com.st.stm32cube.ide.mcu.externaltools.gnu-tools-for-stm32.9-2020-q2-update.linux64_2.0.0.202105311346/tools/bin/../lib/gcc/arm-none-eabi/9.3.1/../../../../arm-none-eabi/lib/thumb/v7e-m+fp/hard/crt0.o (memset)
/opt/st/stm32cubeide_1.7.0/plugins/com.st.stm32cube.ide.mcu.externaltools.gnu-tools-for-stm32.9-2020-q2-update.linux64_2.0.0.202105311346/tools/bin/../lib/gcc/arm-none-eabi/9.3.1/thumb/v7e-m+fp/hard/libgcc.a(_aeabi_uldivmod.o)
                              ./Drivers/STM32F4xx_HAL_Driver/Src/stm32f4xx_hal_rcc.o (__aeabi_uldivmod)
/opt/st/stm32cubeide_1.7.0/plugins/com.st.stm32cube.ide.mcu.externaltools.gnu-tools-for-stm32.9-2020-q2-update.linux64_2.0.0.202105311346/tools/bin/../lib/gcc/arm-none-eabi/9.3.1/thumb/v7e-m+fp/hard/libgcc.a(_udivmoddi4.o)
                              /opt/st/stm32cubeide_1.7.0/plugins/com.st.stm32cube.ide.mcu.externaltools.gnu-tools-for-stm32.9-2020-q2-update.linux64_2.0.0.202105311346/tools/bin/../lib/gcc/arm-none-eabi/9.3.1/thumb/v7e-m+fp/hard/libgcc.a(_aeabi_uldivmod.o) (__udivmoddi4)
/opt/st/stm32cubeide_1.7.0/plugins/com.st.stm32cube.ide.mcu.externaltools.gnu-tools-for-stm32.9-2020-q2-update.linux64_2.0.0.202105311346/tools/bin/../lib/gcc/arm-none-eabi/9.3.1/thumb/v7e-m+fp/hard/libgcc.a(_dvmd_tls.o)
                              /opt/st/stm32cubeide_1.7.0/plugins/com.st.stm32cube.ide.mcu.externaltools.gnu-tools-for-stm32.9-2020-q2-update.linux64_2.0.0.202105311346/tools/bin/../lib/gcc/arm-none-eabi/9.3.1/thumb/v7e-m+fp/hard/libgcc.a(_aeabi_uldivmod.o) (__aeabi_ldiv0)

Allocating common symbols
Common symbol       size              file

hdma_uart4_rx       0x60              ./Core/Src/usart.o
serial_buf          0x32              ./Core/Src/main.o
uwTick              0x4               ./Drivers/STM32F4xx_HAL_Driver/Src/stm32f4xx_hal.o
pFlash              0x20              ./Drivers/STM32F4xx_HAL_Driver/Src/stm32f4xx_hal_flash.o
frame_size          0x1               ./Core/Src/main.o
serial_buf_channels
                    0x19              ./Core/Src/main.o
channels            0x20              ./Core/Src/main.o
huart4              0x44              ./Core/Src/usart.o
serial_ptr          0x1               ./Core/Src/main.o
serial_byte         0x1               ./Core/Src/main.o
hdma_uart4_tx       0x60              ./Core/Src/usart.o

Discarded input sections

 .text          0x0000000000000000        0x0 /opt/st/stm32cubeide_1.7.0/plugins/com.st.stm32cube.ide.mcu.externaltools.gnu-tools-for-stm32.9-2020-q2-update.linux64_2.0.0.202105311346/tools/bin/../lib/gcc/arm-none-eabi/9.3.1/thumb/v7e-m+fp/hard/crti.o
[...]
Memory Configuration

Name             Origin             Length             Attributes
CCMRAM           0x0000000010000000 0x0000000000010000 xrw
RAM              0x0000000020000000 0x0000000000020000 xrw
FLASH            0x0000000008000000 0x0000000000100000 xr
*default*        0x0000000000000000 0xffffffffffffffff

Linker script and memory map

LOAD /opt/st/stm32cubeide_1.7.0/plugins/com.st.stm32cube.ide.mcu.externaltools.gnu-tools-for-stm32.9-2020-q2-update.linux64_2.0.0.202105311346/tools/bin/../lib/gcc/arm-none-eabi/9.3.1/thumb/v7e-m+fp/hard/crti.o
LOAD /opt/st/stm32cubeide_1.7.0/plugins/com.st.stm32cube.ide.mcu.externaltools.gnu-tools-for-stm32.9-2020-q2-update.linux64_2.0.0.202105311346/tools/bin/../lib/gcc/arm-none-eabi/9.3.1/thumb/v7e-m+fp/hard/crtbegin.o
LOAD /opt/st/stm32cubeide_1.7.0/plugins/com.st.stm32cube.ide.mcu.externaltools.gnu-tools-for-stm32.9-2020-q2-update.linux64_2.0.0.202105311346/tools/bin/../lib/gcc/arm-none-eabi/9.3.1/../../../../arm-none-eabi/lib/thumb/v7e-m+fp/hard/crt0.o
LOAD ./Core/Src/dma.o
LOAD ./Core/Src/gpio.o
LOAD ./Core/Src/main.o
LOAD ./Core/Src/stm32f4xx_hal_msp.o
LOAD ./Core/Src/stm32f4xx_it.o
LOAD ./Core/Src/syscalls.o
LOAD ./Core/Src/sysmem.o
LOAD ./Core/Src/system_stm32f4xx.o
LOAD ./Core/Src/usart.o
LOAD ./Core/Startup/startup_stm32f405rgtx.o
LOAD ./Drivers/STM32F4xx_HAL_Driver/Src/stm32f4xx_hal.o
LOAD ./Drivers/STM32F4xx_HAL_Driver/Src/stm32f4xx_hal_cortex.o
LOAD ./Drivers/STM32F4xx_HAL_Driver/Src/stm32f4xx_hal_dma.o
LOAD ./Drivers/STM32F4xx_HAL_Driver/Src/stm32f4xx_hal_dma_ex.o
LOAD ./Drivers/STM32F4xx_HAL_Driver/Src/stm32f4xx_hal_exti.o
LOAD ./Drivers/STM32F4xx_HAL_Driver/Src/stm32f4xx_hal_flash.o
LOAD ./Drivers/STM32F4xx_HAL_Driver/Src/stm32f4xx_hal_flash_ex.o
LOAD ./Drivers/STM32F4xx_HAL_Driver/Src/stm32f4xx_hal_flash_ramfunc.o
LOAD ./Drivers/STM32F4xx_HAL_Driver/Src/stm32f4xx_hal_gpio.o
LOAD ./Drivers/STM32F4xx_HAL_Driver/Src/stm32f4xx_hal_pwr.o
LOAD ./Drivers/STM32F4xx_HAL_Driver/Src/stm32f4xx_hal_pwr_ex.o
LOAD ./Drivers/STM32F4xx_HAL_Driver/Src/stm32f4xx_hal_rcc.o
LOAD ./Drivers/STM32F4xx_HAL_Driver/Src/stm32f4xx_hal_rcc_ex.o
LOAD ./Drivers/STM32F4xx_HAL_Driver/Src/stm32f4xx_hal_tim.o
LOAD ./Drivers/STM32F4xx_HAL_Driver/Src/stm32f4xx_hal_tim_ex.o
LOAD ./Drivers/STM32F4xx_HAL_Driver/Src/stm32f4xx_hal_uart.o
START GROUP
LOAD /opt/st/stm32cubeide_1.7.0/plugins/com.st.stm32cube.ide.mcu.externaltools.gnu-tools-for-stm32.9-2020-q2-update.linux64_2.0.0.202105311346/tools/bin/../lib/gcc/arm-none-eabi/9.3.1/../../../../arm-none-eabi/lib/thumb/v7e-m+fp/hard/libc_nano.a
LOAD /opt/st/stm32cubeide_1.7.0/plugins/com.st.stm32cube.ide.mcu.externaltools.gnu-tools-for-stm32.9-2020-q2-update.linux64_2.0.0.202105311346/tools/bin/../lib/gcc/arm-none-eabi/9.3.1/../../../../arm-none-eabi/lib/thumb/v7e-m+fp/hard/libm.a
END GROUP
START GROUP
LOAD /opt/st/stm32cubeide_1.7.0/plugins/com.st.stm32cube.ide.mcu.externaltools.gnu-tools-for-stm32.9-2020-q2-update.linux64_2.0.0.202105311346/tools/bin/../lib/gcc/arm-none-eabi/9.3.1/thumb/v7e-m+fp/hard/libgcc.a
LOAD /opt/st/stm32cubeide_1.7.0/plugins/com.st.stm32cube.ide.mcu.externaltools.gnu-tools-for-stm32.9-2020-q2-update.linux64_2.0.0.202105311346/tools/bin/../lib/gcc/arm-none-eabi/9.3.1/../../../../arm-none-eabi/lib/thumb/v7e-m+fp/hard/libc_nano.a
END GROUP
START GROUP
LOAD /opt/st/stm32cubeide_1.7.0/plugins/com.st.stm32cube.ide.mcu.externaltools.gnu-tools-for-stm32.9-2020-q2-update.linux64_2.0.0.202105311346/tools/bin/../lib/gcc/arm-none-eabi/9.3.1/thumb/v7e-m+fp/hard/libgcc.a
LOAD /opt/st/stm32cubeide_1.7.0/plugins/com.st.stm32cube.ide.mcu.externaltools.gnu-tools-for-stm32.9-2020-q2-update.linux64_2.0.0.202105311346/tools/bin/../lib/gcc/arm-none-eabi/9.3.1/../../../../arm-none-eabi/lib/thumb/v7e-m+fp/hard/libc_nano.a
LOAD /opt/st/stm32cubeide_1.7.0/plugins/com.st.stm32cube.ide.mcu.externaltools.gnu-tools-for-stm32.9-2020-q2-update.linux64_2.0.0.202105311346/tools/bin/../lib/gcc/arm-none-eabi/9.3.1/../../../../arm-none-eabi/lib/thumb/v7e-m+fp/hard/libnosys.a
END GROUP
START GROUP
LOAD /opt/st/stm32cubeide_1.7.0/plugins/com.st.stm32cube.ide.mcu.externaltools.gnu-tools-for-stm32.9-2020-q2-update.linux64_2.0.0.202105311346/tools/bin/../lib/gcc/arm-none-eabi/9.3.1/thumb/v7e-m+fp/hard/libgcc.a
LOAD /opt/st/stm32cubeide_1.7.0/plugins/com.st.stm32cube.ide.mcu.externaltools.gnu-tools-for-stm32.9-2020-q2-update.linux64_2.0.0.202105311346/tools/bin/../lib/gcc/arm-none-eabi/9.3.1/../../../../arm-none-eabi/lib/thumb/v7e-m+fp/hard/libc_nano.a
LOAD /opt/st/stm32cubeide_1.7.0/plugins/com.st.stm32cube.ide.mcu.externaltools.gnu-tools-for-stm32.9-2020-q2-update.linux64_2.0.0.202105311346/tools/bin/../lib/gcc/arm-none-eabi/9.3.1/../../../../arm-none-eabi/lib/thumb/v7e-m+fp/hard/libnosys.a
END GROUP
LOAD /opt/st/stm32cubeide_1.7.0/plugins/com.st.stm32cube.ide.mcu.externaltools.gnu-tools-for-stm32.9-2020-q2-update.linux64_2.0.0.202105311346/tools/bin/../lib/gcc/arm-none-eabi/9.3.1/thumb/v7e-m+fp/hard/crtend.o
LOAD /opt/st/stm32cubeide_1.7.0/plugins/com.st.stm32cube.ide.mcu.externaltools.gnu-tools-for-stm32.9-2020-q2-update.linux64_2.0.0.202105311346/tools/bin/../lib/gcc/arm-none-eabi/9.3.1/thumb/v7e-m+fp/hard/crtn.o
                0x0000000020020000                _estack = (ORIGIN (RAM) + LENGTH (RAM))
                0x0000000000000200                _Min_Heap_Size = 0x200
                0x0000000000000400                _Min_Stack_Size = 0x400

.isr_vector     0x0000000008000000      0x188
                0x0000000008000000                . = ALIGN (0x4)
 *(.isr_vector)
 .isr_vector    0x0000000008000000      0x188 ./Core/Startup/startup_stm32f405rgtx.o
                0x0000000008000000                g_pfnVectors
                0x0000000008000188                . = ALIGN (0x4)

.text           0x0000000008000188     0x33a0
                0x0000000008000188                . = ALIGN (0x4)
 *(.text)
 .text          0x0000000008000188       0x40 /opt/st/stm32cubeide_1.7.0/plugins/com.st.stm32cube.ide.mcu.externaltools.gnu-tools-for-stm32.9-2020-q2-update.linux64_2.0.0.202105311346/tools/bin/../lib/gcc/arm-none-eabi/9.3.1/thumb/v7e-m+fp/hard/crtbegin.o
 .text          0x00000000080001c8       0x30 /opt/st/stm32cubeide_1.7.0/plugins/com.st.stm32cube.ide.mcu.externaltools.gnu-tools-for-stm32.9-2020-q2-update.linux64_2.0.0.202105311346/tools/bin/../lib/gcc/arm-none-eabi/9.3.1/thumb/v7e-m+fp/hard/libgcc.a(_aeabi_uldivmod.o)
                0x00000000080001c8                __aeabi_uldivmod
 .text          0x00000000080001f8      0x2c4 /opt/st/stm32cubeide_1.7.0/plugins/com.st.stm32cube.ide.mcu.externaltools.gnu-tools-for-stm32.9-2020-q2-update.linux64_2.0.0.202105311346/tools/bin/../lib/gcc/arm-none-eabi/9.3.1/thumb/v7e-m+fp/hard/libgcc.a(_udivmoddi4.o)
                0x00000000080001f8                __udivmoddi4
 .text          0x00000000080004bc        0x4 /opt/st/stm32cubeide_1.7.0/plugins/com.st.stm32cube.ide.mcu.externaltools.gnu-tools-for-stm32.9-2020-q2-update.linux64_2.0.0.202105311346/tools/bin/../lib/gcc/arm-none-eabi/9.3.1/thumb/v7e-m+fp/hard/libgcc.a(_dvmd_tls.o)
                0x00000000080004bc                __aeabi_ldiv0
                0x00000000080004bc                __aeabi_idiv0
 *(.text*)
 .text.MX_DMA_Init
                0x00000000080004c0       0x50 ./Core/Src/dma.o
                0x00000000080004c0                MX_DMA_Init
 .text.MX_GPIO_Init
                0x0000000008000510       0x50 ./Core/Src/gpio.o
                0x0000000008000510                MX_GPIO_Init
 .text.main     0x0000000008000560       0x2c ./Core/Src/main.o
                0x0000000008000560                main
 .text.SystemClock_Config
                0x000000000800058c       0xd4 ./Core/Src/main.o
                0x000000000800058c                SystemClock_Config
 .text.HAL_UART_RxCpltCallback
                0x0000000008000660      0x364 ./Core/Src/main.o
                0x0000000008000660                HAL_UART_RxCpltCallback
 .text.Error_Handler
                0x00000000080009c4        0xa ./Core/Src/main.o
                0x00000000080009c4                Error_Handler
 *fill*         0x00000000080009ce        0x2 
 .text.HAL_MspInit
                0x00000000080009d0       0x50 ./Core/Src/stm32f4xx_hal_msp.o
                0x00000000080009d0                HAL_MspInit
 .text.NMI_Handler
                0x0000000008000a20        0x6 ./Core/Src/stm32f4xx_it.o
                0x0000000008000a20                NMI_Handler
 .text.HardFault_Handler
                0x0000000008000a26        0x6 ./Core/Src/stm32f4xx_it.o
                0x0000000008000a26                HardFault_Handler
 .text.MemManage_Handler
                0x0000000008000a2c        0x6 ./Core/Src/stm32f4xx_it.o
                0x0000000008000a2c                MemManage_Handler
 .text.BusFault_Handler
                0x0000000008000a32        0x6 ./Core/Src/stm32f4xx_it.o
                0x0000000008000a32                BusFault_Handler
 .text.UsageFault_Handler
                0x0000000008000a38        0x6 ./Core/Src/stm32f4xx_it.o
                0x0000000008000a38                UsageFault_Handler
 .text.SVC_Handler
                0x0000000008000a3e        0xe ./Core/Src/stm32f4xx_it.o
                0x0000000008000a3e                SVC_Handler
 .text.DebugMon_Handler
                0x0000000008000a4c        0xe ./Core/Src/stm32f4xx_it.o
                0x0000000008000a4c                DebugMon_Handler
 .text.PendSV_Handler
                0x0000000008000a5a        0xe ./Core/Src/stm32f4xx_it.o
                0x0000000008000a5a                PendSV_Handler
 .text.SysTick_Handler
                0x0000000008000a68        0xc ./Core/Src/stm32f4xx_it.o
                0x0000000008000a68                SysTick_Handler
 .text.DMA1_Stream2_IRQHandler
                0x0000000008000a74       0x14 ./Core/Src/stm32f4xx_it.o
                0x0000000008000a74                DMA1_Stream2_IRQHandler
 .text.DMA1_Stream4_IRQHandler
                0x0000000008000a88       0x14 ./Core/Src/stm32f4xx_it.o
                0x0000000008000a88                DMA1_Stream4_IRQHandler
 .text.UART4_IRQHandler
                0x0000000008000a9c       0x14 ./Core/Src/stm32f4xx_it.o
                0x0000000008000a9c                UART4_IRQHandler
 .text.SystemInit
                0x0000000008000ab0       0x24 ./Core/Src/system_stm32f4xx.o
                0x0000000008000ab0                SystemInit
 .text.MX_UART4_Init
                0x0000000008000ad4       0x54 ./Core/Src/usart.o
                0x0000000008000ad4                MX_UART4_Init
 .text.HAL_UART_MspInit
                0x0000000008000b28      0x16c ./Core/Src/usart.o
                0x0000000008000b28                HAL_UART_MspInit
 .text.Reset_Handler
                0x0000000008000c94       0x50 ./Core/Startup/startup_stm32f405rgtx.o
                0x0000000008000c94                Reset_Handler
 .text.Default_Handler
                0x0000000008000ce4        0x2 ./Core/Startup/startup_stm32f405rgtx.o
                0x0000000008000ce4                RTC_Alarm_IRQHandler
                0x0000000008000ce4                HASH_RNG_IRQHandler
                0x0000000008000ce4                EXTI2_IRQHandler
                0x0000000008000ce4                TIM8_CC_IRQHandler
                0x0000000008000ce4                TIM1_CC_IRQHandler
                0x0000000008000ce4                DMA2_Stream5_IRQHandler
                0x0000000008000ce4                DMA1_Stream5_IRQHandler
                0x0000000008000ce4                PVD_IRQHandler
                0x0000000008000ce4                SDIO_IRQHandler
                0x0000000008000ce4                TAMP_STAMP_IRQHandler
                0x0000000008000ce4                CAN2_RX1_IRQHandler
                0x0000000008000ce4                EXTI3_IRQHandler
                0x0000000008000ce4                TIM8_TRG_COM_TIM14_IRQHandler
                0x0000000008000ce4                TIM1_UP_TIM10_IRQHandler
                0x0000000008000ce4                TIM8_UP_TIM13_IRQHandler
                0x0000000008000ce4                I2C3_ER_IRQHandler
                0x0000000008000ce4                EXTI0_IRQHandler
                0x0000000008000ce4                I2C2_EV_IRQHandler
                0x0000000008000ce4                CAN1_RX0_IRQHandler
                0x0000000008000ce4                FPU_IRQHandler
                0x0000000008000ce4                OTG_HS_WKUP_IRQHandler
                0x0000000008000ce4                CAN2_SCE_IRQHandler
                0x0000000008000ce4                DMA2_Stream2_IRQHandler
                0x0000000008000ce4                SPI1_IRQHandler
                0x0000000008000ce4                TIM6_DAC_IRQHandler
                0x0000000008000ce4                TIM1_BRK_TIM9_IRQHandler
                0x0000000008000ce4                CAN2_RX0_IRQHandler
                0x0000000008000ce4                DMA2_Stream3_IRQHandler
                0x0000000008000ce4                USART6_IRQHandler
                0x0000000008000ce4                USART3_IRQHandler
                0x0000000008000ce4                CAN1_RX1_IRQHandler
                0x0000000008000ce4                UART5_IRQHandler
                0x0000000008000ce4                DMA2_Stream0_IRQHandler
                0x0000000008000ce4                TIM4_IRQHandler
                0x0000000008000ce4                I2C1_EV_IRQHandler
                0x0000000008000ce4                DMA1_Stream6_IRQHandler
                0x0000000008000ce4                DMA1_Stream1_IRQHandler
                0x0000000008000ce4                TIM3_IRQHandler
                0x0000000008000ce4                RCC_IRQHandler
                0x0000000008000ce4                TIM8_BRK_TIM12_IRQHandler
                0x0000000008000ce4                Default_Handler
                0x0000000008000ce4                EXTI15_10_IRQHandler
                0x0000000008000ce4                ADC_IRQHandler
                0x0000000008000ce4                DMA1_Stream7_IRQHandler
                0x0000000008000ce4                TIM7_IRQHandler
                0x0000000008000ce4                CAN2_TX_IRQHandler
                0x0000000008000ce4                TIM5_IRQHandler
                0x0000000008000ce4                DMA2_Stream7_IRQHandler
                0x0000000008000ce4                I2C3_EV_IRQHandler
                0x0000000008000ce4                EXTI9_5_IRQHandler
                0x0000000008000ce4                RTC_WKUP_IRQHandler
                0x0000000008000ce4                SPI2_IRQHandler
                0x0000000008000ce4                OTG_HS_EP1_IN_IRQHandler
                0x0000000008000ce4                DMA1_Stream0_IRQHandler
                0x0000000008000ce4                CAN1_TX_IRQHandler
                0x0000000008000ce4                EXTI4_IRQHandler
                0x0000000008000ce4                FSMC_IRQHandler
                0x0000000008000ce4                OTG_HS_EP1_OUT_IRQHandler
                0x0000000008000ce4                WWDG_IRQHandler
                0x0000000008000ce4                TIM2_IRQHandler
                0x0000000008000ce4                OTG_FS_WKUP_IRQHandler
                0x0000000008000ce4                TIM1_TRG_COM_TIM11_IRQHandler
                0x0000000008000ce4                OTG_HS_IRQHandler
                0x0000000008000ce4                EXTI1_IRQHandler
                0x0000000008000ce4                USART2_IRQHandler
                0x0000000008000ce4                I2C2_ER_IRQHandler
                0x0000000008000ce4                DMA2_Stream1_IRQHandler
                0x0000000008000ce4                CAN1_SCE_IRQHandler
                0x0000000008000ce4                FLASH_IRQHandler
                0x0000000008000ce4                DMA2_Stream4_IRQHandler
                0x0000000008000ce4                USART1_IRQHandler
                0x0000000008000ce4                OTG_FS_IRQHandler
                0x0000000008000ce4                SPI3_IRQHandler
                0x0000000008000ce4                I2C1_ER_IRQHandler
                0x0000000008000ce4                DMA2_Stream6_IRQHandler
                0x0000000008000ce4                DMA1_Stream3_IRQHandler
 *fill*         0x0000000008000ce6        0x2 
 .text.HAL_Init
                0x0000000008000ce8       0x44 ./Drivers/STM32F4xx_HAL_Driver/Src/stm32f4xx_hal.o
                0x0000000008000ce8                HAL_Init
 .text.HAL_InitTick
                0x0000000008000d2c       0x60 ./Drivers/STM32F4xx_HAL_Driver/Src/stm32f4xx_hal.o
                0x0000000008000d2c                HAL_InitTick
 .text.HAL_IncTick
                0x0000000008000d8c       0x28 ./Drivers/STM32F4xx_HAL_Driver/Src/stm32f4xx_hal.o
                0x0000000008000d8c                HAL_IncTick
 .text.HAL_GetTick
                0x0000000008000db4       0x18 ./Drivers/STM32F4xx_HAL_Driver/Src/stm32f4xx_hal.o
                0x0000000008000db4                HAL_GetTick
 .text.__NVIC_SetPriorityGrouping
                0x0000000008000dcc       0x48 ./Drivers/STM32F4xx_HAL_Driver/Src/stm32f4xx_hal_cortex.o
 .text.__NVIC_GetPriorityGrouping
                0x0000000008000e14       0x1c ./Drivers/STM32F4xx_HAL_Driver/Src/stm32f4xx_hal_cortex.o
 .text.__NVIC_EnableIRQ
                0x0000000008000e30       0x3c ./Drivers/STM32F4xx_HAL_Driver/Src/stm32f4xx_hal_cortex.o
 .text.__NVIC_SetPriority
                0x0000000008000e6c       0x54 ./Drivers/STM32F4xx_HAL_Driver/Src/stm32f4xx_hal_cortex.o
 .text.NVIC_EncodePriority
                0x0000000008000ec0       0x66 ./Drivers/STM32F4xx_HAL_Driver/Src/stm32f4xx_hal_cortex.o
 *fill*         0x0000000008000f26        0x2 
 .text.SysTick_Config
                0x0000000008000f28       0x44 ./Drivers/STM32F4xx_HAL_Driver/Src/stm32f4xx_hal_cortex.o
 .text.HAL_NVIC_SetPriorityGrouping
                0x0000000008000f6c       0x16 ./Drivers/STM32F4xx_HAL_Driver/Src/stm32f4xx_hal_cortex.o
                0x0000000008000f6c                HAL_NVIC_SetPriorityGrouping
 .text.HAL_NVIC_SetPriority
                0x0000000008000f82       0x38 ./Drivers/STM32F4xx_HAL_Driver/Src/stm32f4xx_hal_cortex.o
                0x0000000008000f82                HAL_NVIC_SetPriority
 .text.HAL_NVIC_EnableIRQ
                0x0000000008000fba       0x1c ./Drivers/STM32F4xx_HAL_Driver/Src/stm32f4xx_hal_cortex.o
                0x0000000008000fba                HAL_NVIC_EnableIRQ
 .text.HAL_SYSTICK_Config
                0x0000000008000fd6       0x18 ./Drivers/STM32F4xx_HAL_Driver/Src/stm32f4xx_hal_cortex.o
                0x0000000008000fd6                HAL_SYSTICK_Config
 *fill*         0x0000000008000fee        0x2 
 .text.HAL_DMA_Init
                0x0000000008000ff0      0x15c ./Drivers/STM32F4xx_HAL_Driver/Src/stm32f4xx_hal_dma.o
                0x0000000008000ff0                HAL_DMA_Init
 .text.HAL_DMA_Start_IT
                0x000000000800114c       0xb0 ./Drivers/STM32F4xx_HAL_Driver/Src/stm32f4xx_hal_dma.o
                0x000000000800114c                HAL_DMA_Start_IT
 .text.HAL_DMA_Abort
                0x00000000080011fc       0xe0 ./Drivers/STM32F4xx_HAL_Driver/Src/stm32f4xx_hal_dma.o
                0x00000000080011fc                HAL_DMA_Abort
 .text.HAL_DMA_Abort_IT
                0x00000000080012dc       0x44 ./Drivers/STM32F4xx_HAL_Driver/Src/stm32f4xx_hal_dma.o
                0x00000000080012dc                HAL_DMA_Abort_IT
 .text.HAL_DMA_IRQHandler
                0x0000000008001320      0x314 ./Drivers/STM32F4xx_HAL_Driver/Src/stm32f4xx_hal_dma.o
                0x0000000008001320                HAL_DMA_IRQHandler
 .text.DMA_SetConfig
                0x0000000008001634       0x5c ./Drivers/STM32F4xx_HAL_Driver/Src/stm32f4xx_hal_dma.o
 .text.DMA_CalcBaseAndBitshift
                0x0000000008001690       0x6c ./Drivers/STM32F4xx_HAL_Driver/Src/stm32f4xx_hal_dma.o
 .text.DMA_CheckFifoParam
                0x00000000080016fc       0xf8 ./Drivers/STM32F4xx_HAL_Driver/Src/stm32f4xx_hal_dma.o
 .text.HAL_GPIO_Init
                0x00000000080017f4      0x338 ./Drivers/STM32F4xx_HAL_Driver/Src/stm32f4xx_hal_gpio.o
                0x00000000080017f4                HAL_GPIO_Init
 .text.HAL_RCC_OscConfig
                0x0000000008001b2c      0x4f0 ./Drivers/STM32F4xx_HAL_Driver/Src/stm32f4xx_hal_rcc.o
                0x0000000008001b2c                HAL_RCC_OscConfig
 .text.HAL_RCC_ClockConfig
                0x000000000800201c      0x1cc ./Drivers/STM32F4xx_HAL_Driver/Src/stm32f4xx_hal_rcc.o
                0x000000000800201c                HAL_RCC_ClockConfig
 .text.HAL_RCC_GetSysClockFreq
                0x00000000080021e8      0x1c4 ./Drivers/STM32F4xx_HAL_Driver/Src/stm32f4xx_hal_rcc.o
                0x00000000080021e8                HAL_RCC_GetSysClockFreq
 .text.HAL_RCC_GetHCLKFreq
                0x00000000080023ac       0x18 ./Drivers/STM32F4xx_HAL_Driver/Src/stm32f4xx_hal_rcc.o
                0x00000000080023ac                HAL_RCC_GetHCLKFreq
 .text.HAL_RCC_GetPCLK1Freq
                0x00000000080023c4       0x28 ./Drivers/STM32F4xx_HAL_Driver/Src/stm32f4xx_hal_rcc.o
                0x00000000080023c4                HAL_RCC_GetPCLK1Freq
 .text.HAL_RCC_GetPCLK2Freq
                0x00000000080023ec       0x28 ./Drivers/STM32F4xx_HAL_Driver/Src/stm32f4xx_hal_rcc.o
                0x00000000080023ec                HAL_RCC_GetPCLK2Freq
 .text.HAL_UART_Init
                0x0000000008002414       0x9a ./Drivers/STM32F4xx_HAL_Driver/Src/stm32f4xx_hal_uart.o
                0x0000000008002414                HAL_UART_Init
 .text.HAL_UART_Receive_DMA
                0x00000000080024ae       0x60 ./Drivers/STM32F4xx_HAL_Driver/Src/stm32f4xx_hal_uart.o
                0x00000000080024ae                HAL_UART_Receive_DMA
 *fill*         0x000000000800250e        0x2 
 .text.HAL_UART_IRQHandler
                0x0000000008002510      0x51c ./Drivers/STM32F4xx_HAL_Driver/Src/stm32f4xx_hal_uart.o
                0x0000000008002510                HAL_UART_IRQHandler
 .text.HAL_UART_TxCpltCallback
                0x0000000008002a2c       0x14 ./Drivers/STM32F4xx_HAL_Driver/Src/stm32f4xx_hal_uart.o
                0x0000000008002a2c                HAL_UART_TxCpltCallback
 .text.HAL_UART_RxHalfCpltCallback
                0x0000000008002a40       0x14 ./Drivers/STM32F4xx_HAL_Driver/Src/stm32f4xx_hal_uart.o
                0x0000000008002a40                HAL_UART_RxHalfCpltCallback
 .text.HAL_UART_ErrorCallback
                0x0000000008002a54       0x14 ./Drivers/STM32F4xx_HAL_Driver/Src/stm32f4xx_hal_uart.o
                0x0000000008002a54                HAL_UART_ErrorCallback
 .text.HAL_UARTEx_RxEventCallback
                0x0000000008002a68       0x18 ./Drivers/STM32F4xx_HAL_Driver/Src/stm32f4xx_hal_uart.o
                0x0000000008002a68                HAL_UARTEx_RxEventCallback
 .text.UART_DMAReceiveCplt
                0x0000000008002a80      0x126 ./Drivers/STM32F4xx_HAL_Driver/Src/stm32f4xx_hal_uart.o
 .text.UART_DMARxHalfCplt
                0x0000000008002ba6       0x36 ./Drivers/STM32F4xx_HAL_Driver/Src/stm32f4xx_hal_uart.o
 .text.UART_DMAError
                0x0000000008002bdc       0x94 ./Drivers/STM32F4xx_HAL_Driver/Src/stm32f4xx_hal_uart.o
 .text.UART_Start_Receive_DMA
                0x0000000008002c70      0x134 ./Drivers/STM32F4xx_HAL_Driver/Src/stm32f4xx_hal_uart.o
                0x0000000008002c70                UART_Start_Receive_DMA
 .text.UART_EndTxTransfer
                0x0000000008002da4       0x50 ./Drivers/STM32F4xx_HAL_Driver/Src/stm32f4xx_hal_uart.o
 .text.UART_EndRxTransfer
                0x0000000008002df4       0xc6 ./Drivers/STM32F4xx_HAL_Driver/Src/stm32f4xx_hal_uart.o
 .text.UART_DMAAbortOnError
                0x0000000008002eba       0x28 ./Drivers/STM32F4xx_HAL_Driver/Src/stm32f4xx_hal_uart.o
 .text.UART_Transmit_IT
                0x0000000008002ee2       0xa0 ./Drivers/STM32F4xx_HAL_Driver/Src/stm32f4xx_hal_uart.o
 .text.UART_EndTransmit_IT
                0x0000000008002f82       0x30 ./Drivers/STM32F4xx_HAL_Driver/Src/stm32f4xx_hal_uart.o
 .text.UART_Receive_IT
                0x0000000008002fb2      0x176 ./Drivers/STM32F4xx_HAL_Driver/Src/stm32f4xx_hal_uart.o
 .text.UART_SetConfig
                0x0000000008003128      0x390 ./Drivers/STM32F4xx_HAL_Driver/Src/stm32f4xx_hal_uart.o
 .text.__libc_init_array
                0x00000000080034b8       0x48 /opt/st/stm32cubeide_1.7.0/plugins/com.st.stm32cube.ide.mcu.externaltools.gnu-tools-for-stm32.9-2020-q2-update.linux64_2.0.0.202105311346/tools/bin/../lib/gcc/arm-none-eabi/9.3.1/../../../../arm-none-eabi/lib/thumb/v7e-m+fp/hard/libc_nano.a(lib_a-init.o)
                0x00000000080034b8                __libc_init_array
 .text.memset   0x0000000008003500       0x10 /opt/st/stm32cubeide_1.7.0/plugins/com.st.stm32cube.ide.mcu.externaltools.gnu-tools-for-stm32.9-2020-q2-update.linux64_2.0.0.202105311346/tools/bin/../lib/gcc/arm-none-eabi/9.3.1/../../../../arm-none-eabi/lib/thumb/v7e-m+fp/hard/libc_nano.a(lib_a-memset.o)
                0x0000000008003500                memset
 *(.glue_7)
 .glue_7        0x0000000008003510        0x0 linker stubs
 *(.glue_7t)
 .glue_7t       0x0000000008003510        0x0 linker stubs
 *(.eh_frame)
 .eh_frame      0x0000000008003510        0x0 /opt/st/stm32cubeide_1.7.0/plugins/com.st.stm32cube.ide.mcu.externaltools.gnu-tools-for-stm32.9-2020-q2-update.linux64_2.0.0.202105311346/tools/bin/../lib/gcc/arm-none-eabi/9.3.1/thumb/v7e-m+fp/hard/crtbegin.o
 *(.init)
 .init          0x0000000008003510        0x4 /opt/st/stm32cubeide_1.7.0/plugins/com.st.stm32cube.ide.mcu.externaltools.gnu-tools-for-stm32.9-2020-q2-update.linux64_2.0.0.202105311346/tools/bin/../lib/gcc/arm-none-eabi/9.3.1/thumb/v7e-m+fp/hard/crti.o
                0x0000000008003510                _init
 .init          0x0000000008003514        0x8 /opt/st/stm32cubeide_1.7.0/plugins/com.st.stm32cube.ide.mcu.externaltools.gnu-tools-for-stm32.9-2020-q2-update.linux64_2.0.0.202105311346/tools/bin/../lib/gcc/arm-none-eabi/9.3.1/thumb/v7e-m+fp/hard/crtn.o
 *(.fini)
 .fini          0x000000000800351c        0x4 /opt/st/stm32cubeide_1.7.0/plugins/com.st.stm32cube.ide.mcu.externaltools.gnu-tools-for-stm32.9-2020-q2-update.linux64_2.0.0.202105311346/tools/bin/../lib/gcc/arm-none-eabi/9.3.1/thumb/v7e-m+fp/hard/crti.o
                0x000000000800351c                _fini
 .fini          0x0000000008003520        0x8 /opt/st/stm32cubeide_1.7.0/plugins/com.st.stm32cube.ide.mcu.externaltools.gnu-tools-for-stm32.9-2020-q2-update.linux64_2.0.0.202105311346/tools/bin/../lib/gcc/arm-none-eabi/9.3.1/thumb/v7e-m+fp/hard/crtn.o
                0x0000000008003528                . = ALIGN (0x4)
                0x0000000008003528                _etext = .

.vfp11_veneer   0x0000000008003528        0x0
 .vfp11_veneer  0x0000000008003528        0x0 linker stubs

.v4_bx          0x0000000008003528        0x0
 .v4_bx         0x0000000008003528        0x0 linker stubs

.iplt           0x0000000008003528        0x0
 .iplt          0x0000000008003528        0x0 /opt/st/stm32cubeide_1.7.0/plugins/com.st.stm32cube.ide.mcu.externaltools.gnu-tools-for-stm32.9-2020-q2-update.linux64_2.0.0.202105311346/tools/bin/../lib/gcc/arm-none-eabi/9.3.1/thumb/v7e-m+fp/hard/crtbegin.o

.rodata         0x0000000008003528       0x20
                0x0000000008003528                . = ALIGN (0x4)
 *(.rodata)
 *(.rodata*)
 .rodata.AHBPrescTable
                0x0000000008003528       0x10 ./Core/Src/system_stm32f4xx.o
                0x0000000008003528                AHBPrescTable
 .rodata.APBPrescTable
                0x0000000008003538        0x8 ./Core/Src/system_stm32f4xx.o
                0x0000000008003538                APBPrescTable
 .rodata.flagBitshiftOffset.7698
                0x0000000008003540        0x8 ./Drivers/STM32F4xx_HAL_Driver/Src/stm32f4xx_hal_dma.o
                0x0000000008003548                . = ALIGN (0x4)

.ARM.extab      0x0000000008003548        0x0
                0x0000000008003548                . = ALIGN (0x4)
 *(.ARM.extab* .gnu.linkonce.armextab.*)
                0x0000000008003548                . = ALIGN (0x4)

.ARM            0x0000000008003548        0x8
                0x0000000008003548                . = ALIGN (0x4)
                0x0000000008003548                __exidx_start = .
 *(.ARM.exidx*)
 .ARM.exidx     0x0000000008003548        0x8 /opt/st/stm32cubeide_1.7.0/plugins/com.st.stm32cube.ide.mcu.externaltools.gnu-tools-for-stm32.9-2020-q2-update.linux64_2.0.0.202105311346/tools/bin/../lib/gcc/arm-none-eabi/9.3.1/thumb/v7e-m+fp/hard/libgcc.a(_udivmoddi4.o)
                0x0000000008003550                __exidx_end = .
                0x0000000008003550                . = ALIGN (0x4)

.rel.dyn        0x0000000008003550        0x0
 .rel.iplt      0x0000000008003550        0x0 /opt/st/stm32cubeide_1.7.0/plugins/com.st.stm32cube.ide.mcu.externaltools.gnu-tools-for-stm32.9-2020-q2-update.linux64_2.0.0.202105311346/tools/bin/../lib/gcc/arm-none-eabi/9.3.1/thumb/v7e-m+fp/hard/crtbegin.o

.preinit_array  0x0000000008003550        0x0
                0x0000000008003550                . = ALIGN (0x4)
                0x0000000008003550                PROVIDE (__preinit_array_start = .)
 *(.preinit_array*)
                0x0000000008003550                PROVIDE (__preinit_array_end = .)
                0x0000000008003550                . = ALIGN (0x4)

.init_array     0x0000000008003550        0x4
                0x0000000008003550                . = ALIGN (0x4)
                0x0000000008003550                PROVIDE (__init_array_start = .)
 *(SORT_BY_NAME(.init_array.*))
 *(.init_array*)
 .init_array    0x0000000008003550        0x4 /opt/st/stm32cubeide_1.7.0/plugins/com.st.stm32cube.ide.mcu.externaltools.gnu-tools-for-stm32.9-2020-q2-update.linux64_2.0.0.202105311346/tools/bin/../lib/gcc/arm-none-eabi/9.3.1/thumb/v7e-m+fp/hard/crtbegin.o
                0x0000000008003554                PROVIDE (__init_array_end = .)
                0x0000000008003554                . = ALIGN (0x4)

.fini_array     0x0000000008003554        0x4
                0x0000000008003554                . = ALIGN (0x4)
                [!provide]                        PROVIDE (__fini_array_start = .)
 *(SORT_BY_NAME(.fini_array.*))
 *(.fini_array*)
 .fini_array    0x0000000008003554        0x4 /opt/st/stm32cubeide_1.7.0/plugins/com.st.stm32cube.ide.mcu.externaltools.gnu-tools-for-stm32.9-2020-q2-update.linux64_2.0.0.202105311346/tools/bin/../lib/gcc/arm-none-eabi/9.3.1/thumb/v7e-m+fp/hard/crtbegin.o
                [!provide]                        PROVIDE (__fini_array_end = .)
                0x0000000008003558                . = ALIGN (0x4)
                0x0000000008003558                _sidata = LOADADDR (.data)

.data           0x0000000020000000        0xc load address 0x0000000008003558
                0x0000000020000000                . = ALIGN (0x4)
                0x0000000020000000                _sdata = .
 *(.data)
 *(.data*)
 .data.SystemCoreClock
                0x0000000020000000        0x4 ./Core/Src/system_stm32f4xx.o
                0x0000000020000000                SystemCoreClock
 .data.uwTickPrio
                0x0000000020000004        0x4 ./Drivers/STM32F4xx_HAL_Driver/Src/stm32f4xx_hal.o
                0x0000000020000004                uwTickPrio
 .data.uwTickFreq
                0x0000000020000008        0x1 ./Drivers/STM32F4xx_HAL_Driver/Src/stm32f4xx_hal.o
                0x0000000020000008                uwTickFreq
 *(.RamFunc)
 *(.RamFunc*)
                0x000000002000000c                . = ALIGN (0x4)
 *fill*         0x0000000020000009        0x3 
                0x000000002000000c                _edata = .
                0x0000000008003564                _siccmram = LOADADDR (.ccmram)

.igot.plt       0x000000002000000c        0x0 load address 0x0000000008003564
 .igot.plt      0x000000002000000c        0x0 /opt/st/stm32cubeide_1.7.0/plugins/com.st.stm32cube.ide.mcu.externaltools.gnu-tools-for-stm32.9-2020-q2-update.linux64_2.0.0.202105311346/tools/bin/../lib/gcc/arm-none-eabi/9.3.1/thumb/v7e-m+fp/hard/crtbegin.o

.ccmram         0x0000000010000000        0x0 load address 0x0000000008003564
                0x0000000010000000                . = ALIGN (0x4)
                0x0000000010000000                _sccmram = .
 *(.ccmram)
 *(.ccmram*)
                0x0000000010000000                . = ALIGN (0x4)
                0x0000000010000000                _eccmram = .
                0x0000000010000000                . = ALIGN (0x4)

.bss            0x000000002000000c      0x1a0
                0x000000002000000c                _sbss = .
                0x000000002000000c                __bss_start__ = _sbss
 *(.bss)
 .bss           0x000000002000000c       0x1c /opt/st/stm32cubeide_1.7.0/plugins/com.st.stm32cube.ide.mcu.externaltools.gnu-tools-for-stm32.9-2020-q2-update.linux64_2.0.0.202105311346/tools/bin/../lib/gcc/arm-none-eabi/9.3.1/thumb/v7e-m+fp/hard/crtbegin.o
 *(.bss*)
 .bss.sync      0x0000000020000028        0x1 ./Core/Src/main.o
                0x0000000020000028                sync
 *fill*         0x0000000020000029        0x3 
 .bss.unsync_rate
                0x000000002000002c        0x4 ./Core/Src/main.o
                0x000000002000002c                unsync_rate
 *(COMMON)
 COMMON         0x0000000020000030       0x72 ./Core/Src/main.o
                0x0000000020000030                serial_buf
                0x0000000020000062                frame_size
                0x0000000020000064                serial_buf_channels
                0x0000000020000080                channels
                0x00000000200000a0                serial_ptr
                0x00000000200000a1                serial_byte
 *fill*         0x00000000200000a2        0x2 
 COMMON         0x00000000200000a4      0x104 ./Core/Src/usart.o
                0x00000000200000a4                hdma_uart4_rx
                0x0000000020000104                huart4
                0x0000000020000148                hdma_uart4_tx
 COMMON         0x00000000200001a8        0x4 ./Drivers/STM32F4xx_HAL_Driver/Src/stm32f4xx_hal.o
                0x00000000200001a8                uwTick
                0x00000000200001ac                . = ALIGN (0x4)
                0x00000000200001ac                _ebss = .
                0x00000000200001ac                __bss_end__ = _ebss

._user_heap_stack
                0x00000000200001ac      0x604
                0x00000000200001b0                . = ALIGN (0x8)
 *fill*         0x00000000200001ac        0x4 
                [!provide]                        PROVIDE (end = .)
                0x00000000200001b0                PROVIDE (_end = .)
                0x00000000200003b0                . = (. + _Min_Heap_Size)
 *fill*         0x00000000200001b0      0x200 
                0x00000000200007b0                . = (. + _Min_Stack_Size)
 *fill*         0x00000000200003b0      0x400 
                0x00000000200007b0                . = ALIGN (0x8)

/DISCARD/
 libc.a(*)
 libm.a(*)
 libgcc.a(*)

.ARM.attributes
                0x0000000000000000       0x30
 *(.ARM.attributes)
 .ARM.attributes
                0x0000000000000000       0x1e /opt/st/stm32cubeide_1.7.0/plugins/com.st.stm32cube.ide.mcu.externaltools.gnu-tools-for-stm32.9-2020-q2-update.linux64_2.0.0.202105311346/tools/bin/../lib/gcc/arm-none-eabi/9.3.1/thumb/v7e-m+fp/hard/crti.o
 .ARM.attributes
                0x000000000000001e       0x34 /opt/st/stm32cubeide_1.7.0/plugins/com.st.stm32cube.ide.mcu.externaltools.gnu-tools-for-stm32.9-2020-q2-update.linux64_2.0.0.202105311346/tools/bin/../lib/gcc/arm-none-eabi/9.3.1/thumb/v7e-m+fp/hard/crtbegin.o
 .ARM.attributes
                0x0000000000000052       0x34 ./Core/Src/dma.o
 .ARM.attributes
                0x0000000000000086       0x34 ./Core/Src/gpio.o
 .ARM.attributes
                0x00000000000000ba       0x34 ./Core/Src/main.o
 .ARM.attributes
                0x00000000000000ee       0x34 ./Core/Src/stm32f4xx_hal_msp.o
 .ARM.attributes
                0x0000000000000122       0x34 ./Core/Src/stm32f4xx_it.o
 .ARM.attributes
                0x0000000000000156       0x34 ./Core/Src/system_stm32f4xx.o
 .ARM.attributes
                0x000000000000018a       0x34 ./Core/Src/usart.o
 .ARM.attributes
                0x00000000000001be       0x21 ./Core/Startup/startup_stm32f405rgtx.o
 .ARM.attributes
                0x00000000000001df       0x34 ./Drivers/STM32F4xx_HAL_Driver/Src/stm32f4xx_hal.o
 .ARM.attributes
                0x0000000000000213       0x34 ./Drivers/STM32F4xx_HAL_Driver/Src/stm32f4xx_hal_cortex.o
 .ARM.attributes
                0x0000000000000247       0x34 ./Drivers/STM32F4xx_HAL_Driver/Src/stm32f4xx_hal_dma.o
 .ARM.attributes
                0x000000000000027b       0x34 ./Drivers/STM32F4xx_HAL_Driver/Src/stm32f4xx_hal_gpio.o
 .ARM.attributes
                0x00000000000002af       0x34 ./Drivers/STM32F4xx_HAL_Driver/Src/stm32f4xx_hal_rcc.o
 .ARM.attributes
                0x00000000000002e3       0x34 ./Drivers/STM32F4xx_HAL_Driver/Src/stm32f4xx_hal_uart.o
 .ARM.attributes
                0x0000000000000317       0x34 /opt/st/stm32cubeide_1.7.0/plugins/com.st.stm32cube.ide.mcu.externaltools.gnu-tools-for-stm32.9-2020-q2-update.linux64_2.0.0.202105311346/tools/bin/../lib/gcc/arm-none-eabi/9.3.1/../../../../arm-none-eabi/lib/thumb/v7e-m+fp/hard/libc_nano.a(lib_a-init.o)
 .ARM.attributes
                0x000000000000034b       0x34 /opt/st/stm32cubeide_1.7.0/plugins/com.st.stm32cube.ide.mcu.externaltools.gnu-tools-for-stm32.9-2020-q2-update.linux64_2.0.0.202105311346/tools/bin/../lib/gcc/arm-none-eabi/9.3.1/../../../../arm-none-eabi/lib/thumb/v7e-m+fp/hard/libc_nano.a(lib_a-memset.o)
 .ARM.attributes
                0x000000000000037f       0x1e /opt/st/stm32cubeide_1.7.0/plugins/com.st.stm32cube.ide.mcu.externaltools.gnu-tools-for-stm32.9-2020-q2-update.linux64_2.0.0.202105311346/tools/bin/../lib/gcc/arm-none-eabi/9.3.1/thumb/v7e-m+fp/hard/libgcc.a(_aeabi_uldivmod.o)
 .ARM.attributes
                0x000000000000039d       0x34 /opt/st/stm32cubeide_1.7.0/plugins/com.st.stm32cube.ide.mcu.externaltools.gnu-tools-for-stm32.9-2020-q2-update.linux64_2.0.0.202105311346/tools/bin/../lib/gcc/arm-none-eabi/9.3.1/thumb/v7e-m+fp/hard/libgcc.a(_udivmoddi4.o)
 .ARM.attributes
                0x00000000000003d1       0x1e /opt/st/stm32cubeide_1.7.0/plugins/com.st.stm32cube.ide.mcu.externaltools.gnu-tools-for-stm32.9-2020-q2-update.linux64_2.0.0.202105311346/tools/bin/../lib/gcc/arm-none-eabi/9.3.1/thumb/v7e-m+fp/hard/libgcc.a(_dvmd_tls.o)
 .ARM.attributes
                0x00000000000003ef       0x1e /opt/st/stm32cubeide_1.7.0/plugins/com.st.stm32cube.ide.mcu.externaltools.gnu-tools-for-stm32.9-2020-q2-update.linux64_2.0.0.202105311346/tools/bin/../lib/gcc/arm-none-eabi/9.3.1/thumb/v7e-m+fp/hard/crtn.o
OUTPUT(GMF.elf elf32-littlearm)
LOAD linker stubs
LOAD /opt/st/stm32cubeide_1.7.0/plugins/com.st.stm32cube.ide.mcu.externaltools.gnu-tools-for-stm32.9-2020-q2-update.linux64_2.0.0.202105311346/tools/bin/../lib/gcc/arm-none-eabi/9.3.1/../../../../arm-none-eabi/lib/thumb/v7e-m+fp/hard/libc.a
LOAD /opt/st/stm32cubeide_1.7.0/plugins/com.st.stm32cube.ide.mcu.externaltools.gnu-tools-for-stm32.9-2020-q2-update.linux64_2.0.0.202105311346/tools/bin/../lib/gcc/arm-none-eabi/9.3.1/../../../../arm-none-eabi/lib/thumb/v7e-m+fp/hard/libm.a
LOAD /opt/st/stm32cubeide_1.7.0/plugins/com.st.stm32cube.ide.mcu.externaltools.gnu-tools-for-stm32.9-2020-q2-update.linux64_2.0.0.202105311346/tools/bin/../lib/gcc/arm-none-eabi/9.3.1/thumb/v7e-m+fp/hard/libgcc.a

.debug_info     0x0000000000000000     0x97c8
 .debug_info    0x0000000000000000      0x58a ./Core/Src/dma.o
 .debug_info    0x000000000000058a      0x394 ./Core/Src/gpio.o
 .debug_info    0x000000000000091e      0xbc4 ./Core/Src/main.o
 .debug_info    0x00000000000014e2      0x394 ./Core/Src/stm32f4xx_hal_msp.o
 .debug_info    0x0000000000001876      0x749 ./Core/Src/stm32f4xx_it.o
 .debug_info    0x0000000000001fbf      0x5a4 ./Core/Src/system_stm32f4xx.o
 .debug_info    0x0000000000002563      0xc3b ./Core/Src/usart.o
 .debug_info    0x000000000000319e       0x22 ./Core/Startup/startup_stm32f405rgtx.o
 .debug_info    0x00000000000031c0      0x9a0 ./Drivers/STM32F4xx_HAL_Driver/Src/stm32f4xx_hal.o
 .debug_info    0x0000000000003b60      0xec5 ./Drivers/STM32F4xx_HAL_Driver/Src/stm32f4xx_hal_cortex.o
 .debug_info    0x0000000000004a25      0x9f1 ./Drivers/STM32F4xx_HAL_Driver/Src/stm32f4xx_hal_dma.o
 .debug_info    0x0000000000005416      0x83e ./Drivers/STM32F4xx_HAL_Driver/Src/stm32f4xx_hal_gpio.o
 .debug_info    0x0000000000005c54      0x996 ./Drivers/STM32F4xx_HAL_Driver/Src/stm32f4xx_hal_rcc.o
 .debug_info    0x00000000000065ea     0x31de ./Drivers/STM32F4xx_HAL_Driver/Src/stm32f4xx_hal_uart.o

.debug_abbrev   0x0000000000000000     0x18d0
 .debug_abbrev  0x0000000000000000      0x11b ./Core/Src/dma.o
 .debug_abbrev  0x000000000000011b      0x11d ./Core/Src/gpio.o
 .debug_abbrev  0x0000000000000238      0x217 ./Core/Src/main.o
 .debug_abbrev  0x000000000000044f      0x11d ./Core/Src/stm32f4xx_hal_msp.o
 .debug_abbrev  0x000000000000056c      0x163 ./Core/Src/stm32f4xx_it.o
 .debug_abbrev  0x00000000000006cf      0x145 ./Core/Src/system_stm32f4xx.o
 .debug_abbrev  0x0000000000000814      0x1d7 ./Core/Src/usart.o
 .debug_abbrev  0x00000000000009eb       0x12 ./Core/Startup/startup_stm32f405rgtx.o
 .debug_abbrev  0x00000000000009fd      0x1ed ./Drivers/STM32F4xx_HAL_Driver/Src/stm32f4xx_hal.o
 .debug_abbrev  0x0000000000000bea      0x33c ./Drivers/STM32F4xx_HAL_Driver/Src/stm32f4xx_hal_cortex.o
 .debug_abbrev  0x0000000000000f26      0x259 ./Drivers/STM32F4xx_HAL_Driver/Src/stm32f4xx_hal_dma.o
 .debug_abbrev  0x000000000000117f      0x1f1 ./Drivers/STM32F4xx_HAL_Driver/Src/stm32f4xx_hal_gpio.o
 .debug_abbrev  0x0000000000001370      0x275 ./Drivers/STM32F4xx_HAL_Driver/Src/stm32f4xx_hal_rcc.o
 .debug_abbrev  0x00000000000015e5      0x2eb ./Drivers/STM32F4xx_HAL_Driver/Src/stm32f4xx_hal_uart.o

.debug_aranges  0x0000000000000000      0x708
 .debug_aranges
                0x0000000000000000       0x20 ./Core/Src/dma.o
 .debug_aranges
                0x0000000000000020       0x20 ./Core/Src/gpio.o
 .debug_aranges
                0x0000000000000040       0x38 ./Core/Src/main.o
 .debug_aranges
                0x0000000000000078       0x20 ./Core/Src/stm32f4xx_hal_msp.o
 .debug_aranges
                0x0000000000000098       0x78 ./Core/Src/stm32f4xx_it.o
 .debug_aranges
                0x0000000000000110       0x28 ./Core/Src/system_stm32f4xx.o
 .debug_aranges
                0x0000000000000138       0x30 ./Core/Src/usart.o
 .debug_aranges
                0x0000000000000168       0x28 ./Core/Startup/startup_stm32f405rgtx.o
 .debug_aranges
                0x0000000000000190       0xf0 ./Drivers/STM32F4xx_HAL_Driver/Src/stm32f4xx_hal.o
 .debug_aranges
                0x0000000000000280      0x118 ./Drivers/STM32F4xx_HAL_Driver/Src/stm32f4xx_hal_cortex.o
 .debug_aranges
                0x0000000000000398       0x90 ./Drivers/STM32F4xx_HAL_Driver/Src/stm32f4xx_hal_dma.o
 .debug_aranges
                0x0000000000000428       0x58 ./Drivers/STM32F4xx_HAL_Driver/Src/stm32f4xx_hal_gpio.o
 .debug_aranges
                0x0000000000000480       0x88 ./Drivers/STM32F4xx_HAL_Driver/Src/stm32f4xx_hal_rcc.o
 .debug_aranges
                0x0000000000000508      0x200 ./Drivers/STM32F4xx_HAL_Driver/Src/stm32f4xx_hal_uart.o

.debug_ranges   0x0000000000000000      0x660
 .debug_ranges  0x0000000000000000       0x10 ./Core/Src/dma.o
 .debug_ranges  0x0000000000000010       0x10 ./Core/Src/gpio.o
 .debug_ranges  0x0000000000000020       0x28 ./Core/Src/main.o
 .debug_ranges  0x0000000000000048       0x10 ./Core/Src/stm32f4xx_hal_msp.o
 .debug_ranges  0x0000000000000058       0x68 ./Core/Src/stm32f4xx_it.o
 .debug_ranges  0x00000000000000c0       0x18 ./Core/Src/system_stm32f4xx.o
 .debug_ranges  0x00000000000000d8       0x20 ./Core/Src/usart.o
 .debug_ranges  0x00000000000000f8       0x20 ./Core/Startup/startup_stm32f405rgtx.o
 .debug_ranges  0x0000000000000118       0xe0 ./Drivers/STM32F4xx_HAL_Driver/Src/stm32f4xx_hal.o
 .debug_ranges  0x00000000000001f8      0x108 ./Drivers/STM32F4xx_HAL_Driver/Src/stm32f4xx_hal_cortex.o
 .debug_ranges  0x0000000000000300       0x80 ./Drivers/STM32F4xx_HAL_Driver/Src/stm32f4xx_hal_dma.o
 .debug_ranges  0x0000000000000380       0x48 ./Drivers/STM32F4xx_HAL_Driver/Src/stm32f4xx_hal_gpio.o
 .debug_ranges  0x00000000000003c8       0x78 ./Drivers/STM32F4xx_HAL_Driver/Src/stm32f4xx_hal_rcc.o
 .debug_ranges  0x0000000000000440      0x220 ./Drivers/STM32F4xx_HAL_Driver/Src/stm32f4xx_hal_uart.o

.debug_macro    0x0000000000000000    0x1dc64
 .debug_macro   0x0000000000000000      0x1ce ./Core/Src/dma.o
 .debug_macro   0x00000000000001ce      0xaa8 ./Core/Src/dma.o
 .debug_macro   0x0000000000000c76      0x295 ./Core/Src/dma.o
 .debug_macro   0x0000000000000f0b       0x2e ./Core/Src/dma.o
 .debug_macro   0x0000000000000f39       0x2f ./Core/Src/dma.o
 .debug_macro   0x0000000000000f68       0x22 ./Core/Src/dma.o
 .debug_macro   0x0000000000000f8a       0x8e ./Core/Src/dma.o
 .debug_macro   0x0000000000001018       0x51 ./Core/Src/dma.o
 .debug_macro   0x0000000000001069      0x103 ./Core/Src/dma.o
 .debug_macro   0x000000000000116c       0x6a ./Core/Src/dma.o
 .debug_macro   0x00000000000011d6      0x1df ./Core/Src/dma.o
 .debug_macro   0x00000000000013b5       0x1c ./Core/Src/dma.o
 .debug_macro   0x00000000000013d1       0x22 ./Core/Src/dma.o
 .debug_macro   0x00000000000013f3       0xdf ./Core/Src/dma.o
 .debug_macro   0x00000000000014d2     0x102d ./Core/Src/dma.o
 .debug_macro   0x00000000000024ff      0x11f ./Core/Src/dma.o
 .debug_macro   0x000000000000261e    0x1426d ./Core/Src/dma.o
 .debug_macro   0x000000000001688b       0x6d ./Core/Src/dma.o
 .debug_macro   0x00000000000168f8     0x3666 ./Core/Src/dma.o
 .debug_macro   0x0000000000019f5e      0x174 ./Core/Src/dma.o
 .debug_macro   0x000000000001a0d2       0x5c ./Core/Src/dma.o
 .debug_macro   0x000000000001a12e      0x8a7 ./Core/Src/dma.o
 .debug_macro   0x000000000001a9d5      0x9fe ./Core/Src/dma.o
 .debug_macro   0x000000000001b3d3      0x116 ./Core/Src/dma.o
 .debug_macro   0x000000000001b4e9      0x130 ./Core/Src/dma.o
 .debug_macro   0x000000000001b619       0xa5 ./Core/Src/dma.o
 .debug_macro   0x000000000001b6be      0x174 ./Core/Src/dma.o
 .debug_macro   0x000000000001b832      0x287 ./Core/Src/dma.o
 .debug_macro   0x000000000001bab9       0x5f ./Core/Src/dma.o
 .debug_macro   0x000000000001bb18      0x236 ./Core/Src/dma.o
 .debug_macro   0x000000000001bd4e      0x12c ./Core/Src/dma.o
 .debug_macro   0x000000000001be7a      0x21e ./Core/Src/dma.o
 .debug_macro   0x000000000001c098       0x2e ./Core/Src/dma.o
 .debug_macro   0x000000000001c0c6      0x11a ./Core/Src/dma.o
 .debug_macro   0x000000000001c1e0       0x7e ./Core/Src/dma.o
 .debug_macro   0x000000000001c25e       0x89 ./Core/Src/dma.o
 .debug_macro   0x000000000001c2e7      0x295 ./Core/Src/dma.o
 .debug_macro   0x000000000001c57c      0x12d ./Core/Src/dma.o
 .debug_macro   0x000000000001c6a9      0x1ce ./Core/Src/gpio.o
 .debug_macro   0x000000000001c877      0x1e6 ./Core/Src/main.o
 .debug_macro   0x000000000001ca5d      0x1c4 ./Core/Src/stm32f4xx_hal_msp.o
 .debug_macro   0x000000000001cc21      0x1ce ./Core/Src/stm32f4xx_it.o
 .debug_macro   0x000000000001cdef      0x1ba ./Core/Src/system_stm32f4xx.o
 .debug_macro   0x000000000001cfa9      0x1ce ./Core/Src/usart.o
 .debug_macro   0x000000000001d177      0x21a ./Drivers/STM32F4xx_HAL_Driver/Src/stm32f4xx_hal.o
 .debug_macro   0x000000000001d391      0x1ba ./Drivers/STM32F4xx_HAL_Driver/Src/stm32f4xx_hal_cortex.o
 .debug_macro   0x000000000001d54b      0x1c0 ./Drivers/STM32F4xx_HAL_Driver/Src/stm32f4xx_hal_dma.o
 .debug_macro   0x000000000001d70b      0x1c0 ./Drivers/STM32F4xx_HAL_Driver/Src/stm32f4xx_hal_gpio.o
 .debug_macro   0x000000000001d8cb      0x1de ./Drivers/STM32F4xx_HAL_Driver/Src/stm32f4xx_hal_rcc.o
 .debug_macro   0x000000000001daa9      0x1bb ./Drivers/STM32F4xx_HAL_Driver/Src/stm32f4xx_hal_uart.o

.debug_line     0x0000000000000000     0x97f5
 .debug_line    0x0000000000000000      0x66f ./Core/Src/dma.o
 .debug_line    0x000000000000066f      0x66e ./Core/Src/gpio.o
 .debug_line    0x0000000000000cdd      0x8e0 ./Core/Src/main.o
 .debug_line    0x00000000000015bd      0x672 ./Core/Src/stm32f4xx_hal_msp.o
 .debug_line    0x0000000000001c2f      0x77c ./Core/Src/stm32f4xx_it.o
 .debug_line    0x00000000000023ab      0x6f3 ./Core/Src/system_stm32f4xx.o
 .debug_line    0x0000000000002a9e      0x72c ./Core/Src/usart.o
 .debug_line    0x00000000000031ca       0x88 ./Core/Startup/startup_stm32f405rgtx.o
 .debug_line    0x0000000000003252      0x959 ./Drivers/STM32F4xx_HAL_Driver/Src/stm32f4xx_hal.o
 .debug_line    0x0000000000003bab      0xc08 ./Drivers/STM32F4xx_HAL_Driver/Src/stm32f4xx_hal_cortex.o
 .debug_line    0x00000000000047b3      0xebe ./Drivers/STM32F4xx_HAL_Driver/Src/stm32f4xx_hal_dma.o
 .debug_line    0x0000000000005671      0xacf ./Drivers/STM32F4xx_HAL_Driver/Src/stm32f4xx_hal_gpio.o
 .debug_line    0x0000000000006140      0xcd5 ./Drivers/STM32F4xx_HAL_Driver/Src/stm32f4xx_hal_rcc.o
 .debug_line    0x0000000000006e15     0x29e0 ./Drivers/STM32F4xx_HAL_Driver/Src/stm32f4xx_hal_uart.o

.debug_str      0x0000000000000000    0xb3d4a
 .debug_str     0x0000000000000000    0xb1e0b ./Core/Src/dma.o
                                      0xb209d (size before relaxing)
 .debug_str     0x00000000000b1e0b       0x2c ./Core/Src/gpio.o
                                      0xb1bd3 (size before relaxing)
 .debug_str     0x00000000000b1e37      0x60e ./Core/Src/main.o
                                      0xb222b (size before relaxing)
 .debug_str     0x00000000000b2445       0x2c ./Core/Src/stm32f4xx_hal_msp.o
                                      0xb1bd3 (size before relaxing)
 .debug_str     0x00000000000b2471      0x11a ./Core/Src/stm32f4xx_it.o
                                      0xb1ffa (size before relaxing)
 .debug_str     0x00000000000b258b       0xaf ./Core/Src/system_stm32f4xx.o
                                      0xb1c45 (size before relaxing)
 .debug_str     0x00000000000b263a       0xb9 ./Core/Src/usart.o
                                      0xb25b8 (size before relaxing)
 .debug_str     0x00000000000b26f3       0x36 ./Core/Startup/startup_stm32f405rgtx.o
                                         0x69 (size before relaxing)
 .debug_str     0x00000000000b2729      0x58d ./Drivers/STM32F4xx_HAL_Driver/Src/stm32f4xx_hal.o
                                      0xb2706 (size before relaxing)
 .debug_str     0x00000000000b2cb6      0x399 ./Drivers/STM32F4xx_HAL_Driver/Src/stm32f4xx_hal_cortex.o
                                      0xb24f5 (size before relaxing)
 .debug_str     0x00000000000b304f      0x328 ./Drivers/STM32F4xx_HAL_Driver/Src/stm32f4xx_hal_dma.o
                                      0xb206f (size before relaxing)
 .debug_str     0x00000000000b3377      0x17b ./Drivers/STM32F4xx_HAL_Driver/Src/stm32f4xx_hal_gpio.o
                                      0xb1dec (size before relaxing)
 .debug_str     0x00000000000b34f2      0x259 ./Drivers/STM32F4xx_HAL_Driver/Src/stm32f4xx_hal_rcc.o
                                      0xb2047 (size before relaxing)
 .debug_str     0x00000000000b374b      0x5ff ./Drivers/STM32F4xx_HAL_Driver/Src/stm32f4xx_hal_uart.o
                                      0xb25cd (size before relaxing)

.comment        0x0000000000000000       0x53
 .comment       0x0000000000000000       0x53 ./Core/Src/dma.o
                                         0x54 (size before relaxing)
 .comment       0x0000000000000053       0x54 ./Core/Src/gpio.o
 .comment       0x0000000000000053       0x54 ./Core/Src/main.o
 .comment       0x0000000000000053       0x54 ./Core/Src/stm32f4xx_hal_msp.o
 .comment       0x0000000000000053       0x54 ./Core/Src/stm32f4xx_it.o
 .comment       0x0000000000000053       0x54 ./Core/Src/system_stm32f4xx.o
 .comment       0x0000000000000053       0x54 ./Core/Src/usart.o
 .comment       0x0000000000000053       0x54 ./Drivers/STM32F4xx_HAL_Driver/Src/stm32f4xx_hal.o
 .comment       0x0000000000000053       0x54 ./Drivers/STM32F4xx_HAL_Driver/Src/stm32f4xx_hal_cortex.o
 .comment       0x0000000000000053       0x54 ./Drivers/STM32F4xx_HAL_Driver/Src/stm32f4xx_hal_dma.o
 .comment       0x0000000000000053       0x54 ./Drivers/STM32F4xx_HAL_Driver/Src/stm32f4xx_hal_gpio.o
 .comment       0x0000000000000053       0x54 ./Drivers/STM32F4xx_HAL_Driver/Src/stm32f4xx_hal_rcc.o
 .comment       0x0000000000000053       0x54 ./Drivers/STM32F4xx_HAL_Driver/Src/stm32f4xx_hal_uart.o

.debug_frame    0x0000000000000000     0x1acc
 .debug_frame   0x0000000000000000       0x34 ./Core/Src/dma.o
 .debug_frame   0x0000000000000034       0x38 ./Core/Src/gpio.o
 .debug_frame   0x000000000000006c       0x94 ./Core/Src/main.o
 .debug_frame   0x0000000000000100       0x38 ./Core/Src/stm32f4xx_hal_msp.o
 .debug_frame   0x0000000000000138      0x158 ./Core/Src/stm32f4xx_it.o
 .debug_frame   0x0000000000000290       0x58 ./Core/Src/system_stm32f4xx.o
 .debug_frame   0x00000000000002e8       0x74 ./Core/Src/usart.o
 .debug_frame   0x000000000000035c      0x374 ./Drivers/STM32F4xx_HAL_Driver/Src/stm32f4xx_hal.o
 .debug_frame   0x00000000000006d0      0x498 ./Drivers/STM32F4xx_HAL_Driver/Src/stm32f4xx_hal_cortex.o
 .debug_frame   0x0000000000000b68      0x250 ./Drivers/STM32F4xx_HAL_Driver/Src/stm32f4xx_hal_dma.o
 .debug_frame   0x0000000000000db8      0x14c ./Drivers/STM32F4xx_HAL_Driver/Src/stm32f4xx_hal_gpio.o
 .debug_frame   0x0000000000000f04      0x1f0 ./Drivers/STM32F4xx_HAL_Driver/Src/stm32f4xx_hal_rcc.o
 .debug_frame   0x00000000000010f4      0x92c ./Drivers/STM32F4xx_HAL_Driver/Src/stm32f4xx_hal_uart.o
 .debug_frame   0x0000000000001a20       0x2c /opt/st/stm32cubeide_1.7.0/plugins/com.st.stm32cube.ide.mcu.externaltools.gnu-tools-for-stm32.9-2020-q2-update.linux64_2.0.0.202105311346/tools/bin/../lib/gcc/arm-none-eabi/9.3.1/../../../../arm-none-eabi/lib/thumb/v7e-m+fp/hard/libc_nano.a(lib_a-init.o)
 .debug_frame   0x0000000000001a4c       0x20 /opt/st/stm32cubeide_1.7.0/plugins/com.st.stm32cube.ide.mcu.externaltools.gnu-tools-for-stm32.9-2020-q2-update.linux64_2.0.0.202105311346/tools/bin/../lib/gcc/arm-none-eabi/9.3.1/../../../../arm-none-eabi/lib/thumb/v7e-m+fp/hard/libc_nano.a(lib_a-memset.o)
 .debug_frame   0x0000000000001a6c       0x2c /opt/st/stm32cubeide_1.7.0/plugins/com.st.stm32cube.ide.mcu.externaltools.gnu-tools-for-stm32.9-2020-q2-update.linux64_2.0.0.202105311346/tools/bin/../lib/gcc/arm-none-eabi/9.3.1/thumb/v7e-m+fp/hard/libgcc.a(_aeabi_uldivmod.o)
 .debug_frame   0x0000000000001a98       0x34 /opt/st/stm32cubeide_1.7.0/plugins/com.st.stm32cube.ide.mcu.externaltools.gnu-tools-for-stm32.9-2020-q2-update.linux64_2.0.0.202105311346/tools/bin/../lib/gcc/arm-none-eabi/9.3.1/thumb/v7e-m+fp/hard/libgcc.a(_udivmoddi4.o)
