Archive member included to satisfy reference by file (symbol)

d:/st/stm32cubeide_1.7.0/stm32cubeide/plugins/com.st.stm32cube.ide.mcu.externaltools.gnu-tools-for-stm32.9-2020-q2-update.win32_2.0.0.202105311346/tools/bin/../lib/gcc/arm-none-eabi/9.3.1/../../../../arm-none-eabi/lib/thumb/v7e-m+fp/hard\libc_nano.a(lib_a-errno.o)
                              ./Core/Src/syscalls.o (__errno)
d:/st/stm32cubeide_1.7.0/stm32cubeide/plugins/com.st.stm32cube.ide.mcu.externaltools.gnu-tools-for-stm32.9-2020-q2-update.win32_2.0.0.202105311346/tools/bin/../lib/gcc/arm-none-eabi/9.3.1/../../../../arm-none-eabi/lib/thumb/v7e-m+fp/hard\libc_nano.a(lib_a-exit.o)
                              d:/st/stm32cubeide_1.7.0/stm32cubeide/plugins/com.st.stm32cube.ide.mcu.externaltools.gnu-tools-for-stm32.9-2020-q2-update.win32_2.0.0.202105311346/tools/bin/../lib/gcc/arm-none-eabi/9.3.1/../../../../arm-none-eabi/lib/thumb/v7e-m+fp/hard/crt0.o (exit)
d:/st/stm32cubeide_1.7.0/stm32cubeide/plugins/com.st.stm32cube.ide.mcu.externaltools.gnu-tools-for-stm32.9-2020-q2-update.win32_2.0.0.202105311346/tools/bin/../lib/gcc/arm-none-eabi/9.3.1/../../../../arm-none-eabi/lib/thumb/v7e-m+fp/hard\libc_nano.a(lib_a-impure.o)
                              d:/st/stm32cubeide_1.7.0/stm32cubeide/plugins/com.st.stm32cube.ide.mcu.externaltools.gnu-tools-for-stm32.9-2020-q2-update.win32_2.0.0.202105311346/tools/bin/../lib/gcc/arm-none-eabi/9.3.1/../../../../arm-none-eabi/lib/thumb/v7e-m+fp/hard\libc_nano.a(lib_a-exit.o) (_global_impure_ptr)
d:/st/stm32cubeide_1.7.0/stm32cubeide/plugins/com.st.stm32cube.ide.mcu.externaltools.gnu-tools-for-stm32.9-2020-q2-update.win32_2.0.0.202105311346/tools/bin/../lib/gcc/arm-none-eabi/9.3.1/../../../../arm-none-eabi/lib/thumb/v7e-m+fp/hard\libc_nano.a(lib_a-init.o)
                              d:/st/stm32cubeide_1.7.0/stm32cubeide/plugins/com.st.stm32cube.ide.mcu.externaltools.gnu-tools-for-stm32.9-2020-q2-update.win32_2.0.0.202105311346/tools/bin/../lib/gcc/arm-none-eabi/9.3.1/../../../../arm-none-eabi/lib/thumb/v7e-m+fp/hard/crt0.o (__libc_init_array)
d:/st/stm32cubeide_1.7.0/stm32cubeide/plugins/com.st.stm32cube.ide.mcu.externaltools.gnu-tools-for-stm32.9-2020-q2-update.win32_2.0.0.202105311346/tools/bin/../lib/gcc/arm-none-eabi/9.3.1/../../../../arm-none-eabi/lib/thumb/v7e-m+fp/hard\libc_nano.a(lib_a-memset.o)
                              d:/st/stm32cubeide_1.7.0/stm32cubeide/plugins/com.st.stm32cube.ide.mcu.externaltools.gnu-tools-for-stm32.9-2020-q2-update.win32_2.0.0.202105311346/tools/bin/../lib/gcc/arm-none-eabi/9.3.1/../../../../arm-none-eabi/lib/thumb/v7e-m+fp/hard/crt0.o (memset)
d:/st/stm32cubeide_1.7.0/stm32cubeide/plugins/com.st.stm32cube.ide.mcu.externaltools.gnu-tools-for-stm32.9-2020-q2-update.win32_2.0.0.202105311346/tools/bin/../lib/gcc/arm-none-eabi/9.3.1/thumb/v7e-m+fp/hard\libgcc.a(_aeabi_uldivmod.o)
                              ./Drivers/STM32F4xx_HAL_Driver/Src/stm32f4xx_hal_rcc.o (__aeabi_uldivmod)
d:/st/stm32cubeide_1.7.0/stm32cubeide/plugins/com.st.stm32cube.ide.mcu.externaltools.gnu-tools-for-stm32.9-2020-q2-update.win32_2.0.0.202105311346/tools/bin/../lib/gcc/arm-none-eabi/9.3.1/thumb/v7e-m+fp/hard\libgcc.a(_udivmoddi4.o)
                              d:/st/stm32cubeide_1.7.0/stm32cubeide/plugins/com.st.stm32cube.ide.mcu.externaltools.gnu-tools-for-stm32.9-2020-q2-update.win32_2.0.0.202105311346/tools/bin/../lib/gcc/arm-none-eabi/9.3.1/thumb/v7e-m+fp/hard\libgcc.a(_aeabi_uldivmod.o) (__udivmoddi4)
d:/st/stm32cubeide_1.7.0/stm32cubeide/plugins/com.st.stm32cube.ide.mcu.externaltools.gnu-tools-for-stm32.9-2020-q2-update.win32_2.0.0.202105311346/tools/bin/../lib/gcc/arm-none-eabi/9.3.1/thumb/v7e-m+fp/hard\libgcc.a(_dvmd_tls.o)
                              d:/st/stm32cubeide_1.7.0/stm32cubeide/plugins/com.st.stm32cube.ide.mcu.externaltools.gnu-tools-for-stm32.9-2020-q2-update.win32_2.0.0.202105311346/tools/bin/../lib/gcc/arm-none-eabi/9.3.1/thumb/v7e-m+fp/hard\libgcc.a(_aeabi_uldivmod.o) (__aeabi_ldiv0)

Allocating common symbols
Common symbol       size              file

hdma_uart4_rx       0x60              ./Core/Src/usart.o
serial_buf          0x32              ./Core/Src/main.o
uwTick              0x4               ./Drivers/STM32F4xx_HAL_Driver/Src/stm32f4xx_hal.o
pFlash              0x20              ./Drivers/STM32F4xx_HAL_Driver/Src/stm32f4xx_hal_flash.o
frame_size          0x1               ./Core/Src/main.o
serial_buf_channels
                    0x19              ./Core/Src/main.o
channels            0x20              ./Core/Src/main.o
serial_buf_changed  0x19              ./Core/Src/main.o
huart4              0x44              ./Core/Src/usart.o
serial_ptr          0x1               ./Core/Src/main.o
serial_byte         0x1               ./Core/Src/main.o
hdma_uart4_tx       0x60              ./Core/Src/usart.o

Discarded input sections

[...]
Memory Configuration

Name             Origin             Length             Attributes
CCMRAM           0x0000000010000000 0x0000000000010000 xrw
RAM              0x0000000020000000 0x0000000000020000 xrw
FLASH            0x0000000008000000 0x0000000000100000 xr
*default*        0x0000000000000000 0xffffffffffffffff

Linker script and memory map

LOAD d:/st/stm32cubeide_1.7.0/stm32cubeide/plugins/com.st.stm32cube.ide.mcu.externaltools.gnu-tools-for-stm32.9-2020-q2-update.win32_2.0.0.202105311346/tools/bin/../lib/gcc/arm-none-eabi/9.3.1/thumb/v7e-m+fp/hard/crti.o
LOAD d:/st/stm32cubeide_1.7.0/stm32cubeide/plugins/com.st.stm32cube.ide.mcu.externaltools.gnu-tools-for-stm32.9-2020-q2-update.win32_2.0.0.202105311346/tools/bin/../lib/gcc/arm-none-eabi/9.3.1/thumb/v7e-m+fp/hard/crtbegin.o
LOAD d:/st/stm32cubeide_1.7.0/stm32cubeide/plugins/com.st.stm32cube.ide.mcu.externaltools.gnu-tools-for-stm32.9-2020-q2-update.win32_2.0.0.202105311346/tools/bin/../lib/gcc/arm-none-eabi/9.3.1/../../../../arm-none-eabi/lib/thumb/v7e-m+fp/hard/crt0.o
LOAD ./Core/Src/dma.o
LOAD ./Core/Src/gpio.o
LOAD ./Core/Src/main.o
LOAD ./Core/Src/stm32f4xx_hal_msp.o
LOAD ./Core/Src/stm32f4xx_it.o
LOAD ./Core/Src/syscalls.o
LOAD ./Core/Src/sysmem.o
LOAD ./Core/Src/system_stm32f4xx.o
LOAD ./Core/Src/usart.o
LOAD ./Core/Startup/startup_stm32f405rgtx.o
LOAD ./Drivers/STM32F4xx_HAL_Driver/Src/stm32f4xx_hal.o
LOAD ./Drivers/STM32F4xx_HAL_Driver/Src/stm32f4xx_hal_cortex.o
LOAD ./Drivers/STM32F4xx_HAL_Driver/Src/stm32f4xx_hal_dma.o
LOAD ./Drivers/STM32F4xx_HAL_Driver/Src/stm32f4xx_hal_dma_ex.o
LOAD ./Drivers/STM32F4xx_HAL_Driver/Src/stm32f4xx_hal_exti.o
LOAD ./Drivers/STM32F4xx_HAL_Driver/Src/stm32f4xx_hal_flash.o
LOAD ./Drivers/STM32F4xx_HAL_Driver/Src/stm32f4xx_hal_flash_ex.o
LOAD ./Drivers/STM32F4xx_HAL_Driver/Src/stm32f4xx_hal_flash_ramfunc.o
LOAD ./Drivers/STM32F4xx_HAL_Driver/Src/stm32f4xx_hal_gpio.o
LOAD ./Drivers/STM32F4xx_HAL_Driver/Src/stm32f4xx_hal_pwr.o
LOAD ./Drivers/STM32F4xx_HAL_Driver/Src/stm32f4xx_hal_pwr_ex.o
LOAD ./Drivers/STM32F4xx_HAL_Driver/Src/stm32f4xx_hal_rcc.o
LOAD ./Drivers/STM32F4xx_HAL_Driver/Src/stm32f4xx_hal_rcc_ex.o
LOAD ./Drivers/STM32F4xx_HAL_Driver/Src/stm32f4xx_hal_tim.o
LOAD ./Drivers/STM32F4xx_HAL_Driver/Src/stm32f4xx_hal_tim_ex.o
LOAD ./Drivers/STM32F4xx_HAL_Driver/Src/stm32f4xx_hal_uart.o
START GROUP
LOAD d:/st/stm32cubeide_1.7.0/stm32cubeide/plugins/com.st.stm32cube.ide.mcu.externaltools.gnu-tools-for-stm32.9-2020-q2-update.win32_2.0.0.202105311346/tools/bin/../lib/gcc/arm-none-eabi/9.3.1/../../../../arm-none-eabi/lib/thumb/v7e-m+fp/hard\libc_nano.a
LOAD d:/st/stm32cubeide_1.7.0/stm32cubeide/plugins/com.st.stm32cube.ide.mcu.externaltools.gnu-tools-for-stm32.9-2020-q2-update.win32_2.0.0.202105311346/tools/bin/../lib/gcc/arm-none-eabi/9.3.1/../../../../arm-none-eabi/lib/thumb/v7e-m+fp/hard\libm.a
END GROUP
START GROUP
LOAD d:/st/stm32cubeide_1.7.0/stm32cubeide/plugins/com.st.stm32cube.ide.mcu.externaltools.gnu-tools-for-stm32.9-2020-q2-update.win32_2.0.0.202105311346/tools/bin/../lib/gcc/arm-none-eabi/9.3.1/thumb/v7e-m+fp/hard\libgcc.a
LOAD d:/st/stm32cubeide_1.7.0/stm32cubeide/plugins/com.st.stm32cube.ide.mcu.externaltools.gnu-tools-for-stm32.9-2020-q2-update.win32_2.0.0.202105311346/tools/bin/../lib/gcc/arm-none-eabi/9.3.1/../../../../arm-none-eabi/lib/thumb/v7e-m+fp/hard\libc_nano.a
END GROUP
START GROUP
LOAD d:/st/stm32cubeide_1.7.0/stm32cubeide/plugins/com.st.stm32cube.ide.mcu.externaltools.gnu-tools-for-stm32.9-2020-q2-update.win32_2.0.0.202105311346/tools/bin/../lib/gcc/arm-none-eabi/9.3.1/thumb/v7e-m+fp/hard\libgcc.a
LOAD d:/st/stm32cubeide_1.7.0/stm32cubeide/plugins/com.st.stm32cube.ide.mcu.externaltools.gnu-tools-for-stm32.9-2020-q2-update.win32_2.0.0.202105311346/tools/bin/../lib/gcc/arm-none-eabi/9.3.1/../../../../arm-none-eabi/lib/thumb/v7e-m+fp/hard\libc_nano.a
LOAD d:/st/stm32cubeide_1.7.0/stm32cubeide/plugins/com.st.stm32cube.ide.mcu.externaltools.gnu-tools-for-stm32.9-2020-q2-update.win32_2.0.0.202105311346/tools/bin/../lib/gcc/arm-none-eabi/9.3.1/../../../../arm-none-eabi/lib/thumb/v7e-m+fp/hard\libnosys.a
END GROUP
START GROUP
LOAD d:/st/stm32cubeide_1.7.0/stm32cubeide/plugins/com.st.stm32cube.ide.mcu.externaltools.gnu-tools-for-stm32.9-2020-q2-update.win32_2.0.0.202105311346/tools/bin/../lib/gcc/arm-none-eabi/9.3.1/thumb/v7e-m+fp/hard\libgcc.a
LOAD d:/st/stm32cubeide_1.7.0/stm32cubeide/plugins/com.st.stm32cube.ide.mcu.externaltools.gnu-tools-for-stm32.9-2020-q2-update.win32_2.0.0.202105311346/tools/bin/../lib/gcc/arm-none-eabi/9.3.1/../../../../arm-none-eabi/lib/thumb/v7e-m+fp/hard\libc_nano.a
LOAD d:/st/stm32cubeide_1.7.0/stm32cubeide/plugins/com.st.stm32cube.ide.mcu.externaltools.gnu-tools-for-stm32.9-2020-q2-update.win32_2.0.0.202105311346/tools/bin/../lib/gcc/arm-none-eabi/9.3.1/../../../../arm-none-eabi/lib/thumb/v7e-m+fp/hard\libnosys.a
END GROUP
LOAD d:/st/stm32cubeide_1.7.0/stm32cubeide/plugins/com.st.stm32cube.ide.mcu.externaltools.gnu-tools-for-stm32.9-2020-q2-update.win32_2.0.0.202105311346/tools/bin/../lib/gcc/arm-none-eabi/9.3.1/thumb/v7e-m+fp/hard/crtend.o
LOAD d:/st/stm32cubeide_1.7.0/stm32cubeide/plugins/com.st.stm32cube.ide.mcu.externaltools.gnu-tools-for-stm32.9-2020-q2-update.win32_2.0.0.202105311346/tools/bin/../lib/gcc/arm-none-eabi/9.3.1/thumb/v7e-m+fp/hard/crtn.o
                0x0000000020020000                _estack = (ORIGIN (RAM) + LENGTH (RAM))
                0x0000000000000200                _Min_Heap_Size = 0x200
                0x0000000000000400                _Min_Stack_Size = 0x400

.isr_vector     0x0000000008000000      0x188
                0x0000000008000000                . = ALIGN (0x4)
 *(.isr_vector)
 .isr_vector    0x0000000008000000      0x188 ./Core/Startup/startup_stm32f405rgtx.o
                0x0000000008000000                g_pfnVectors
                0x0000000008000188                . = ALIGN (0x4)

.text           0x0000000008000188     0x33d0
                0x0000000008000188                . = ALIGN (0x4)
 *(.text)
 .text          0x0000000008000188       0x40 d:/st/stm32cubeide_1.7.0/stm32cubeide/plugins/com.st.stm32cube.ide.mcu.externaltools.gnu-tools-for-stm32.9-2020-q2-update.win32_2.0.0.202105311346/tools/bin/../lib/gcc/arm-none-eabi/9.3.1/thumb/v7e-m+fp/hard/crtbegin.o
 .text          0x00000000080001c8       0x30 d:/st/stm32cubeide_1.7.0/stm32cubeide/plugins/com.st.stm32cube.ide.mcu.externaltools.gnu-tools-for-stm32.9-2020-q2-update.win32_2.0.0.202105311346/tools/bin/../lib/gcc/arm-none-eabi/9.3.1/thumb/v7e-m+fp/hard\libgcc.a(_aeabi_uldivmod.o)
                0x00000000080001c8                __aeabi_uldivmod
 .text          0x00000000080001f8      0x2c4 d:/st/stm32cubeide_1.7.0/stm32cubeide/plugins/com.st.stm32cube.ide.mcu.externaltools.gnu-tools-for-stm32.9-2020-q2-update.win32_2.0.0.202105311346/tools/bin/../lib/gcc/arm-none-eabi/9.3.1/thumb/v7e-m+fp/hard\libgcc.a(_udivmoddi4.o)
                0x00000000080001f8                __udivmoddi4
 .text          0x00000000080004bc        0x4 d:/st/stm32cubeide_1.7.0/stm32cubeide/plugins/com.st.stm32cube.ide.mcu.externaltools.gnu-tools-for-stm32.9-2020-q2-update.win32_2.0.0.202105311346/tools/bin/../lib/gcc/arm-none-eabi/9.3.1/thumb/v7e-m+fp/hard\libgcc.a(_dvmd_tls.o)
                0x00000000080004bc                __aeabi_idiv0
                0x00000000080004bc                __aeabi_ldiv0
 *(.text*)
 .text.MX_DMA_Init
                0x00000000080004c0       0x50 ./Core/Src/dma.o
                0x00000000080004c0                MX_DMA_Init
 .text.MX_GPIO_Init
                0x0000000008000510       0x50 ./Core/Src/gpio.o
                0x0000000008000510                MX_GPIO_Init
 .text.main     0x0000000008000560       0x50 ./Core/Src/main.o
                0x0000000008000560                main
 .text.SystemClock_Config
                0x00000000080005b0       0xd4 ./Core/Src/main.o
                0x00000000080005b0                SystemClock_Config
 .text.HAL_UART_RxCpltCallback
                0x0000000008000684      0x370 ./Core/Src/main.o
                0x0000000008000684                HAL_UART_RxCpltCallback
 .text.Error_Handler
                0x00000000080009f4        0xa ./Core/Src/main.o
                0x00000000080009f4                Error_Handler
 *fill*         0x00000000080009fe        0x2 
 .text.HAL_MspInit
                0x0000000008000a00       0x50 ./Core/Src/stm32f4xx_hal_msp.o
                0x0000000008000a00                HAL_MspInit
 .text.NMI_Handler
                0x0000000008000a50        0x6 ./Core/Src/stm32f4xx_it.o
                0x0000000008000a50                NMI_Handler
 .text.HardFault_Handler
                0x0000000008000a56        0x6 ./Core/Src/stm32f4xx_it.o
                0x0000000008000a56                HardFault_Handler
 .text.MemManage_Handler
                0x0000000008000a5c        0x6 ./Core/Src/stm32f4xx_it.o
                0x0000000008000a5c                MemManage_Handler
 .text.BusFault_Handler
                0x0000000008000a62        0x6 ./Core/Src/stm32f4xx_it.o
                0x0000000008000a62                BusFault_Handler
 .text.UsageFault_Handler
                0x0000000008000a68        0x6 ./Core/Src/stm32f4xx_it.o
                0x0000000008000a68                UsageFault_Handler
 .text.SVC_Handler
                0x0000000008000a6e        0xe ./Core/Src/stm32f4xx_it.o
                0x0000000008000a6e                SVC_Handler
 .text.DebugMon_Handler
                0x0000000008000a7c        0xe ./Core/Src/stm32f4xx_it.o
                0x0000000008000a7c                DebugMon_Handler
 .text.PendSV_Handler
                0x0000000008000a8a        0xe ./Core/Src/stm32f4xx_it.o
                0x0000000008000a8a                PendSV_Handler
 .text.SysTick_Handler
                0x0000000008000a98        0xc ./Core/Src/stm32f4xx_it.o
                0x0000000008000a98                SysTick_Handler
 .text.DMA1_Stream2_IRQHandler
                0x0000000008000aa4       0x14 ./Core/Src/stm32f4xx_it.o
                0x0000000008000aa4                DMA1_Stream2_IRQHandler
 .text.DMA1_Stream4_IRQHandler
                0x0000000008000ab8       0x14 ./Core/Src/stm32f4xx_it.o
                0x0000000008000ab8                DMA1_Stream4_IRQHandler
 .text.UART4_IRQHandler
                0x0000000008000acc       0x14 ./Core/Src/stm32f4xx_it.o
                0x0000000008000acc                UART4_IRQHandler
 .text.SystemInit
                0x0000000008000ae0       0x24 ./Core/Src/system_stm32f4xx.o
                0x0000000008000ae0                SystemInit
 .text.MX_UART4_Init
                0x0000000008000b04       0x54 ./Core/Src/usart.o
                0x0000000008000b04                MX_UART4_Init
 .text.HAL_UART_MspInit
                0x0000000008000b58      0x16c ./Core/Src/usart.o
                0x0000000008000b58                HAL_UART_MspInit
 .text.Reset_Handler
                0x0000000008000cc4       0x50 ./Core/Startup/startup_stm32f405rgtx.o
                0x0000000008000cc4                Reset_Handler
 .text.Default_Handler
                0x0000000008000d14        0x2 ./Core/Startup/startup_stm32f405rgtx.o
                0x0000000008000d14                RTC_Alarm_IRQHandler
                0x0000000008000d14                HASH_RNG_IRQHandler
                0x0000000008000d14                EXTI2_IRQHandler
                0x0000000008000d14                TIM8_CC_IRQHandler
                0x0000000008000d14                TIM1_CC_IRQHandler
                0x0000000008000d14                DMA2_Stream5_IRQHandler
                0x0000000008000d14                DMA1_Stream5_IRQHandler
                0x0000000008000d14                PVD_IRQHandler
                0x0000000008000d14                SDIO_IRQHandler
                0x0000000008000d14                TAMP_STAMP_IRQHandler
                0x0000000008000d14                CAN2_RX1_IRQHandler
                0x0000000008000d14                EXTI3_IRQHandler
                0x0000000008000d14                TIM8_TRG_COM_TIM14_IRQHandler
                0x0000000008000d14                TIM1_UP_TIM10_IRQHandler
                0x0000000008000d14                TIM8_UP_TIM13_IRQHandler
                0x0000000008000d14                I2C3_ER_IRQHandler
                0x0000000008000d14                EXTI0_IRQHandler
                0x0000000008000d14                I2C2_EV_IRQHandler
                0x0000000008000d14                CAN1_RX0_IRQHandler
                0x0000000008000d14                FPU_IRQHandler
                0x0000000008000d14                OTG_HS_WKUP_IRQHandler
                0x0000000008000d14                CAN2_SCE_IRQHandler
                0x0000000008000d14                DMA2_Stream2_IRQHandler
                0x0000000008000d14                SPI1_IRQHandler
                0x0000000008000d14                TIM6_DAC_IRQHandler
                0x0000000008000d14                TIM1_BRK_TIM9_IRQHandler
                0x0000000008000d14                CAN2_RX0_IRQHandler
                0x0000000008000d14                DMA2_Stream3_IRQHandler
                0x0000000008000d14                USART6_IRQHandler
                0x0000000008000d14                USART3_IRQHandler
                0x0000000008000d14                CAN1_RX1_IRQHandler
                0x0000000008000d14                UART5_IRQHandler
                0x0000000008000d14                DMA2_Stream0_IRQHandler
                0x0000000008000d14                TIM4_IRQHandler
                0x0000000008000d14                I2C1_EV_IRQHandler
                0x0000000008000d14                DMA1_Stream6_IRQHandler
                0x0000000008000d14                DMA1_Stream1_IRQHandler
                0x0000000008000d14                TIM3_IRQHandler
                0x0000000008000d14                RCC_IRQHandler
                0x0000000008000d14                TIM8_BRK_TIM12_IRQHandler
                0x0000000008000d14                Default_Handler
                0x0000000008000d14                EXTI15_10_IRQHandler
                0x0000000008000d14                ADC_IRQHandler
                0x0000000008000d14                DMA1_Stream7_IRQHandler
                0x0000000008000d14                TIM7_IRQHandler
                0x0000000008000d14                CAN2_TX_IRQHandler
                0x0000000008000d14                TIM5_IRQHandler
                0x0000000008000d14                DMA2_Stream7_IRQHandler
                0x0000000008000d14                I2C3_EV_IRQHandler
                0x0000000008000d14                EXTI9_5_IRQHandler
                0x0000000008000d14                RTC_WKUP_IRQHandler
                0x0000000008000d14                SPI2_IRQHandler
                0x0000000008000d14                OTG_HS_EP1_IN_IRQHandler
                0x0000000008000d14                DMA1_Stream0_IRQHandler
                0x0000000008000d14                CAN1_TX_IRQHandler
                0x0000000008000d14                EXTI4_IRQHandler
                0x0000000008000d14                FSMC_IRQHandler
                0x0000000008000d14                OTG_HS_EP1_OUT_IRQHandler
                0x0000000008000d14                WWDG_IRQHandler
                0x0000000008000d14                TIM2_IRQHandler
                0x0000000008000d14                OTG_FS_WKUP_IRQHandler
                0x0000000008000d14                TIM1_TRG_COM_TIM11_IRQHandler
                0x0000000008000d14                OTG_HS_IRQHandler
                0x0000000008000d14                EXTI1_IRQHandler
                0x0000000008000d14                USART2_IRQHandler
                0x0000000008000d14                I2C2_ER_IRQHandler
                0x0000000008000d14                DMA2_Stream1_IRQHandler
                0x0000000008000d14                CAN1_SCE_IRQHandler
                0x0000000008000d14                FLASH_IRQHandler
                0x0000000008000d14                DMA2_Stream4_IRQHandler
                0x0000000008000d14                USART1_IRQHandler
                0x0000000008000d14                OTG_FS_IRQHandler
                0x0000000008000d14                SPI3_IRQHandler
                0x0000000008000d14                I2C1_ER_IRQHandler
                0x0000000008000d14                DMA2_Stream6_IRQHandler
                0x0000000008000d14                DMA1_Stream3_IRQHandler
 *fill*         0x0000000008000d16        0x2 
 .text.HAL_Init
                0x0000000008000d18       0x44 ./Drivers/STM32F4xx_HAL_Driver/Src/stm32f4xx_hal.o
                0x0000000008000d18                HAL_Init
 .text.HAL_InitTick
                0x0000000008000d5c       0x60 ./Drivers/STM32F4xx_HAL_Driver/Src/stm32f4xx_hal.o
                0x0000000008000d5c                HAL_InitTick
 .text.HAL_IncTick
                0x0000000008000dbc       0x28 ./Drivers/STM32F4xx_HAL_Driver/Src/stm32f4xx_hal.o
                0x0000000008000dbc                HAL_IncTick
 .text.HAL_GetTick
                0x0000000008000de4       0x18 ./Drivers/STM32F4xx_HAL_Driver/Src/stm32f4xx_hal.o
                0x0000000008000de4                HAL_GetTick
 .text.__NVIC_SetPriorityGrouping
                0x0000000008000dfc       0x48 ./Drivers/STM32F4xx_HAL_Driver/Src/stm32f4xx_hal_cortex.o
 .text.__NVIC_GetPriorityGrouping
                0x0000000008000e44       0x1c ./Drivers/STM32F4xx_HAL_Driver/Src/stm32f4xx_hal_cortex.o
 .text.__NVIC_EnableIRQ
                0x0000000008000e60       0x3c ./Drivers/STM32F4xx_HAL_Driver/Src/stm32f4xx_hal_cortex.o
 .text.__NVIC_SetPriority
                0x0000000008000e9c       0x54 ./Drivers/STM32F4xx_HAL_Driver/Src/stm32f4xx_hal_cortex.o
 .text.NVIC_EncodePriority
                0x0000000008000ef0       0x66 ./Drivers/STM32F4xx_HAL_Driver/Src/stm32f4xx_hal_cortex.o
 *fill*         0x0000000008000f56        0x2 
 .text.SysTick_Config
                0x0000000008000f58       0x44 ./Drivers/STM32F4xx_HAL_Driver/Src/stm32f4xx_hal_cortex.o
 .text.HAL_NVIC_SetPriorityGrouping
                0x0000000008000f9c       0x16 ./Drivers/STM32F4xx_HAL_Driver/Src/stm32f4xx_hal_cortex.o
                0x0000000008000f9c                HAL_NVIC_SetPriorityGrouping
 .text.HAL_NVIC_SetPriority
                0x0000000008000fb2       0x38 ./Drivers/STM32F4xx_HAL_Driver/Src/stm32f4xx_hal_cortex.o
                0x0000000008000fb2                HAL_NVIC_SetPriority
 .text.HAL_NVIC_EnableIRQ
                0x0000000008000fea       0x1c ./Drivers/STM32F4xx_HAL_Driver/Src/stm32f4xx_hal_cortex.o
                0x0000000008000fea                HAL_NVIC_EnableIRQ
 .text.HAL_SYSTICK_Config
                0x0000000008001006       0x18 ./Drivers/STM32F4xx_HAL_Driver/Src/stm32f4xx_hal_cortex.o
                0x0000000008001006                HAL_SYSTICK_Config
 *fill*         0x000000000800101e        0x2 
 .text.HAL_DMA_Init
                0x0000000008001020      0x15c ./Drivers/STM32F4xx_HAL_Driver/Src/stm32f4xx_hal_dma.o
                0x0000000008001020                HAL_DMA_Init
 .text.HAL_DMA_Start_IT
                0x000000000800117c       0xb0 ./Drivers/STM32F4xx_HAL_Driver/Src/stm32f4xx_hal_dma.o
                0x000000000800117c                HAL_DMA_Start_IT
 .text.HAL_DMA_Abort
                0x000000000800122c       0xe0 ./Drivers/STM32F4xx_HAL_Driver/Src/stm32f4xx_hal_dma.o
                0x000000000800122c                HAL_DMA_Abort
 .text.HAL_DMA_Abort_IT
                0x000000000800130c       0x44 ./Drivers/STM32F4xx_HAL_Driver/Src/stm32f4xx_hal_dma.o
                0x000000000800130c                HAL_DMA_Abort_IT
 .text.HAL_DMA_IRQHandler
                0x0000000008001350      0x314 ./Drivers/STM32F4xx_HAL_Driver/Src/stm32f4xx_hal_dma.o
                0x0000000008001350                HAL_DMA_IRQHandler
 .text.DMA_SetConfig
                0x0000000008001664       0x5c ./Drivers/STM32F4xx_HAL_Driver/Src/stm32f4xx_hal_dma.o
 .text.DMA_CalcBaseAndBitshift
                0x00000000080016c0       0x6c ./Drivers/STM32F4xx_HAL_Driver/Src/stm32f4xx_hal_dma.o
 .text.DMA_CheckFifoParam
                0x000000000800172c       0xf8 ./Drivers/STM32F4xx_HAL_Driver/Src/stm32f4xx_hal_dma.o
 .text.HAL_GPIO_Init
                0x0000000008001824      0x338 ./Drivers/STM32F4xx_HAL_Driver/Src/stm32f4xx_hal_gpio.o
                0x0000000008001824                HAL_GPIO_Init
 .text.HAL_RCC_OscConfig
                0x0000000008001b5c      0x4f0 ./Drivers/STM32F4xx_HAL_Driver/Src/stm32f4xx_hal_rcc.o
                0x0000000008001b5c                HAL_RCC_OscConfig
 .text.HAL_RCC_ClockConfig
                0x000000000800204c      0x1cc ./Drivers/STM32F4xx_HAL_Driver/Src/stm32f4xx_hal_rcc.o
                0x000000000800204c                HAL_RCC_ClockConfig
 .text.HAL_RCC_GetSysClockFreq
                0x0000000008002218      0x1c4 ./Drivers/STM32F4xx_HAL_Driver/Src/stm32f4xx_hal_rcc.o
                0x0000000008002218                HAL_RCC_GetSysClockFreq
 .text.HAL_RCC_GetHCLKFreq
                0x00000000080023dc       0x18 ./Drivers/STM32F4xx_HAL_Driver/Src/stm32f4xx_hal_rcc.o
                0x00000000080023dc                HAL_RCC_GetHCLKFreq
 .text.HAL_RCC_GetPCLK1Freq
                0x00000000080023f4       0x28 ./Drivers/STM32F4xx_HAL_Driver/Src/stm32f4xx_hal_rcc.o
                0x00000000080023f4                HAL_RCC_GetPCLK1Freq
 .text.HAL_RCC_GetPCLK2Freq
                0x000000000800241c       0x28 ./Drivers/STM32F4xx_HAL_Driver/Src/stm32f4xx_hal_rcc.o
                0x000000000800241c                HAL_RCC_GetPCLK2Freq
 .text.HAL_UART_Init
                0x0000000008002444       0x9a ./Drivers/STM32F4xx_HAL_Driver/Src/stm32f4xx_hal_uart.o
                0x0000000008002444                HAL_UART_Init
 .text.HAL_UART_Receive_DMA
                0x00000000080024de       0x60 ./Drivers/STM32F4xx_HAL_Driver/Src/stm32f4xx_hal_uart.o
                0x00000000080024de                HAL_UART_Receive_DMA
 *fill*         0x000000000800253e        0x2 
 .text.HAL_UART_IRQHandler
                0x0000000008002540      0x51c ./Drivers/STM32F4xx_HAL_Driver/Src/stm32f4xx_hal_uart.o
                0x0000000008002540                HAL_UART_IRQHandler
 .text.HAL_UART_TxCpltCallback
                0x0000000008002a5c       0x14 ./Drivers/STM32F4xx_HAL_Driver/Src/stm32f4xx_hal_uart.o
                0x0000000008002a5c                HAL_UART_TxCpltCallback
 .text.HAL_UART_RxHalfCpltCallback
                0x0000000008002a70       0x14 ./Drivers/STM32F4xx_HAL_Driver/Src/stm32f4xx_hal_uart.o
                0x0000000008002a70                HAL_UART_RxHalfCpltCallback
 .text.HAL_UART_ErrorCallback
                0x0000000008002a84       0x14 ./Drivers/STM32F4xx_HAL_Driver/Src/stm32f4xx_hal_uart.o
                0x0000000008002a84                HAL_UART_ErrorCallback
 .text.HAL_UARTEx_RxEventCallback
                0x0000000008002a98       0x18 ./Drivers/STM32F4xx_HAL_Driver/Src/stm32f4xx_hal_uart.o
                0x0000000008002a98                HAL_UARTEx_RxEventCallback
 .text.UART_DMAReceiveCplt
                0x0000000008002ab0      0x126 ./Drivers/STM32F4xx_HAL_Driver/Src/stm32f4xx_hal_uart.o
 .text.UART_DMARxHalfCplt
                0x0000000008002bd6       0x36 ./Drivers/STM32F4xx_HAL_Driver/Src/stm32f4xx_hal_uart.o
 .text.UART_DMAError
                0x0000000008002c0c       0x94 ./Drivers/STM32F4xx_HAL_Driver/Src/stm32f4xx_hal_uart.o
 .text.UART_Start_Receive_DMA
                0x0000000008002ca0      0x134 ./Drivers/STM32F4xx_HAL_Driver/Src/stm32f4xx_hal_uart.o
                0x0000000008002ca0                UART_Start_Receive_DMA
 .text.UART_EndTxTransfer
                0x0000000008002dd4       0x50 ./Drivers/STM32F4xx_HAL_Driver/Src/stm32f4xx_hal_uart.o
 .text.UART_EndRxTransfer
                0x0000000008002e24       0xc6 ./Drivers/STM32F4xx_HAL_Driver/Src/stm32f4xx_hal_uart.o
 .text.UART_DMAAbortOnError
                0x0000000008002eea       0x28 ./Drivers/STM32F4xx_HAL_Driver/Src/stm32f4xx_hal_uart.o
 .text.UART_Transmit_IT
                0x0000000008002f12       0xa0 ./Drivers/STM32F4xx_HAL_Driver/Src/stm32f4xx_hal_uart.o
 .text.UART_EndTransmit_IT
                0x0000000008002fb2       0x30 ./Drivers/STM32F4xx_HAL_Driver/Src/stm32f4xx_hal_uart.o
 .text.UART_Receive_IT
                0x0000000008002fe2      0x176 ./Drivers/STM32F4xx_HAL_Driver/Src/stm32f4xx_hal_uart.o
 .text.UART_SetConfig
                0x0000000008003158      0x390 ./Drivers/STM32F4xx_HAL_Driver/Src/stm32f4xx_hal_uart.o
 .text.__libc_init_array
                0x00000000080034e8       0x48 d:/st/stm32cubeide_1.7.0/stm32cubeide/plugins/com.st.stm32cube.ide.mcu.externaltools.gnu-tools-for-stm32.9-2020-q2-update.win32_2.0.0.202105311346/tools/bin/../lib/gcc/arm-none-eabi/9.3.1/../../../../arm-none-eabi/lib/thumb/v7e-m+fp/hard\libc_nano.a(lib_a-init.o)
                0x00000000080034e8                __libc_init_array
 .text.memset   0x0000000008003530       0x10 d:/st/stm32cubeide_1.7.0/stm32cubeide/plugins/com.st.stm32cube.ide.mcu.externaltools.gnu-tools-for-stm32.9-2020-q2-update.win32_2.0.0.202105311346/tools/bin/../lib/gcc/arm-none-eabi/9.3.1/../../../../arm-none-eabi/lib/thumb/v7e-m+fp/hard\libc_nano.a(lib_a-memset.o)
                0x0000000008003530                memset
 *(.glue_7)
 .glue_7        0x0000000008003540        0x0 linker stubs
 *(.glue_7t)
 .glue_7t       0x0000000008003540        0x0 linker stubs
 *(.eh_frame)
 .eh_frame      0x0000000008003540        0x0 d:/st/stm32cubeide_1.7.0/stm32cubeide/plugins/com.st.stm32cube.ide.mcu.externaltools.gnu-tools-for-stm32.9-2020-q2-update.win32_2.0.0.202105311346/tools/bin/../lib/gcc/arm-none-eabi/9.3.1/thumb/v7e-m+fp/hard/crtbegin.o
 *(.init)
 .init          0x0000000008003540        0x4 d:/st/stm32cubeide_1.7.0/stm32cubeide/plugins/com.st.stm32cube.ide.mcu.externaltools.gnu-tools-for-stm32.9-2020-q2-update.win32_2.0.0.202105311346/tools/bin/../lib/gcc/arm-none-eabi/9.3.1/thumb/v7e-m+fp/hard/crti.o
                0x0000000008003540                _init
 .init          0x0000000008003544        0x8 d:/st/stm32cubeide_1.7.0/stm32cubeide/plugins/com.st.stm32cube.ide.mcu.externaltools.gnu-tools-for-stm32.9-2020-q2-update.win32_2.0.0.202105311346/tools/bin/../lib/gcc/arm-none-eabi/9.3.1/thumb/v7e-m+fp/hard/crtn.o
 *(.fini)
 .fini          0x000000000800354c        0x4 d:/st/stm32cubeide_1.7.0/stm32cubeide/plugins/com.st.stm32cube.ide.mcu.externaltools.gnu-tools-for-stm32.9-2020-q2-update.win32_2.0.0.202105311346/tools/bin/../lib/gcc/arm-none-eabi/9.3.1/thumb/v7e-m+fp/hard/crti.o
                0x000000000800354c                _fini
 .fini          0x0000000008003550        0x8 d:/st/stm32cubeide_1.7.0/stm32cubeide/plugins/com.st.stm32cube.ide.mcu.externaltools.gnu-tools-for-stm32.9-2020-q2-update.win32_2.0.0.202105311346/tools/bin/../lib/gcc/arm-none-eabi/9.3.1/thumb/v7e-m+fp/hard/crtn.o
                0x0000000008003558                . = ALIGN (0x4)
                0x0000000008003558                _etext = .

.vfp11_veneer   0x0000000008003558        0x0
 .vfp11_veneer  0x0000000008003558        0x0 linker stubs

.v4_bx          0x0000000008003558        0x0
 .v4_bx         0x0000000008003558        0x0 linker stubs

.iplt           0x0000000008003558        0x0
 .iplt          0x0000000008003558        0x0 d:/st/stm32cubeide_1.7.0/stm32cubeide/plugins/com.st.stm32cube.ide.mcu.externaltools.gnu-tools-for-stm32.9-2020-q2-update.win32_2.0.0.202105311346/tools/bin/../lib/gcc/arm-none-eabi/9.3.1/thumb/v7e-m+fp/hard/crtbegin.o

.rodata         0x0000000008003558       0x20
                0x0000000008003558                . = ALIGN (0x4)
 *(.rodata)
 *(.rodata*)
 .rodata.AHBPrescTable
                0x0000000008003558       0x10 ./Core/Src/system_stm32f4xx.o
                0x0000000008003558                AHBPrescTable
 .rodata.APBPrescTable
                0x0000000008003568        0x8 ./Core/Src/system_stm32f4xx.o
                0x0000000008003568                APBPrescTable
 .rodata.flagBitshiftOffset.7698
                0x0000000008003570        0x8 ./Drivers/STM32F4xx_HAL_Driver/Src/stm32f4xx_hal_dma.o
                0x0000000008003578                . = ALIGN (0x4)

.ARM.extab      0x0000000008003578        0x0
                0x0000000008003578                . = ALIGN (0x4)
 *(.ARM.extab* .gnu.linkonce.armextab.*)
                0x0000000008003578                . = ALIGN (0x4)

.ARM            0x0000000008003578        0x8
                0x0000000008003578                . = ALIGN (0x4)
                0x0000000008003578                __exidx_start = .
 *(.ARM.exidx*)
 .ARM.exidx     0x0000000008003578        0x8 d:/st/stm32cubeide_1.7.0/stm32cubeide/plugins/com.st.stm32cube.ide.mcu.externaltools.gnu-tools-for-stm32.9-2020-q2-update.win32_2.0.0.202105311346/tools/bin/../lib/gcc/arm-none-eabi/9.3.1/thumb/v7e-m+fp/hard\libgcc.a(_udivmoddi4.o)
                0x0000000008003580                __exidx_end = .
                0x0000000008003580                . = ALIGN (0x4)

.rel.dyn        0x0000000008003580        0x0
 .rel.iplt      0x0000000008003580        0x0 d:/st/stm32cubeide_1.7.0/stm32cubeide/plugins/com.st.stm32cube.ide.mcu.externaltools.gnu-tools-for-stm32.9-2020-q2-update.win32_2.0.0.202105311346/tools/bin/../lib/gcc/arm-none-eabi/9.3.1/thumb/v7e-m+fp/hard/crtbegin.o

.preinit_array  0x0000000008003580        0x0
                0x0000000008003580                . = ALIGN (0x4)
                0x0000000008003580                PROVIDE (__preinit_array_start = .)
 *(.preinit_array*)
                0x0000000008003580                PROVIDE (__preinit_array_end = .)
                0x0000000008003580                . = ALIGN (0x4)

.init_array     0x0000000008003580        0x4
                0x0000000008003580                . = ALIGN (0x4)
                0x0000000008003580                PROVIDE (__init_array_start = .)
 *(SORT_BY_NAME(.init_array.*))
 *(.init_array*)
 .init_array    0x0000000008003580        0x4 d:/st/stm32cubeide_1.7.0/stm32cubeide/plugins/com.st.stm32cube.ide.mcu.externaltools.gnu-tools-for-stm32.9-2020-q2-update.win32_2.0.0.202105311346/tools/bin/../lib/gcc/arm-none-eabi/9.3.1/thumb/v7e-m+fp/hard/crtbegin.o
                0x0000000008003584                PROVIDE (__init_array_end = .)
                0x0000000008003584                . = ALIGN (0x4)

.fini_array     0x0000000008003584        0x4
                0x0000000008003584                . = ALIGN (0x4)
                [!provide]                        PROVIDE (__fini_array_start = .)
 *(SORT_BY_NAME(.fini_array.*))
 *(.fini_array*)
 .fini_array    0x0000000008003584        0x4 d:/st/stm32cubeide_1.7.0/stm32cubeide/plugins/com.st.stm32cube.ide.mcu.externaltools.gnu-tools-for-stm32.9-2020-q2-update.win32_2.0.0.202105311346/tools/bin/../lib/gcc/arm-none-eabi/9.3.1/thumb/v7e-m+fp/hard/crtbegin.o
                [!provide]                        PROVIDE (__fini_array_end = .)
                0x0000000008003588                . = ALIGN (0x4)
                0x0000000008003588                _sidata = LOADADDR (.data)

.data           0x0000000020000000        0xc load address 0x0000000008003588
                0x0000000020000000                . = ALIGN (0x4)
                0x0000000020000000                _sdata = .
 *(.data)
 *(.data*)
 .data.SystemCoreClock
                0x0000000020000000        0x4 ./Core/Src/system_stm32f4xx.o
                0x0000000020000000                SystemCoreClock
 .data.uwTickPrio
                0x0000000020000004        0x4 ./Drivers/STM32F4xx_HAL_Driver/Src/stm32f4xx_hal.o
                0x0000000020000004                uwTickPrio
 .data.uwTickFreq
                0x0000000020000008        0x1 ./Drivers/STM32F4xx_HAL_Driver/Src/stm32f4xx_hal.o
                0x0000000020000008                uwTickFreq
 *(.RamFunc)
 *(.RamFunc*)
                0x000000002000000c                . = ALIGN (0x4)
 *fill*         0x0000000020000009        0x3 
                0x000000002000000c                _edata = .
                0x0000000008003594                _siccmram = LOADADDR (.ccmram)

.igot.plt       0x000000002000000c        0x0 load address 0x0000000008003594
 .igot.plt      0x000000002000000c        0x0 d:/st/stm32cubeide_1.7.0/stm32cubeide/plugins/com.st.stm32cube.ide.mcu.externaltools.gnu-tools-for-stm32.9-2020-q2-update.win32_2.0.0.202105311346/tools/bin/../lib/gcc/arm-none-eabi/9.3.1/thumb/v7e-m+fp/hard/crtbegin.o

.ccmram         0x0000000010000000        0x0 load address 0x0000000008003594
                0x0000000010000000                . = ALIGN (0x4)
                0x0000000010000000                _sccmram = .
 *(.ccmram)
 *(.ccmram*)
                0x0000000010000000                . = ALIGN (0x4)
                0x0000000010000000                _eccmram = .
                0x0000000010000000                . = ALIGN (0x4)

.bss            0x000000002000000c      0x1b8
                0x000000002000000c                _sbss = .
                0x000000002000000c                __bss_start__ = _sbss
 *(.bss)
 .bss           0x000000002000000c       0x1c d:/st/stm32cubeide_1.7.0/stm32cubeide/plugins/com.st.stm32cube.ide.mcu.externaltools.gnu-tools-for-stm32.9-2020-q2-update.win32_2.0.0.202105311346/tools/bin/../lib/gcc/arm-none-eabi/9.3.1/thumb/v7e-m+fp/hard/crtbegin.o
 *(.bss*)
 .bss.clear_buf
                0x0000000020000028        0x1 ./Core/Src/main.o
                0x0000000020000028                clear_buf
 .bss.sync      0x0000000020000029        0x1 ./Core/Src/main.o
                0x0000000020000029                sync
 *fill*         0x000000002000002a        0x2 
 .bss.unsync_rate
                0x000000002000002c        0x4 ./Core/Src/main.o
                0x000000002000002c                unsync_rate
 *(COMMON)
 COMMON         0x0000000020000030       0x8b ./Core/Src/main.o
                0x0000000020000030                serial_buf
                0x0000000020000062                frame_size
                0x0000000020000064                serial_buf_channels
                0x0000000020000080                channels
                0x00000000200000a0                serial_buf_changed
                0x00000000200000b9                serial_ptr
                0x00000000200000ba                serial_byte
 *fill*         0x00000000200000bb        0x1 
 COMMON         0x00000000200000bc      0x104 ./Core/Src/usart.o
                0x00000000200000bc                hdma_uart4_rx
                0x000000002000011c                huart4
                0x0000000020000160                hdma_uart4_tx
 COMMON         0x00000000200001c0        0x4 ./Drivers/STM32F4xx_HAL_Driver/Src/stm32f4xx_hal.o
                0x00000000200001c0                uwTick
                0x00000000200001c4                . = ALIGN (0x4)
                0x00000000200001c4                _ebss = .
                0x00000000200001c4                __bss_end__ = _ebss

._user_heap_stack
                0x00000000200001c4      0x604
                0x00000000200001c8                . = ALIGN (0x8)
 *fill*         0x00000000200001c4        0x4 
                [!provide]                        PROVIDE (end = .)
                0x00000000200001c8                PROVIDE (_end = .)
                0x00000000200003c8                . = (. + _Min_Heap_Size)
 *fill*         0x00000000200001c8      0x200 
                0x00000000200007c8                . = (. + _Min_Stack_Size)
 *fill*         0x00000000200003c8      0x400 
                0x00000000200007c8                . = ALIGN (0x8)

/DISCARD/
 libc.a(*)
 libm.a(*)
 libgcc.a(*)

.ARM.attributes
                0x0000000000000000       0x30
 *(.ARM.attributes)
 .ARM.attributes
                0x0000000000000000       0x1e d:/st/stm32cubeide_1.7.0/stm32cubeide/plugins/com.st.stm32cube.ide.mcu.externaltools.gnu-tools-for-stm32.9-2020-q2-update.win32_2.0.0.202105311346/tools/bin/../lib/gcc/arm-none-eabi/9.3.1/thumb/v7e-m+fp/hard/crti.o
 .ARM.attributes
                0x000000000000001e       0x34 d:/st/stm32cubeide_1.7.0/stm32cubeide/plugins/com.st.stm32cube.ide.mcu.externaltools.gnu-tools-for-stm32.9-2020-q2-update.win32_2.0.0.202105311346/tools/bin/../lib/gcc/arm-none-eabi/9.3.1/thumb/v7e-m+fp/hard/crtbegin.o
 .ARM.attributes
                0x0000000000000052       0x34 ./Core/Src/dma.o
 .ARM.attributes
                0x0000000000000086       0x34 ./Core/Src/gpio.o
 .ARM.attributes
                0x00000000000000ba       0x34 ./Core/Src/main.o
 .ARM.attributes
                0x00000000000000ee       0x34 ./Core/Src/stm32f4xx_hal_msp.o
 .ARM.attributes
                0x0000000000000122       0x34 ./Core/Src/stm32f4xx_it.o
 .ARM.attributes
                0x0000000000000156       0x34 ./Core/Src/system_stm32f4xx.o
 .ARM.attributes
                0x000000000000018a       0x34 ./Core/Src/usart.o
 .ARM.attributes
                0x00000000000001be       0x21 ./Core/Startup/startup_stm32f405rgtx.o
 .ARM.attributes
                0x00000000000001df       0x34 ./Drivers/STM32F4xx_HAL_Driver/Src/stm32f4xx_hal.o
 .ARM.attributes
                0x0000000000000213       0x34 ./Drivers/STM32F4xx_HAL_Driver/Src/stm32f4xx_hal_cortex.o
 .ARM.attributes
                0x0000000000000247       0x34 ./Drivers/STM32F4xx_HAL_Driver/Src/stm32f4xx_hal_dma.o
 .ARM.attributes
                0x000000000000027b       0x34 ./Drivers/STM32F4xx_HAL_Driver/Src/stm32f4xx_hal_gpio.o
 .ARM.attributes
                0x00000000000002af       0x34 ./Drivers/STM32F4xx_HAL_Driver/Src/stm32f4xx_hal_rcc.o
 .ARM.attributes
                0x00000000000002e3       0x34 ./Drivers/STM32F4xx_HAL_Driver/Src/stm32f4xx_hal_uart.o
 .ARM.attributes
                0x0000000000000317       0x34 d:/st/stm32cubeide_1.7.0/stm32cubeide/plugins/com.st.stm32cube.ide.mcu.externaltools.gnu-tools-for-stm32.9-2020-q2-update.win32_2.0.0.202105311346/tools/bin/../lib/gcc/arm-none-eabi/9.3.1/../../../../arm-none-eabi/lib/thumb/v7e-m+fp/hard\libc_nano.a(lib_a-init.o)
 .ARM.attributes
                0x000000000000034b       0x34 d:/st/stm32cubeide_1.7.0/stm32cubeide/plugins/com.st.stm32cube.ide.mcu.externaltools.gnu-tools-for-stm32.9-2020-q2-update.win32_2.0.0.202105311346/tools/bin/../lib/gcc/arm-none-eabi/9.3.1/../../../../arm-none-eabi/lib/thumb/v7e-m+fp/hard\libc_nano.a(lib_a-memset.o)
 .ARM.attributes
                0x000000000000037f       0x1e d:/st/stm32cubeide_1.7.0/stm32cubeide/plugins/com.st.stm32cube.ide.mcu.externaltools.gnu-tools-for-stm32.9-2020-q2-update.win32_2.0.0.202105311346/tools/bin/../lib/gcc/arm-none-eabi/9.3.1/thumb/v7e-m+fp/hard\libgcc.a(_aeabi_uldivmod.o)
 .ARM.attributes
                0x000000000000039d       0x34 d:/st/stm32cubeide_1.7.0/stm32cubeide/plugins/com.st.stm32cube.ide.mcu.externaltools.gnu-tools-for-stm32.9-2020-q2-update.win32_2.0.0.202105311346/tools/bin/../lib/gcc/arm-none-eabi/9.3.1/thumb/v7e-m+fp/hard\libgcc.a(_udivmoddi4.o)
 .ARM.attributes
                0x00000000000003d1       0x1e d:/st/stm32cubeide_1.7.0/stm32cubeide/plugins/com.st.stm32cube.ide.mcu.externaltools.gnu-tools-for-stm32.9-2020-q2-update.win32_2.0.0.202105311346/tools/bin/../lib/gcc/arm-none-eabi/9.3.1/thumb/v7e-m+fp/hard\libgcc.a(_dvmd_tls.o)
 .ARM.attributes
                0x00000000000003ef       0x1e d:/st/stm32cubeide_1.7.0/stm32cubeide/plugins/com.st.stm32cube.ide.mcu.externaltools.gnu-tools-for-stm32.9-2020-q2-update.win32_2.0.0.202105311346/tools/bin/../lib/gcc/arm-none-eabi/9.3.1/thumb/v7e-m+fp/hard/crtn.o
OUTPUT(GMF.elf elf32-littlearm)
LOAD linker stubs
LOAD d:/st/stm32cubeide_1.7.0/stm32cubeide/plugins/com.st.stm32cube.ide.mcu.externaltools.gnu-tools-for-stm32.9-2020-q2-update.win32_2.0.0.202105311346/tools/bin/../lib/gcc/arm-none-eabi/9.3.1/../../../../arm-none-eabi/lib/thumb/v7e-m+fp/hard\libc.a
LOAD d:/st/stm32cubeide_1.7.0/stm32cubeide/plugins/com.st.stm32cube.ide.mcu.externaltools.gnu-tools-for-stm32.9-2020-q2-update.win32_2.0.0.202105311346/tools/bin/../lib/gcc/arm-none-eabi/9.3.1/../../../../arm-none-eabi/lib/thumb/v7e-m+fp/hard\libm.a
LOAD d:/st/stm32cubeide_1.7.0/stm32cubeide/plugins/com.st.stm32cube.ide.mcu.externaltools.gnu-tools-for-stm32.9-2020-q2-update.win32_2.0.0.202105311346/tools/bin/../lib/gcc/arm-none-eabi/9.3.1/thumb/v7e-m+fp/hard\libgcc.a

.debug_info     0x0000000000000000     0xa080
 .debug_info    0x0000000000000000      0x58a ./Core/Src/dma.o
 .debug_info    0x000000000000058a      0x394 ./Core/Src/gpio.o
 .debug_info    0x000000000000091e     0x147c ./Core/Src/main.o
 .debug_info    0x0000000000001d9a      0x394 ./Core/Src/stm32f4xx_hal_msp.o
 .debug_info    0x000000000000212e      0x749 ./Core/Src/stm32f4xx_it.o
 .debug_info    0x0000000000002877      0x5a4 ./Core/Src/system_stm32f4xx.o
 .debug_info    0x0000000000002e1b      0xc3b ./Core/Src/usart.o
 .debug_info    0x0000000000003a56       0x22 ./Core/Startup/startup_stm32f405rgtx.o
 .debug_info    0x0000000000003a78      0x9a0 ./Drivers/STM32F4xx_HAL_Driver/Src/stm32f4xx_hal.o
 .debug_info    0x0000000000004418      0xec5 ./Drivers/STM32F4xx_HAL_Driver/Src/stm32f4xx_hal_cortex.o
 .debug_info    0x00000000000052dd      0x9f1 ./Drivers/STM32F4xx_HAL_Driver/Src/stm32f4xx_hal_dma.o
 .debug_info    0x0000000000005cce      0x83e ./Drivers/STM32F4xx_HAL_Driver/Src/stm32f4xx_hal_gpio.o
 .debug_info    0x000000000000650c      0x996 ./Drivers/STM32F4xx_HAL_Driver/Src/stm32f4xx_hal_rcc.o
 .debug_info    0x0000000000006ea2     0x31de ./Drivers/STM32F4xx_HAL_Driver/Src/stm32f4xx_hal_uart.o

.debug_abbrev   0x0000000000000000     0x1935
 .debug_abbrev  0x0000000000000000      0x11b ./Core/Src/dma.o
 .debug_abbrev  0x000000000000011b      0x11d ./Core/Src/gpio.o
 .debug_abbrev  0x0000000000000238      0x27c ./Core/Src/main.o
 .debug_abbrev  0x00000000000004b4      0x11d ./Core/Src/stm32f4xx_hal_msp.o
 .debug_abbrev  0x00000000000005d1      0x163 ./Core/Src/stm32f4xx_it.o
 .debug_abbrev  0x0000000000000734      0x145 ./Core/Src/system_stm32f4xx.o
 .debug_abbrev  0x0000000000000879      0x1d7 ./Core/Src/usart.o
 .debug_abbrev  0x0000000000000a50       0x12 ./Core/Startup/startup_stm32f405rgtx.o
 .debug_abbrev  0x0000000000000a62      0x1ed ./Drivers/STM32F4xx_HAL_Driver/Src/stm32f4xx_hal.o
 .debug_abbrev  0x0000000000000c4f      0x33c ./Drivers/STM32F4xx_HAL_Driver/Src/stm32f4xx_hal_cortex.o
 .debug_abbrev  0x0000000000000f8b      0x259 ./Drivers/STM32F4xx_HAL_Driver/Src/stm32f4xx_hal_dma.o
 .debug_abbrev  0x00000000000011e4      0x1f1 ./Drivers/STM32F4xx_HAL_Driver/Src/stm32f4xx_hal_gpio.o
 .debug_abbrev  0x00000000000013d5      0x275 ./Drivers/STM32F4xx_HAL_Driver/Src/stm32f4xx_hal_rcc.o
 .debug_abbrev  0x000000000000164a      0x2eb ./Drivers/STM32F4xx_HAL_Driver/Src/stm32f4xx_hal_uart.o

.debug_aranges  0x0000000000000000      0x708
 .debug_aranges
                0x0000000000000000       0x20 ./Core/Src/dma.o
 .debug_aranges
                0x0000000000000020       0x20 ./Core/Src/gpio.o
 .debug_aranges
                0x0000000000000040       0x38 ./Core/Src/main.o
 .debug_aranges
                0x0000000000000078       0x20 ./Core/Src/stm32f4xx_hal_msp.o
 .debug_aranges
                0x0000000000000098       0x78 ./Core/Src/stm32f4xx_it.o
 .debug_aranges
                0x0000000000000110       0x28 ./Core/Src/system_stm32f4xx.o
 .debug_aranges
                0x0000000000000138       0x30 ./Core/Src/usart.o
 .debug_aranges
                0x0000000000000168       0x28 ./Core/Startup/startup_stm32f405rgtx.o
 .debug_aranges
                0x0000000000000190       0xf0 ./Drivers/STM32F4xx_HAL_Driver/Src/stm32f4xx_hal.o
 .debug_aranges
                0x0000000000000280      0x118 ./Drivers/STM32F4xx_HAL_Driver/Src/stm32f4xx_hal_cortex.o
 .debug_aranges
                0x0000000000000398       0x90 ./Drivers/STM32F4xx_HAL_Driver/Src/stm32f4xx_hal_dma.o
 .debug_aranges
                0x0000000000000428       0x58 ./Drivers/STM32F4xx_HAL_Driver/Src/stm32f4xx_hal_gpio.o
 .debug_aranges
                0x0000000000000480       0x88 ./Drivers/STM32F4xx_HAL_Driver/Src/stm32f4xx_hal_rcc.o
 .debug_aranges
                0x0000000000000508      0x200 ./Drivers/STM32F4xx_HAL_Driver/Src/stm32f4xx_hal_uart.o

.debug_ranges   0x0000000000000000      0x660
 .debug_ranges  0x0000000000000000       0x10 ./Core/Src/dma.o
 .debug_ranges  0x0000000000000010       0x10 ./Core/Src/gpio.o
 .debug_ranges  0x0000000000000020       0x28 ./Core/Src/main.o
 .debug_ranges  0x0000000000000048       0x10 ./Core/Src/stm32f4xx_hal_msp.o
 .debug_ranges  0x0000000000000058       0x68 ./Core/Src/stm32f4xx_it.o
 .debug_ranges  0x00000000000000c0       0x18 ./Core/Src/system_stm32f4xx.o
 .debug_ranges  0x00000000000000d8       0x20 ./Core/Src/usart.o
 .debug_ranges  0x00000000000000f8       0x20 ./Core/Startup/startup_stm32f405rgtx.o
 .debug_ranges  0x0000000000000118       0xe0 ./Drivers/STM32F4xx_HAL_Driver/Src/stm32f4xx_hal.o
 .debug_ranges  0x00000000000001f8      0x108 ./Drivers/STM32F4xx_HAL_Driver/Src/stm32f4xx_hal_cortex.o
 .debug_ranges  0x0000000000000300       0x80 ./Drivers/STM32F4xx_HAL_Driver/Src/stm32f4xx_hal_dma.o
 .debug_ranges  0x0000000000000380       0x48 ./Drivers/STM32F4xx_HAL_Driver/Src/stm32f4xx_hal_gpio.o
 .debug_ranges  0x00000000000003c8       0x78 ./Drivers/STM32F4xx_HAL_Driver/Src/stm32f4xx_hal_rcc.o
 .debug_ranges  0x0000000000000440      0x220 ./Drivers/STM32F4xx_HAL_Driver/Src/stm32f4xx_hal_uart.o

.debug_macro    0x0000000000000000    0x1e8b6
 .debug_macro   0x0000000000000000      0x1ce ./Core/Src/dma.o
 .debug_macro   0x00000000000001ce      0xaa8 ./Core/Src/dma.o
 .debug_macro   0x0000000000000c76      0x295 ./Core/Src/dma.o
 .debug_macro   0x0000000000000f0b       0x2e ./Core/Src/dma.o
 .debug_macro   0x0000000000000f39       0x2f ./Core/Src/dma.o
 .debug_macro   0x0000000000000f68       0x22 ./Core/Src/dma.o
 .debug_macro   0x0000000000000f8a       0x8e ./Core/Src/dma.o
 .debug_macro   0x0000000000001018       0x51 ./Core/Src/dma.o
 .debug_macro   0x0000000000001069      0x103 ./Core/Src/dma.o
 .debug_macro   0x000000000000116c       0x6a ./Core/Src/dma.o
 .debug_macro   0x00000000000011d6      0x1df ./Core/Src/dma.o
 .debug_macro   0x00000000000013b5       0x1c ./Core/Src/dma.o
 .debug_macro   0x00000000000013d1       0x22 ./Core/Src/dma.o
 .debug_macro   0x00000000000013f3       0xdf ./Core/Src/dma.o
 .debug_macro   0x00000000000014d2     0x102d ./Core/Src/dma.o
 .debug_macro   0x00000000000024ff      0x11f ./Core/Src/dma.o
 .debug_macro   0x000000000000261e    0x1426d ./Core/Src/dma.o
 .debug_macro   0x000000000001688b       0x6d ./Core/Src/dma.o
 .debug_macro   0x00000000000168f8     0x3666 ./Core/Src/dma.o
 .debug_macro   0x0000000000019f5e      0x174 ./Core/Src/dma.o
 .debug_macro   0x000000000001a0d2       0x5c ./Core/Src/dma.o
 .debug_macro   0x000000000001a12e      0x8a7 ./Core/Src/dma.o
 .debug_macro   0x000000000001a9d5      0x9fe ./Core/Src/dma.o
 .debug_macro   0x000000000001b3d3      0x116 ./Core/Src/dma.o
 .debug_macro   0x000000000001b4e9      0x130 ./Core/Src/dma.o
 .debug_macro   0x000000000001b619       0xa5 ./Core/Src/dma.o
 .debug_macro   0x000000000001b6be      0x174 ./Core/Src/dma.o
 .debug_macro   0x000000000001b832      0x287 ./Core/Src/dma.o
 .debug_macro   0x000000000001bab9       0x5f ./Core/Src/dma.o
 .debug_macro   0x000000000001bb18      0x236 ./Core/Src/dma.o
 .debug_macro   0x000000000001bd4e      0x12c ./Core/Src/dma.o
 .debug_macro   0x000000000001be7a      0x21e ./Core/Src/dma.o
 .debug_macro   0x000000000001c098       0x2e ./Core/Src/dma.o
 .debug_macro   0x000000000001c0c6      0x11a ./Core/Src/dma.o
 .debug_macro   0x000000000001c1e0       0x7e ./Core/Src/dma.o
 .debug_macro   0x000000000001c25e       0x89 ./Core/Src/dma.o
 .debug_macro   0x000000000001c2e7      0x295 ./Core/Src/dma.o
 .debug_macro   0x000000000001c57c      0x12d ./Core/Src/dma.o
 .debug_macro   0x000000000001c6a9      0x1ce ./Core/Src/gpio.o
 .debug_macro   0x000000000001c877      0x375 ./Core/Src/main.o
 .debug_macro   0x000000000001cbec       0x52 ./Core/Src/main.o
 .debug_macro   0x000000000001cc3e       0x18 ./Core/Src/main.o
 .debug_macro   0x000000000001cc56       0x3c ./Core/Src/main.o
 .debug_macro   0x000000000001cc92       0x34 ./Core/Src/main.o
 .debug_macro   0x000000000001ccc6       0x16 ./Core/Src/main.o
 .debug_macro   0x000000000001ccdc       0x35 ./Core/Src/main.o
 .debug_macro   0x000000000001cd11      0x333 ./Core/Src/main.o
 .debug_macro   0x000000000001d044       0x10 ./Core/Src/main.o
 .debug_macro   0x000000000001d054       0x16 ./Core/Src/main.o
 .debug_macro   0x000000000001d06a       0x43 ./Core/Src/main.o
 .debug_macro   0x000000000001d0ad       0x34 ./Core/Src/main.o
 .debug_macro   0x000000000001d0e1       0x10 ./Core/Src/main.o
 .debug_macro   0x000000000001d0f1       0x58 ./Core/Src/main.o
 .debug_macro   0x000000000001d149       0x71 ./Core/Src/main.o
 .debug_macro   0x000000000001d1ba       0x1c ./Core/Src/main.o
 .debug_macro   0x000000000001d1d6      0x12a ./Core/Src/main.o
 .debug_macro   0x000000000001d300       0x10 ./Core/Src/main.o
 .debug_macro   0x000000000001d310       0x1c ./Core/Src/main.o
 .debug_macro   0x000000000001d32c       0x52 ./Core/Src/main.o
 .debug_macro   0x000000000001d37e       0x22 ./Core/Src/main.o
 .debug_macro   0x000000000001d3a0       0x10 ./Core/Src/main.o
 .debug_macro   0x000000000001d3b0       0x40 ./Core/Src/main.o
 .debug_macro   0x000000000001d3f0       0xd5 ./Core/Src/main.o
 .debug_macro   0x000000000001d4c5       0x1c ./Core/Src/main.o
 .debug_macro   0x000000000001d4e1       0x3d ./Core/Src/main.o
 .debug_macro   0x000000000001d51e       0x16 ./Core/Src/main.o
 .debug_macro   0x000000000001d534      0x145 ./Core/Src/main.o
 .debug_macro   0x000000000001d679       0x16 ./Core/Src/main.o
 .debug_macro   0x000000000001d68f       0x20 ./Core/Src/main.o
 .debug_macro   0x000000000001d6af      0x1c4 ./Core/Src/stm32f4xx_hal_msp.o
 .debug_macro   0x000000000001d873      0x1ce ./Core/Src/stm32f4xx_it.o
 .debug_macro   0x000000000001da41      0x1ba ./Core/Src/system_stm32f4xx.o
 .debug_macro   0x000000000001dbfb      0x1ce ./Core/Src/usart.o
 .debug_macro   0x000000000001ddc9      0x21a ./Drivers/STM32F4xx_HAL_Driver/Src/stm32f4xx_hal.o
 .debug_macro   0x000000000001dfe3      0x1ba ./Drivers/STM32F4xx_HAL_Driver/Src/stm32f4xx_hal_cortex.o
 .debug_macro   0x000000000001e19d      0x1c0 ./Drivers/STM32F4xx_HAL_Driver/Src/stm32f4xx_hal_dma.o
 .debug_macro   0x000000000001e35d      0x1c0 ./Drivers/STM32F4xx_HAL_Driver/Src/stm32f4xx_hal_gpio.o
 .debug_macro   0x000000000001e51d      0x1de ./Drivers/STM32F4xx_HAL_Driver/Src/stm32f4xx_hal_rcc.o
 .debug_macro   0x000000000001e6fb      0x1bb ./Drivers/STM32F4xx_HAL_Driver/Src/stm32f4xx_hal_uart.o

.debug_line     0x0000000000000000     0x9be7
 .debug_line    0x0000000000000000      0x693 ./Core/Src/dma.o
 .debug_line    0x0000000000000693      0x692 ./Core/Src/gpio.o
 .debug_line    0x0000000000000d25      0xb22 ./Core/Src/main.o
 .debug_line    0x0000000000001847      0x696 ./Core/Src/stm32f4xx_hal_msp.o
 .debug_line    0x0000000000001edd      0x7a0 ./Core/Src/stm32f4xx_it.o
 .debug_line    0x000000000000267d      0x717 ./Core/Src/system_stm32f4xx.o
 .debug_line    0x0000000000002d94      0x750 ./Core/Src/usart.o
 .debug_line    0x00000000000034e4       0x88 ./Core/Startup/startup_stm32f405rgtx.o
 .debug_line    0x000000000000356c      0x97d ./Drivers/STM32F4xx_HAL_Driver/Src/stm32f4xx_hal.o
 .debug_line    0x0000000000003ee9      0xc2c ./Drivers/STM32F4xx_HAL_Driver/Src/stm32f4xx_hal_cortex.o
 .debug_line    0x0000000000004b15      0xee2 ./Drivers/STM32F4xx_HAL_Driver/Src/stm32f4xx_hal_dma.o
 .debug_line    0x00000000000059f7      0xaf3 ./Drivers/STM32F4xx_HAL_Driver/Src/stm32f4xx_hal_gpio.o
 .debug_line    0x00000000000064ea      0xcf9 ./Drivers/STM32F4xx_HAL_Driver/Src/stm32f4xx_hal_rcc.o
 .debug_line    0x00000000000071e3     0x2a04 ./Drivers/STM32F4xx_HAL_Driver/Src/stm32f4xx_hal_uart.o

.debug_str      0x0000000000000000    0xb7dff
 .debug_str     0x0000000000000000    0xb1dfb ./Core/Src/dma.o
                                      0xb209e (size before relaxing)
 .debug_str     0x00000000000b1dfb       0x2c ./Core/Src/gpio.o
                                      0xb1bd4 (size before relaxing)
 .debug_str     0x00000000000b1e27     0x46e0 ./Core/Src/main.o
                                      0xb6387 (size before relaxing)
 .debug_str     0x00000000000b6507       0x2c ./Core/Src/stm32f4xx_hal_msp.o
                                      0xb1bd4 (size before relaxing)
 .debug_str     0x00000000000b6533      0x11a ./Core/Src/stm32f4xx_it.o
                                      0xb1ffb (size before relaxing)
 .debug_str     0x00000000000b664d       0xaf ./Core/Src/system_stm32f4xx.o
                                      0xb1c46 (size before relaxing)
 .debug_str     0x00000000000b66fc       0xb9 ./Core/Src/usart.o
                                      0xb25b9 (size before relaxing)
 .debug_str     0x00000000000b67b5       0x36 ./Core/Startup/startup_stm32f405rgtx.o
                                         0x6a (size before relaxing)
 .debug_str     0x00000000000b67eb      0x58d ./Drivers/STM32F4xx_HAL_Driver/Src/stm32f4xx_hal.o
                                      0xb2707 (size before relaxing)
 .debug_str     0x00000000000b6d78      0x399 ./Drivers/STM32F4xx_HAL_Driver/Src/stm32f4xx_hal_cortex.o
                                      0xb24f6 (size before relaxing)
 .debug_str     0x00000000000b7111      0x322 ./Drivers/STM32F4xx_HAL_Driver/Src/stm32f4xx_hal_dma.o
                                      0xb2070 (size before relaxing)
 .debug_str     0x00000000000b7433      0x17b ./Drivers/STM32F4xx_HAL_Driver/Src/stm32f4xx_hal_gpio.o
                                      0xb1ded (size before relaxing)
 .debug_str     0x00000000000b75ae      0x259 ./Drivers/STM32F4xx_HAL_Driver/Src/stm32f4xx_hal_rcc.o
                                      0xb2048 (size before relaxing)
 .debug_str     0x00000000000b7807      0x5f8 ./Drivers/STM32F4xx_HAL_Driver/Src/stm32f4xx_hal_uart.o
                                      0xb25ce (size before relaxing)

.comment        0x0000000000000000       0x53
 .comment       0x0000000000000000       0x53 ./Core/Src/dma.o
                                         0x54 (size before relaxing)
 .comment       0x0000000000000053       0x54 ./Core/Src/gpio.o
 .comment       0x0000000000000053       0x54 ./Core/Src/main.o
 .comment       0x0000000000000053       0x54 ./Core/Src/stm32f4xx_hal_msp.o
 .comment       0x0000000000000053       0x54 ./Core/Src/stm32f4xx_it.o
 .comment       0x0000000000000053       0x54 ./Core/Src/system_stm32f4xx.o
 .comment       0x0000000000000053       0x54 ./Core/Src/usart.o
 .comment       0x0000000000000053       0x54 ./Drivers/STM32F4xx_HAL_Driver/Src/stm32f4xx_hal.o
 .comment       0x0000000000000053       0x54 ./Drivers/STM32F4xx_HAL_Driver/Src/stm32f4xx_hal_cortex.o
 .comment       0x0000000000000053       0x54 ./Drivers/STM32F4xx_HAL_Driver/Src/stm32f4xx_hal_dma.o
 .comment       0x0000000000000053       0x54 ./Drivers/STM32F4xx_HAL_Driver/Src/stm32f4xx_hal_gpio.o
 .comment       0x0000000000000053       0x54 ./Drivers/STM32F4xx_HAL_Driver/Src/stm32f4xx_hal_rcc.o
 .comment       0x0000000000000053       0x54 ./Drivers/STM32F4xx_HAL_Driver/Src/stm32f4xx_hal_uart.o

.debug_frame    0x0000000000000000     0x1acc
 .debug_frame   0x0000000000000000       0x34 ./Core/Src/dma.o
 .debug_frame   0x0000000000000034       0x38 ./Core/Src/gpio.o
 .debug_frame   0x000000000000006c       0x94 ./Core/Src/main.o
 .debug_frame   0x0000000000000100       0x38 ./Core/Src/stm32f4xx_hal_msp.o
 .debug_frame   0x0000000000000138      0x158 ./Core/Src/stm32f4xx_it.o
 .debug_frame   0x0000000000000290       0x58 ./Core/Src/system_stm32f4xx.o
 .debug_frame   0x00000000000002e8       0x74 ./Core/Src/usart.o
 .debug_frame   0x000000000000035c      0x374 ./Drivers/STM32F4xx_HAL_Driver/Src/stm32f4xx_hal.o
 .debug_frame   0x00000000000006d0      0x498 ./Drivers/STM32F4xx_HAL_Driver/Src/stm32f4xx_hal_cortex.o
 .debug_frame   0x0000000000000b68      0x250 ./Drivers/STM32F4xx_HAL_Driver/Src/stm32f4xx_hal_dma.o
 .debug_frame   0x0000000000000db8      0x14c ./Drivers/STM32F4xx_HAL_Driver/Src/stm32f4xx_hal_gpio.o
 .debug_frame   0x0000000000000f04      0x1f0 ./Drivers/STM32F4xx_HAL_Driver/Src/stm32f4xx_hal_rcc.o
 .debug_frame   0x00000000000010f4      0x92c ./Drivers/STM32F4xx_HAL_Driver/Src/stm32f4xx_hal_uart.o
 .debug_frame   0x0000000000001a20       0x2c d:/st/stm32cubeide_1.7.0/stm32cubeide/plugins/com.st.stm32cube.ide.mcu.externaltools.gnu-tools-for-stm32.9-2020-q2-update.win32_2.0.0.202105311346/tools/bin/../lib/gcc/arm-none-eabi/9.3.1/../../../../arm-none-eabi/lib/thumb/v7e-m+fp/hard\libc_nano.a(lib_a-init.o)
 .debug_frame   0x0000000000001a4c       0x20 d:/st/stm32cubeide_1.7.0/stm32cubeide/plugins/com.st.stm32cube.ide.mcu.externaltools.gnu-tools-for-stm32.9-2020-q2-update.win32_2.0.0.202105311346/tools/bin/../lib/gcc/arm-none-eabi/9.3.1/../../../../arm-none-eabi/lib/thumb/v7e-m+fp/hard\libc_nano.a(lib_a-memset.o)
 .debug_frame   0x0000000000001a6c       0x2c d:/st/stm32cubeide_1.7.0/stm32cubeide/plugins/com.st.stm32cube.ide.mcu.externaltools.gnu-tools-for-stm32.9-2020-q2-update.win32_2.0.0.202105311346/tools/bin/../lib/gcc/arm-none-eabi/9.3.1/thumb/v7e-m+fp/hard\libgcc.a(_aeabi_uldivmod.o)
 .debug_frame   0x0000000000001a98       0x34 d:/st/stm32cubeide_1.7.0/stm32cubeide/plugins/com.st.stm32cube.ide.mcu.externaltools.gnu-tools-for-stm32.9-2020-q2-update.win32_2.0.0.202105311346/tools/bin/../lib/gcc/arm-none-eabi/9.3.1/thumb/v7e-m+fp/hard\libgcc.a(_udivmoddi4.o)
