Archive member included to satisfy reference by file (symbol)

d:/st/stm32cubeide_1.7.0/stm32cubeide/plugins/com.st.stm32cube.ide.mcu.externaltools.gnu-tools-for-stm32.9-2020-q2-update.win32_2.0.0.202105311346/tools/bin/../lib/gcc/arm-none-eabi/9.3.1/../../../../arm-none-eabi/lib/thumb/v7e-m+fp/hard\libc_nano.a(lib_a-errno.o)
                              ./Core/Src/syscalls.o (__errno)
d:/st/stm32cubeide_1.7.0/stm32cubeide/plugins/com.st.stm32cube.ide.mcu.externaltools.gnu-tools-for-stm32.9-2020-q2-update.win32_2.0.0.202105311346/tools/bin/../lib/gcc/arm-none-eabi/9.3.1/../../../../arm-none-eabi/lib/thumb/v7e-m+fp/hard\libc_nano.a(lib_a-exit.o)
                              d:/st/stm32cubeide_1.7.0/stm32cubeide/plugins/com.st.stm32cube.ide.mcu.externaltools.gnu-tools-for-stm32.9-2020-q2-update.win32_2.0.0.202105311346/tools/bin/../lib/gcc/arm-none-eabi/9.3.1/../../../../arm-none-eabi/lib/thumb/v7e-m+fp/hard/crt0.o (exit)
d:/st/stm32cubeide_1.7.0/stm32cubeide/plugins/com.st.stm32cube.ide.mcu.externaltools.gnu-tools-for-stm32.9-2020-q2-update.win32_2.0.0.202105311346/tools/bin/../lib/gcc/arm-none-eabi/9.3.1/../../../../arm-none-eabi/lib/thumb/v7e-m+fp/hard\libc_nano.a(lib_a-impure.o)
                              d:/st/stm32cubeide_1.7.0/stm32cubeide/plugins/com.st.stm32cube.ide.mcu.externaltools.gnu-tools-for-stm32.9-2020-q2-update.win32_2.0.0.202105311346/tools/bin/../lib/gcc/arm-none-eabi/9.3.1/../../../../arm-none-eabi/lib/thumb/v7e-m+fp/hard\libc_nano.a(lib_a-exit.o) (_global_impure_ptr)
d:/st/stm32cubeide_1.7.0/stm32cubeide/plugins/com.st.stm32cube.ide.mcu.externaltools.gnu-tools-for-stm32.9-2020-q2-update.win32_2.0.0.202105311346/tools/bin/../lib/gcc/arm-none-eabi/9.3.1/../../../../arm-none-eabi/lib/thumb/v7e-m+fp/hard\libc_nano.a(lib_a-init.o)
                              d:/st/stm32cubeide_1.7.0/stm32cubeide/plugins/com.st.stm32cube.ide.mcu.externaltools.gnu-tools-for-stm32.9-2020-q2-update.win32_2.0.0.202105311346/tools/bin/../lib/gcc/arm-none-eabi/9.3.1/../../../../arm-none-eabi/lib/thumb/v7e-m+fp/hard/crt0.o (__libc_init_array)
d:/st/stm32cubeide_1.7.0/stm32cubeide/plugins/com.st.stm32cube.ide.mcu.externaltools.gnu-tools-for-stm32.9-2020-q2-update.win32_2.0.0.202105311346/tools/bin/../lib/gcc/arm-none-eabi/9.3.1/../../../../arm-none-eabi/lib/thumb/v7e-m+fp/hard\libc_nano.a(lib_a-memcpy-stub.o)
                              ./Core/Lib/radio.o (memcpy)
d:/st/stm32cubeide_1.7.0/stm32cubeide/plugins/com.st.stm32cube.ide.mcu.externaltools.gnu-tools-for-stm32.9-2020-q2-update.win32_2.0.0.202105311346/tools/bin/../lib/gcc/arm-none-eabi/9.3.1/../../../../arm-none-eabi/lib/thumb/v7e-m+fp/hard\libc_nano.a(lib_a-memset.o)
                              d:/st/stm32cubeide_1.7.0/stm32cubeide/plugins/com.st.stm32cube.ide.mcu.externaltools.gnu-tools-for-stm32.9-2020-q2-update.win32_2.0.0.202105311346/tools/bin/../lib/gcc/arm-none-eabi/9.3.1/../../../../arm-none-eabi/lib/thumb/v7e-m+fp/hard/crt0.o (memset)
d:/st/stm32cubeide_1.7.0/stm32cubeide/plugins/com.st.stm32cube.ide.mcu.externaltools.gnu-tools-for-stm32.9-2020-q2-update.win32_2.0.0.202105311346/tools/bin/../lib/gcc/arm-none-eabi/9.3.1/thumb/v7e-m+fp/hard\libgcc.a(_aeabi_uldivmod.o)
                              ./Drivers/STM32F4xx_HAL_Driver/Src/stm32f4xx_hal_rcc.o (__aeabi_uldivmod)
d:/st/stm32cubeide_1.7.0/stm32cubeide/plugins/com.st.stm32cube.ide.mcu.externaltools.gnu-tools-for-stm32.9-2020-q2-update.win32_2.0.0.202105311346/tools/bin/../lib/gcc/arm-none-eabi/9.3.1/thumb/v7e-m+fp/hard\libgcc.a(_udivmoddi4.o)
                              d:/st/stm32cubeide_1.7.0/stm32cubeide/plugins/com.st.stm32cube.ide.mcu.externaltools.gnu-tools-for-stm32.9-2020-q2-update.win32_2.0.0.202105311346/tools/bin/../lib/gcc/arm-none-eabi/9.3.1/thumb/v7e-m+fp/hard\libgcc.a(_aeabi_uldivmod.o) (__udivmoddi4)
d:/st/stm32cubeide_1.7.0/stm32cubeide/plugins/com.st.stm32cube.ide.mcu.externaltools.gnu-tools-for-stm32.9-2020-q2-update.win32_2.0.0.202105311346/tools/bin/../lib/gcc/arm-none-eabi/9.3.1/thumb/v7e-m+fp/hard\libgcc.a(_dvmd_tls.o)
                              d:/st/stm32cubeide_1.7.0/stm32cubeide/plugins/com.st.stm32cube.ide.mcu.externaltools.gnu-tools-for-stm32.9-2020-q2-update.win32_2.0.0.202105311346/tools/bin/../lib/gcc/arm-none-eabi/9.3.1/thumb/v7e-m+fp/hard\libgcc.a(_aeabi_uldivmod.o) (__aeabi_ldiv0)

Allocating common symbols
Common symbol       size              file

hdma_usart2_rx      0x60              ./Core/Src/usart.o
htim4               0x48              ./Core/Src/tim.o
hi2c1               0x54              ./Core/Src/i2c.o
serial_buf          0x32              ./Core/Lib/radio.o
uwTick              0x4               ./Drivers/STM32F4xx_HAL_Driver/Src/stm32f4xx_hal.o
pFlash              0x20              ./Drivers/STM32F4xx_HAL_Driver/Src/stm32f4xx_hal_flash.o
htim5               0x48              ./Core/Src/tim.o
left_sens_ar        0xc               ./Core/Lib/adc_callback.o
button              0x1               ./Core/Src/main.o
[...]
Memory Configuration

Name             Origin             Length             Attributes
RAM              0x0000000020000000 0x0000000000010000 xrw
FLASH            0x0000000008000000 0x0000000000040000 xr
*default*        0x0000000000000000 0xffffffffffffffff

Linker script and memory map

LOAD d:/st/stm32cubeide_1.7.0/stm32cubeide/plugins/com.st.stm32cube.ide.mcu.externaltools.gnu-tools-for-stm32.9-2020-q2-update.win32_2.0.0.202105311346/tools/bin/../lib/gcc/arm-none-eabi/9.3.1/thumb/v7e-m+fp/hard/crti.o
LOAD d:/st/stm32cubeide_1.7.0/stm32cubeide/plugins/com.st.stm32cube.ide.mcu.externaltools.gnu-tools-for-stm32.9-2020-q2-update.win32_2.0.0.202105311346/tools/bin/../lib/gcc/arm-none-eabi/9.3.1/thumb/v7e-m+fp/hard/crtbegin.o
LOAD d:/st/stm32cubeide_1.7.0/stm32cubeide/plugins/com.st.stm32cube.ide.mcu.externaltools.gnu-tools-for-stm32.9-2020-q2-update.win32_2.0.0.202105311346/tools/bin/../lib/gcc/arm-none-eabi/9.3.1/../../../../arm-none-eabi/lib/thumb/v7e-m+fp/hard/crt0.o
LOAD ./Core/Lib/adc_callback.o
LOAD ./Core/Lib/i2c_dev.o
LOAD ./Core/Lib/motor.o
LOAD ./Core/Lib/radio.o
LOAD ./Core/Src/adc.o
LOAD ./Core/Src/dma.o
LOAD ./Core/Src/gpio.o
LOAD ./Core/Src/i2c.o
LOAD ./Core/Src/main.o
LOAD ./Core/Src/stm32f4xx_hal_msp.o
LOAD ./Core/Src/stm32f4xx_it.o
LOAD ./Core/Src/syscalls.o
LOAD ./Core/Src/sysmem.o
LOAD ./Core/Src/system_stm32f4xx.o
LOAD ./Core/Src/tim.o
LOAD ./Core/Src/usart.o
LOAD ./Core/Startup/startup_stm32f401ccux.o
LOAD ./Drivers/STM32F4xx_HAL_Driver/Src/stm32f4xx_hal.o
LOAD ./Drivers/STM32F4xx_HAL_Driver/Src/stm32f4xx_hal_adc.o
LOAD ./Drivers/STM32F4xx_HAL_Driver/Src/stm32f4xx_hal_adc_ex.o
LOAD ./Drivers/STM32F4xx_HAL_Driver/Src/stm32f4xx_hal_cortex.o
LOAD ./Drivers/STM32F4xx_HAL_Driver/Src/stm32f4xx_hal_dma.o
LOAD ./Drivers/STM32F4xx_HAL_Driver/Src/stm32f4xx_hal_dma_ex.o
LOAD ./Drivers/STM32F4xx_HAL_Driver/Src/stm32f4xx_hal_exti.o
LOAD ./Drivers/STM32F4xx_HAL_Driver/Src/stm32f4xx_hal_flash.o
LOAD ./Drivers/STM32F4xx_HAL_Driver/Src/stm32f4xx_hal_flash_ex.o
LOAD ./Drivers/STM32F4xx_HAL_Driver/Src/stm32f4xx_hal_flash_ramfunc.o
LOAD ./Drivers/STM32F4xx_HAL_Driver/Src/stm32f4xx_hal_gpio.o
LOAD ./Drivers/STM32F4xx_HAL_Driver/Src/stm32f4xx_hal_i2c.o
LOAD ./Drivers/STM32F4xx_HAL_Driver/Src/stm32f4xx_hal_i2c_ex.o
LOAD ./Drivers/STM32F4xx_HAL_Driver/Src/stm32f4xx_hal_pwr.o
LOAD ./Drivers/STM32F4xx_HAL_Driver/Src/stm32f4xx_hal_pwr_ex.o
LOAD ./Drivers/STM32F4xx_HAL_Driver/Src/stm32f4xx_hal_rcc.o
LOAD ./Drivers/STM32F4xx_HAL_Driver/Src/stm32f4xx_hal_rcc_ex.o
LOAD ./Drivers/STM32F4xx_HAL_Driver/Src/stm32f4xx_hal_tim.o
LOAD ./Drivers/STM32F4xx_HAL_Driver/Src/stm32f4xx_hal_tim_ex.o
LOAD ./Drivers/STM32F4xx_HAL_Driver/Src/stm32f4xx_hal_uart.o
LOAD ./Drivers/STM32F4xx_HAL_Driver/Src/stm32f4xx_ll_adc.o
START GROUP
LOAD d:/st/stm32cubeide_1.7.0/stm32cubeide/plugins/com.st.stm32cube.ide.mcu.externaltools.gnu-tools-for-stm32.9-2020-q2-update.win32_2.0.0.202105311346/tools/bin/../lib/gcc/arm-none-eabi/9.3.1/../../../../arm-none-eabi/lib/thumb/v7e-m+fp/hard\libc_nano.a
LOAD d:/st/stm32cubeide_1.7.0/stm32cubeide/plugins/com.st.stm32cube.ide.mcu.externaltools.gnu-tools-for-stm32.9-2020-q2-update.win32_2.0.0.202105311346/tools/bin/../lib/gcc/arm-none-eabi/9.3.1/../../../../arm-none-eabi/lib/thumb/v7e-m+fp/hard\libm.a
END GROUP
START GROUP
LOAD d:/st/stm32cubeide_1.7.0/stm32cubeide/plugins/com.st.stm32cube.ide.mcu.externaltools.gnu-tools-for-stm32.9-2020-q2-update.win32_2.0.0.202105311346/tools/bin/../lib/gcc/arm-none-eabi/9.3.1/thumb/v7e-m+fp/hard\libgcc.a
LOAD d:/st/stm32cubeide_1.7.0/stm32cubeide/plugins/com.st.stm32cube.ide.mcu.externaltools.gnu-tools-for-stm32.9-2020-q2-update.win32_2.0.0.202105311346/tools/bin/../lib/gcc/arm-none-eabi/9.3.1/../../../../arm-none-eabi/lib/thumb/v7e-m+fp/hard\libc_nano.a
END GROUP
START GROUP
LOAD d:/st/stm32cubeide_1.7.0/stm32cubeide/plugins/com.st.stm32cube.ide.mcu.externaltools.gnu-tools-for-stm32.9-2020-q2-update.win32_2.0.0.202105311346/tools/bin/../lib/gcc/arm-none-eabi/9.3.1/thumb/v7e-m+fp/hard\libgcc.a
LOAD d:/st/stm32cubeide_1.7.0/stm32cubeide/plugins/com.st.stm32cube.ide.mcu.externaltools.gnu-tools-for-stm32.9-2020-q2-update.win32_2.0.0.202105311346/tools/bin/../lib/gcc/arm-none-eabi/9.3.1/../../../../arm-none-eabi/lib/thumb/v7e-m+fp/hard\libc_nano.a
LOAD d:/st/stm32cubeide_1.7.0/stm32cubeide/plugins/com.st.stm32cube.ide.mcu.externaltools.gnu-tools-for-stm32.9-2020-q2-update.win32_2.0.0.202105311346/tools/bin/../lib/gcc/arm-none-eabi/9.3.1/../../../../arm-none-eabi/lib/thumb/v7e-m+fp/hard\libnosys.a
END GROUP
START GROUP
LOAD d:/st/stm32cubeide_1.7.0/stm32cubeide/plugins/com.st.stm32cube.ide.mcu.externaltools.gnu-tools-for-stm32.9-2020-q2-update.win32_2.0.0.202105311346/tools/bin/../lib/gcc/arm-none-eabi/9.3.1/thumb/v7e-m+fp/hard\libgcc.a
LOAD d:/st/stm32cubeide_1.7.0/stm32cubeide/plugins/com.st.stm32cube.ide.mcu.externaltools.gnu-tools-for-stm32.9-2020-q2-update.win32_2.0.0.202105311346/tools/bin/../lib/gcc/arm-none-eabi/9.3.1/../../../../arm-none-eabi/lib/thumb/v7e-m+fp/hard\libc_nano.a
LOAD d:/st/stm32cubeide_1.7.0/stm32cubeide/plugins/com.st.stm32cube.ide.mcu.externaltools.gnu-tools-for-stm32.9-2020-q2-update.win32_2.0.0.202105311346/tools/bin/../lib/gcc/arm-none-eabi/9.3.1/../../../../arm-none-eabi/lib/thumb/v7e-m+fp/hard\libnosys.a
END GROUP
LOAD d:/st/stm32cubeide_1.7.0/stm32cubeide/plugins/com.st.stm32cube.ide.mcu.externaltools.gnu-tools-for-stm32.9-2020-q2-update.win32_2.0.0.202105311346/tools/bin/../lib/gcc/arm-none-eabi/9.3.1/thumb/v7e-m+fp/hard/crtend.o
LOAD d:/st/stm32cubeide_1.7.0/stm32cubeide/plugins/com.st.stm32cube.ide.mcu.externaltools.gnu-tools-for-stm32.9-2020-q2-update.win32_2.0.0.202105311346/tools/bin/../lib/gcc/arm-none-eabi/9.3.1/thumb/v7e-m+fp/hard/crtn.o
                0x0000000020010000                _estack = (ORIGIN (RAM) + LENGTH (RAM))
                0x0000000000000200                _Min_Heap_Size = 0x200
                0x0000000000000400                _Min_Stack_Size = 0x400

.isr_vector     0x0000000008000000      0x194
                0x0000000008000000                . = ALIGN (0x4)
 *(.isr_vector)
 .isr_vector    0x0000000008000000      0x194 ./Core/Startup/startup_stm32f401ccux.o
                0x0000000008000000                g_pfnVectors
                0x0000000008000194                . = ALIGN (0x4)

.text           0x0000000008000194     0x811c
                0x0000000008000194                . = ALIGN (0x4)
 *(.text)
 .text          0x0000000008000194       0x40 d:/st/stm32cubeide_1.7.0/stm32cubeide/plugins/com.st.stm32cube.ide.mcu.externaltools.gnu-tools-for-stm32.9-2020-q2-update.win32_2.0.0.202105311346/tools/bin/../lib/gcc/arm-none-eabi/9.3.1/thumb/v7e-m+fp/hard/crtbegin.o
 .text          0x00000000080001d4       0x30 d:/st/stm32cubeide_1.7.0/stm32cubeide/plugins/com.st.stm32cube.ide.mcu.externaltools.gnu-tools-for-stm32.9-2020-q2-update.win32_2.0.0.202105311346/tools/bin/../lib/gcc/arm-none-eabi/9.3.1/thumb/v7e-m+fp/hard\libgcc.a(_aeabi_uldivmod.o)
                0x00000000080001d4                __aeabi_uldivmod
 .text          0x0000000008000204      0x2c4 d:/st/stm32cubeide_1.7.0/stm32cubeide/plugins/com.st.stm32cube.ide.mcu.externaltools.gnu-tools-for-stm32.9-2020-q2-update.win32_2.0.0.202105311346/tools/bin/../lib/gcc/arm-none-eabi/9.3.1/thumb/v7e-m+fp/hard\libgcc.a(_udivmoddi4.o)
                0x0000000008000204                __udivmoddi4
 .text          0x00000000080004c8        0x4 d:/st/stm32cubeide_1.7.0/stm32cubeide/plugins/com.st.stm32cube.ide.mcu.externaltools.gnu-tools-for-stm32.9-2020-q2-update.win32_2.0.0.202105311346/tools/bin/../lib/gcc/arm-none-eabi/9.3.1/thumb/v7e-m+fp/hard\libgcc.a(_dvmd_tls.o)
                0x00000000080004c8                __aeabi_idiv0
                0x00000000080004c8                __aeabi_ldiv0
 *(.text*)
 .text.HAL_ADC_ConvCpltCallback
                0x00000000080004cc       0xc8 ./Core/Lib/adc_callback.o
                0x00000000080004cc                HAL_ADC_ConvCpltCallback
 .text.EEPROM_write
                0x0000000008000594       0x34 ./Core/Lib/i2c_dev.o
                0x0000000008000594                EEPROM_write
 .text.Motor    0x00000000080005c8      0x254 ./Core/Lib/motor.o
                0x00000000080005c8                Motor
 .text.HAL_UART_RxCpltCallback
                0x000000000800081c       0xb4 ./Core/Lib/radio.o
                0x000000000800081c                HAL_UART_RxCpltCallback
 .text.parse_frame
                0x00000000080008d0      0x3a0 ./Core/Lib/radio.o
                0x00000000080008d0                parse_frame
 .text.map_val  0x0000000008000c70       0x72 ./Core/Lib/radio.o
                0x0000000008000c70                map_val
 *fill*         0x0000000008000ce2        0x2 
 .text.MX_ADC1_Init
                0x0000000008000ce4       0xdc ./Core/Src/adc.o
                0x0000000008000ce4                MX_ADC1_Init
 .text.HAL_ADC_MspInit
                0x0000000008000dc0      0x138 ./Core/Src/adc.o
                0x0000000008000dc0                HAL_ADC_MspInit
 .text.MX_DMA_Init
                0x0000000008000ef8       0x6c ./Core/Src/dma.o
                0x0000000008000ef8                MX_DMA_Init
 .text.MX_GPIO_Init
                0x0000000008000f64      0x124 ./Core/Src/gpio.o
                0x0000000008000f64                MX_GPIO_Init
 .text.MX_I2C1_Init
                0x0000000008001088       0x5c ./Core/Src/i2c.o
                0x0000000008001088                MX_I2C1_Init
 .text.HAL_I2C_MspInit
                0x00000000080010e4       0xa0 ./Core/Src/i2c.o
                0x00000000080010e4                HAL_I2C_MspInit
 .text.main     0x0000000008001184      0x160 ./Core/Src/main.o
                0x0000000008001184                main
 .text.SystemClock_Config
                0x00000000080012e4       0xd4 ./Core/Src/main.o
                0x00000000080012e4                SystemClock_Config
 .text.HAL_TIM_PeriodElapsedCallback
                0x00000000080013b8       0x30 ./Core/Src/main.o
                0x00000000080013b8                HAL_TIM_PeriodElapsedCallback
 .text.Error_Handler
                0x00000000080013e8        0xa ./Core/Src/main.o
                0x00000000080013e8                Error_Handler
 *fill*         0x00000000080013f2        0x2 
 .text.HAL_MspInit
                0x00000000080013f4       0x50 ./Core/Src/stm32f4xx_hal_msp.o
                0x00000000080013f4                HAL_MspInit
 .text.NMI_Handler
                0x0000000008001444        0x6 ./Core/Src/stm32f4xx_it.o
                0x0000000008001444                NMI_Handler
 .text.HardFault_Handler
                0x000000000800144a        0x6 ./Core/Src/stm32f4xx_it.o
                0x000000000800144a                HardFault_Handler
 .text.MemManage_Handler
                0x0000000008001450        0x6 ./Core/Src/stm32f4xx_it.o
                0x0000000008001450                MemManage_Handler
 .text.BusFault_Handler
                0x0000000008001456        0x6 ./Core/Src/stm32f4xx_it.o
                0x0000000008001456                BusFault_Handler
 .text.UsageFault_Handler
                0x000000000800145c        0x6 ./Core/Src/stm32f4xx_it.o
                0x000000000800145c                UsageFault_Handler
 .text.SVC_Handler
                0x0000000008001462        0xe ./Core/Src/stm32f4xx_it.o
                0x0000000008001462                SVC_Handler
 .text.DebugMon_Handler
                0x0000000008001470        0xe ./Core/Src/stm32f4xx_it.o
                0x0000000008001470                DebugMon_Handler
 .text.PendSV_Handler
                0x000000000800147e        0xe ./Core/Src/stm32f4xx_it.o
                0x000000000800147e                PendSV_Handler
 .text.SysTick_Handler
                0x000000000800148c        0xc ./Core/Src/stm32f4xx_it.o
                0x000000000800148c                SysTick_Handler
 .text.DMA1_Stream5_IRQHandler
                0x0000000008001498       0x14 ./Core/Src/stm32f4xx_it.o
                0x0000000008001498                DMA1_Stream5_IRQHandler
 .text.ADC_IRQHandler
                0x00000000080014ac       0x14 ./Core/Src/stm32f4xx_it.o
                0x00000000080014ac                ADC_IRQHandler
 .text.TIM3_IRQHandler
                0x00000000080014c0       0x14 ./Core/Src/stm32f4xx_it.o
                0x00000000080014c0                TIM3_IRQHandler
 .text.I2C1_EV_IRQHandler
                0x00000000080014d4       0x14 ./Core/Src/stm32f4xx_it.o
                0x00000000080014d4                I2C1_EV_IRQHandler
 .text.USART1_IRQHandler
                0x00000000080014e8       0x14 ./Core/Src/stm32f4xx_it.o
                0x00000000080014e8                USART1_IRQHandler
 .text.USART2_IRQHandler
                0x00000000080014fc       0x14 ./Core/Src/stm32f4xx_it.o
                0x00000000080014fc                USART2_IRQHandler
 .text.DMA2_Stream0_IRQHandler
                0x0000000008001510       0x14 ./Core/Src/stm32f4xx_it.o
                0x0000000008001510                DMA2_Stream0_IRQHandler
 .text.USART6_IRQHandler
                0x0000000008001524       0x14 ./Core/Src/stm32f4xx_it.o
                0x0000000008001524                USART6_IRQHandler
 .text.SystemInit
                0x0000000008001538       0x24 ./Core/Src/system_stm32f4xx.o
                0x0000000008001538                SystemInit
 .text.MX_TIM2_Init
                0x000000000800155c       0xa8 ./Core/Src/tim.o
                0x000000000800155c                MX_TIM2_Init
 .text.MX_TIM3_Init
                0x0000000008001604       0x9c ./Core/Src/tim.o
                0x0000000008001604                MX_TIM3_Init
 .text.MX_TIM4_Init
                0x00000000080016a0       0xc8 ./Core/Src/tim.o
                0x00000000080016a0                MX_TIM4_Init
 .text.MX_TIM5_Init
                0x0000000008001768       0xa8 ./Core/Src/tim.o
                0x0000000008001768                MX_TIM5_Init
 .text.HAL_TIM_Encoder_MspInit
                0x0000000008001810      0x134 ./Core/Src/tim.o
                0x0000000008001810                HAL_TIM_Encoder_MspInit
 .text.HAL_TIM_Base_MspInit
                0x0000000008001944       0x50 ./Core/Src/tim.o
                0x0000000008001944                HAL_TIM_Base_MspInit
 .text.HAL_TIM_PWM_MspInit
                0x0000000008001994       0x44 ./Core/Src/tim.o
                0x0000000008001994                HAL_TIM_PWM_MspInit
 .text.HAL_TIM_MspPostInit
                0x00000000080019d8       0x74 ./Core/Src/tim.o
                0x00000000080019d8                HAL_TIM_MspPostInit
 .text.MX_USART1_UART_Init
                0x0000000008001a4c       0x54 ./Core/Src/usart.o
                0x0000000008001a4c                MX_USART1_UART_Init
 .text.MX_USART2_UART_Init
                0x0000000008001aa0       0x54 ./Core/Src/usart.o
                0x0000000008001aa0                MX_USART2_UART_Init
 .text.MX_USART6_UART_Init
                0x0000000008001af4       0x54 ./Core/Src/usart.o
                0x0000000008001af4                MX_USART6_UART_Init
 .text.HAL_UART_MspInit
                0x0000000008001b48      0x1f8 ./Core/Src/usart.o
                0x0000000008001b48                HAL_UART_MspInit
 .text.Reset_Handler
                0x0000000008001d40       0x50 ./Core/Startup/startup_stm32f401ccux.o
                0x0000000008001d40                Reset_Handler
 .text.Default_Handler
                0x0000000008001d90        0x2 ./Core/Startup/startup_stm32f401ccux.o
                0x0000000008001d90                RTC_Alarm_IRQHandler
                0x0000000008001d90                EXTI2_IRQHandler
                0x0000000008001d90                SPI4_IRQHandler
                0x0000000008001d90                TIM1_CC_IRQHandler
                0x0000000008001d90                DMA2_Stream5_IRQHandler
                0x0000000008001d90                PVD_IRQHandler
                0x0000000008001d90                SDIO_IRQHandler
                0x0000000008001d90                TAMP_STAMP_IRQHandler
                0x0000000008001d90                EXTI3_IRQHandler
                0x0000000008001d90                TIM1_UP_TIM10_IRQHandler
                0x0000000008001d90                I2C3_ER_IRQHandler
                0x0000000008001d90                EXTI0_IRQHandler
                0x0000000008001d90                I2C2_EV_IRQHandler
                0x0000000008001d90                DMA1_Stream2_IRQHandler
                0x0000000008001d90                FPU_IRQHandler
                0x0000000008001d90                DMA2_Stream2_IRQHandler
                0x0000000008001d90                SPI1_IRQHandler
                0x0000000008001d90                TIM1_BRK_TIM9_IRQHandler
                0x0000000008001d90                DMA2_Stream3_IRQHandler
                0x0000000008001d90                TIM4_IRQHandler
                0x0000000008001d90                DMA1_Stream6_IRQHandler
                0x0000000008001d90                DMA1_Stream1_IRQHandler
                0x0000000008001d90                RCC_IRQHandler
                0x0000000008001d90                Default_Handler
                0x0000000008001d90                EXTI15_10_IRQHandler
                0x0000000008001d90                DMA1_Stream7_IRQHandler
                0x0000000008001d90                TIM5_IRQHandler
                0x0000000008001d90                DMA2_Stream7_IRQHandler
                0x0000000008001d90                I2C3_EV_IRQHandler
                0x0000000008001d90                EXTI9_5_IRQHandler
                0x0000000008001d90                RTC_WKUP_IRQHandler
                0x0000000008001d90                SPI2_IRQHandler
                0x0000000008001d90                DMA1_Stream0_IRQHandler
                0x0000000008001d90                EXTI4_IRQHandler
                0x0000000008001d90                WWDG_IRQHandler
                0x0000000008001d90                TIM2_IRQHandler
                0x0000000008001d90                OTG_FS_WKUP_IRQHandler
                0x0000000008001d90                TIM1_TRG_COM_TIM11_IRQHandler
                0x0000000008001d90                EXTI1_IRQHandler
                0x0000000008001d90                I2C2_ER_IRQHandler
                0x0000000008001d90                DMA2_Stream1_IRQHandler
                0x0000000008001d90                FLASH_IRQHandler
                0x0000000008001d90                DMA2_Stream4_IRQHandler
                0x0000000008001d90                OTG_FS_IRQHandler
                0x0000000008001d90                SPI3_IRQHandler
                0x0000000008001d90                DMA1_Stream4_IRQHandler
                0x0000000008001d90                I2C1_ER_IRQHandler
                0x0000000008001d90                DMA2_Stream6_IRQHandler
                0x0000000008001d90                DMA1_Stream3_IRQHandler
 *fill*         0x0000000008001d92        0x2 
 .text.HAL_Init
                0x0000000008001d94       0x44 ./Drivers/STM32F4xx_HAL_Driver/Src/stm32f4xx_hal.o
                0x0000000008001d94                HAL_Init
 .text.HAL_InitTick
                0x0000000008001dd8       0x60 ./Drivers/STM32F4xx_HAL_Driver/Src/stm32f4xx_hal.o
                0x0000000008001dd8                HAL_InitTick
 .text.HAL_IncTick
                0x0000000008001e38       0x28 ./Drivers/STM32F4xx_HAL_Driver/Src/stm32f4xx_hal.o
                0x0000000008001e38                HAL_IncTick
 .text.HAL_GetTick
                0x0000000008001e60       0x18 ./Drivers/STM32F4xx_HAL_Driver/Src/stm32f4xx_hal.o
                0x0000000008001e60                HAL_GetTick
 .text.HAL_Delay
                0x0000000008001e78       0x48 ./Drivers/STM32F4xx_HAL_Driver/Src/stm32f4xx_hal.o
                0x0000000008001e78                HAL_Delay
 .text.HAL_ADC_Init
                0x0000000008001ec0       0x86 ./Drivers/STM32F4xx_HAL_Driver/Src/stm32f4xx_hal_adc.o
                0x0000000008001ec0                HAL_ADC_Init
 .text.HAL_ADC_IRQHandler
                0x0000000008001f46      0x282 ./Drivers/STM32F4xx_HAL_Driver/Src/stm32f4xx_hal_adc.o
                0x0000000008001f46                HAL_ADC_IRQHandler
 .text.HAL_ADC_Start_DMA
                0x00000000080021c8      0x1e0 ./Drivers/STM32F4xx_HAL_Driver/Src/stm32f4xx_hal_adc.o
                0x00000000080021c8                HAL_ADC_Start_DMA
 .text.HAL_ADC_ConvHalfCpltCallback
                0x00000000080023a8       0x14 ./Drivers/STM32F4xx_HAL_Driver/Src/stm32f4xx_hal_adc.o
                0x00000000080023a8                HAL_ADC_ConvHalfCpltCallback
 .text.HAL_ADC_LevelOutOfWindowCallback
                0x00000000080023bc       0x14 ./Drivers/STM32F4xx_HAL_Driver/Src/stm32f4xx_hal_adc.o
                0x00000000080023bc                HAL_ADC_LevelOutOfWindowCallback
 .text.HAL_ADC_ErrorCallback
                0x00000000080023d0       0x14 ./Drivers/STM32F4xx_HAL_Driver/Src/stm32f4xx_hal_adc.o
                0x00000000080023d0                HAL_ADC_ErrorCallback
 .text.HAL_ADC_ConfigChannel
                0x00000000080023e4      0x244 ./Drivers/STM32F4xx_HAL_Driver/Src/stm32f4xx_hal_adc.o
                0x00000000080023e4                HAL_ADC_ConfigChannel
 .text.ADC_Init
                0x0000000008002628      0x1f8 ./Drivers/STM32F4xx_HAL_Driver/Src/stm32f4xx_hal_adc.o
 .text.ADC_DMAConvCplt
                0x0000000008002820       0xba ./Drivers/STM32F4xx_HAL_Driver/Src/stm32f4xx_hal_adc.o
 .text.ADC_DMAHalfConvCplt
                0x00000000080028da       0x1c ./Drivers/STM32F4xx_HAL_Driver/Src/stm32f4xx_hal_adc.o
 .text.ADC_DMAError
                0x00000000080028f6       0x2e ./Drivers/STM32F4xx_HAL_Driver/Src/stm32f4xx_hal_adc.o
 .text.HAL_ADCEx_InjectedConvCpltCallback
                0x0000000008002924       0x14 ./Drivers/STM32F4xx_HAL_Driver/Src/stm32f4xx_hal_adc_ex.o
                0x0000000008002924                HAL_ADCEx_InjectedConvCpltCallback
 .text.__NVIC_SetPriorityGrouping
                0x0000000008002938       0x48 ./Drivers/STM32F4xx_HAL_Driver/Src/stm32f4xx_hal_cortex.o
 .text.__NVIC_GetPriorityGrouping
                0x0000000008002980       0x1c ./Drivers/STM32F4xx_HAL_Driver/Src/stm32f4xx_hal_cortex.o
 .text.__NVIC_EnableIRQ
                0x000000000800299c       0x3c ./Drivers/STM32F4xx_HAL_Driver/Src/stm32f4xx_hal_cortex.o
 .text.__NVIC_SetPriority
                0x00000000080029d8       0x54 ./Drivers/STM32F4xx_HAL_Driver/Src/stm32f4xx_hal_cortex.o
 .text.NVIC_EncodePriority
                0x0000000008002a2c       0x66 ./Drivers/STM32F4xx_HAL_Driver/Src/stm32f4xx_hal_cortex.o
 *fill*         0x0000000008002a92        0x2 
 .text.SysTick_Config
                0x0000000008002a94       0x44 ./Drivers/STM32F4xx_HAL_Driver/Src/stm32f4xx_hal_cortex.o
 .text.HAL_NVIC_SetPriorityGrouping
                0x0000000008002ad8       0x16 ./Drivers/STM32F4xx_HAL_Driver/Src/stm32f4xx_hal_cortex.o
                0x0000000008002ad8                HAL_NVIC_SetPriorityGrouping
 .text.HAL_NVIC_SetPriority
                0x0000000008002aee       0x38 ./Drivers/STM32F4xx_HAL_Driver/Src/stm32f4xx_hal_cortex.o
                0x0000000008002aee                HAL_NVIC_SetPriority
 .text.HAL_NVIC_EnableIRQ
                0x0000000008002b26       0x1c ./Drivers/STM32F4xx_HAL_Driver/Src/stm32f4xx_hal_cortex.o
                0x0000000008002b26                HAL_NVIC_EnableIRQ
 .text.HAL_SYSTICK_Config
                0x0000000008002b42       0x18 ./Drivers/STM32F4xx_HAL_Driver/Src/stm32f4xx_hal_cortex.o
                0x0000000008002b42                HAL_SYSTICK_Config
 *fill*         0x0000000008002b5a        0x2 
 .text.HAL_DMA_Init
                0x0000000008002b5c      0x15c ./Drivers/STM32F4xx_HAL_Driver/Src/stm32f4xx_hal_dma.o
                0x0000000008002b5c                HAL_DMA_Init
 .text.HAL_DMA_Start_IT
                0x0000000008002cb8       0xb0 ./Drivers/STM32F4xx_HAL_Driver/Src/stm32f4xx_hal_dma.o
                0x0000000008002cb8                HAL_DMA_Start_IT
 .text.HAL_DMA_Abort
                0x0000000008002d68       0xe0 ./Drivers/STM32F4xx_HAL_Driver/Src/stm32f4xx_hal_dma.o
                0x0000000008002d68                HAL_DMA_Abort
 .text.HAL_DMA_Abort_IT
                0x0000000008002e48       0x44 ./Drivers/STM32F4xx_HAL_Driver/Src/stm32f4xx_hal_dma.o
                0x0000000008002e48                HAL_DMA_Abort_IT
 .text.HAL_DMA_IRQHandler
                0x0000000008002e8c      0x314 ./Drivers/STM32F4xx_HAL_Driver/Src/stm32f4xx_hal_dma.o
                0x0000000008002e8c                HAL_DMA_IRQHandler
 .text.HAL_DMA_GetState
                0x00000000080031a0       0x1c ./Drivers/STM32F4xx_HAL_Driver/Src/stm32f4xx_hal_dma.o
                0x00000000080031a0                HAL_DMA_GetState
 .text.DMA_SetConfig
                0x00000000080031bc       0x5c ./Drivers/STM32F4xx_HAL_Driver/Src/stm32f4xx_hal_dma.o
 .text.DMA_CalcBaseAndBitshift
                0x0000000008003218       0x6c ./Drivers/STM32F4xx_HAL_Driver/Src/stm32f4xx_hal_dma.o
 .text.DMA_CheckFifoParam
                0x0000000008003284       0xf8 ./Drivers/STM32F4xx_HAL_Driver/Src/stm32f4xx_hal_dma.o
 .text.HAL_GPIO_Init
                0x000000000800337c      0x308 ./Drivers/STM32F4xx_HAL_Driver/Src/stm32f4xx_hal_gpio.o
                0x000000000800337c                HAL_GPIO_Init
 .text.HAL_GPIO_ReadPin
                0x0000000008003684       0x30 ./Drivers/STM32F4xx_HAL_Driver/Src/stm32f4xx_hal_gpio.o
                0x0000000008003684                HAL_GPIO_ReadPin
 .text.HAL_GPIO_WritePin
                0x00000000080036b4       0x32 ./Drivers/STM32F4xx_HAL_Driver/Src/stm32f4xx_hal_gpio.o
                0x00000000080036b4                HAL_GPIO_WritePin
 *fill*         0x00000000080036e6        0x2 
 .text.HAL_I2C_Init
                0x00000000080036e8      0x288 ./Drivers/STM32F4xx_HAL_Driver/Src/stm32f4xx_hal_i2c.o
                0x00000000080036e8                HAL_I2C_Init
 .text.HAL_I2C_Mem_Write
                0x0000000008003970      0x1f4 ./Drivers/STM32F4xx_HAL_Driver/Src/stm32f4xx_hal_i2c.o
                0x0000000008003970                HAL_I2C_Mem_Write
 .text.HAL_I2C_EV_IRQHandler
                0x0000000008003b64      0x2e2 ./Drivers/STM32F4xx_HAL_Driver/Src/stm32f4xx_hal_i2c.o
                0x0000000008003b64                HAL_I2C_EV_IRQHandler
 .text.HAL_I2C_MasterTxCpltCallback
                0x0000000008003e46       0x14 ./Drivers/STM32F4xx_HAL_Driver/Src/stm32f4xx_hal_i2c.o
                0x0000000008003e46                HAL_I2C_MasterTxCpltCallback
 .text.HAL_I2C_MasterRxCpltCallback
                0x0000000008003e5a       0x14 ./Drivers/STM32F4xx_HAL_Driver/Src/stm32f4xx_hal_i2c.o
                0x0000000008003e5a                HAL_I2C_MasterRxCpltCallback
 .text.HAL_I2C_SlaveTxCpltCallback
                0x0000000008003e6e       0x14 ./Drivers/STM32F4xx_HAL_Driver/Src/stm32f4xx_hal_i2c.o
                0x0000000008003e6e                HAL_I2C_SlaveTxCpltCallback
 .text.HAL_I2C_SlaveRxCpltCallback
                0x0000000008003e82       0x14 ./Drivers/STM32F4xx_HAL_Driver/Src/stm32f4xx_hal_i2c.o
                0x0000000008003e82                HAL_I2C_SlaveRxCpltCallback
 .text.HAL_I2C_AddrCallback
                0x0000000008003e96       0x1c ./Drivers/STM32F4xx_HAL_Driver/Src/stm32f4xx_hal_i2c.o
                0x0000000008003e96                HAL_I2C_AddrCallback
 .text.HAL_I2C_ListenCpltCallback
                0x0000000008003eb2       0x14 ./Drivers/STM32F4xx_HAL_Driver/Src/stm32f4xx_hal_i2c.o
                0x0000000008003eb2                HAL_I2C_ListenCpltCallback
 .text.HAL_I2C_MemTxCpltCallback
                0x0000000008003ec6       0x14 ./Drivers/STM32F4xx_HAL_Driver/Src/stm32f4xx_hal_i2c.o
                0x0000000008003ec6                HAL_I2C_MemTxCpltCallback
 .text.HAL_I2C_MemRxCpltCallback
                0x0000000008003eda       0x14 ./Drivers/STM32F4xx_HAL_Driver/Src/stm32f4xx_hal_i2c.o
                0x0000000008003eda                HAL_I2C_MemRxCpltCallback
 .text.HAL_I2C_ErrorCallback
                0x0000000008003eee       0x14 ./Drivers/STM32F4xx_HAL_Driver/Src/stm32f4xx_hal_i2c.o
                0x0000000008003eee                HAL_I2C_ErrorCallback
 .text.HAL_I2C_AbortCpltCallback
                0x0000000008003f02       0x14 ./Drivers/STM32F4xx_HAL_Driver/Src/stm32f4xx_hal_i2c.o
                0x0000000008003f02                HAL_I2C_AbortCpltCallback
 .text.I2C_MasterTransmit_TXE
                0x0000000008003f16      0x138 ./Drivers/STM32F4xx_HAL_Driver/Src/stm32f4xx_hal_i2c.o
 .text.I2C_MasterTransmit_BTF
                0x000000000800404e       0xec ./Drivers/STM32F4xx_HAL_Driver/Src/stm32f4xx_hal_i2c.o
 .text.I2C_MemoryTransmit_TXE_BTF
                0x000000000800413a      0x128 ./Drivers/STM32F4xx_HAL_Driver/Src/stm32f4xx_hal_i2c.o
 .text.I2C_MasterReceive_RXNE
                0x0000000008004262      0x162 ./Drivers/STM32F4xx_HAL_Driver/Src/stm32f4xx_hal_i2c.o
 .text.I2C_MasterReceive_BTF
                0x00000000080043c4      0x1d4 ./Drivers/STM32F4xx_HAL_Driver/Src/stm32f4xx_hal_i2c.o
 .text.I2C_Master_SB
                0x0000000008004598      0x10c ./Drivers/STM32F4xx_HAL_Driver/Src/stm32f4xx_hal_i2c.o
 .text.I2C_Master_ADD10
                0x00000000080046a4       0x54 ./Drivers/STM32F4xx_HAL_Driver/Src/stm32f4xx_hal_i2c.o
 .text.I2C_Master_ADDR
                0x00000000080046f8      0x322 ./Drivers/STM32F4xx_HAL_Driver/Src/stm32f4xx_hal_i2c.o
 .text.I2C_SlaveTransmit_TXE
                0x0000000008004a1a       0x7a ./Drivers/STM32F4xx_HAL_Driver/Src/stm32f4xx_hal_i2c.o
 .text.I2C_SlaveTransmit_BTF
                0x0000000008004a94       0x42 ./Drivers/STM32F4xx_HAL_Driver/Src/stm32f4xx_hal_i2c.o
 .text.I2C_SlaveReceive_RXNE
                0x0000000008004ad6       0x7c ./Drivers/STM32F4xx_HAL_Driver/Src/stm32f4xx_hal_i2c.o
 .text.I2C_SlaveReceive_BTF
                0x0000000008004b52       0x44 ./Drivers/STM32F4xx_HAL_Driver/Src/stm32f4xx_hal_i2c.o
 .text.I2C_Slave_ADDR
                0x0000000008004b96       0x94 ./Drivers/STM32F4xx_HAL_Driver/Src/stm32f4xx_hal_i2c.o
 *fill*         0x0000000008004c2a        0x2 
 .text.I2C_Slave_STOPF
                0x0000000008004c2c      0x260 ./Drivers/STM32F4xx_HAL_Driver/Src/stm32f4xx_hal_i2c.o
 .text.I2C_ITError
                0x0000000008004e8c      0x264 ./Drivers/STM32F4xx_HAL_Driver/Src/stm32f4xx_hal_i2c.o
 .text.I2C_RequestMemoryWrite
                0x00000000080050f0      0x12c ./Drivers/STM32F4xx_HAL_Driver/Src/stm32f4xx_hal_i2c.o
 .text.I2C_DMAAbort
                0x000000000800521c      0x150 ./Drivers/STM32F4xx_HAL_Driver/Src/stm32f4xx_hal_i2c.o
 .text.I2C_WaitOnFlagUntilTimeout
                0x000000000800536c       0xae ./Drivers/STM32F4xx_HAL_Driver/Src/stm32f4xx_hal_i2c.o
 .text.I2C_WaitOnMasterAddressFlagUntilTimeout
                0x000000000800541a       0xfe ./Drivers/STM32F4xx_HAL_Driver/Src/stm32f4xx_hal_i2c.o
 .text.I2C_WaitOnTXEFlagUntilTimeout
                0x0000000008005518       0x82 ./Drivers/STM32F4xx_HAL_Driver/Src/stm32f4xx_hal_i2c.o
 .text.I2C_WaitOnBTFFlagUntilTimeout
                0x000000000800559a       0x82 ./Drivers/STM32F4xx_HAL_Driver/Src/stm32f4xx_hal_i2c.o
 .text.I2C_WaitOnSTOPRequestThroughIT
                0x000000000800561c       0x64 ./Drivers/STM32F4xx_HAL_Driver/Src/stm32f4xx_hal_i2c.o
 .text.I2C_IsAcknowledgeFailed
                0x0000000008005680       0x5e ./Drivers/STM32F4xx_HAL_Driver/Src/stm32f4xx_hal_i2c.o
 .text.I2C_ConvertOtherXferOptions
                0x00000000080056de       0x36 ./Drivers/STM32F4xx_HAL_Driver/Src/stm32f4xx_hal_i2c.o
 .text.HAL_RCC_OscConfig
                0x0000000008005714      0x4f0 ./Drivers/STM32F4xx_HAL_Driver/Src/stm32f4xx_hal_rcc.o
                0x0000000008005714                HAL_RCC_OscConfig
 .text.HAL_RCC_ClockConfig
                0x0000000008005c04      0x1cc ./Drivers/STM32F4xx_HAL_Driver/Src/stm32f4xx_hal_rcc.o
                0x0000000008005c04                HAL_RCC_ClockConfig
 .text.HAL_RCC_GetSysClockFreq
                0x0000000008005dd0      0x16c ./Drivers/STM32F4xx_HAL_Driver/Src/stm32f4xx_hal_rcc.o
                0x0000000008005dd0                HAL_RCC_GetSysClockFreq
 .text.HAL_RCC_GetHCLKFreq
                0x0000000008005f3c       0x18 ./Drivers/STM32F4xx_HAL_Driver/Src/stm32f4xx_hal_rcc.o
                0x0000000008005f3c                HAL_RCC_GetHCLKFreq
 .text.HAL_RCC_GetPCLK1Freq
                0x0000000008005f54       0x28 ./Drivers/STM32F4xx_HAL_Driver/Src/stm32f4xx_hal_rcc.o
                0x0000000008005f54                HAL_RCC_GetPCLK1Freq
 .text.HAL_RCC_GetPCLK2Freq
                0x0000000008005f7c       0x28 ./Drivers/STM32F4xx_HAL_Driver/Src/stm32f4xx_hal_rcc.o
                0x0000000008005f7c                HAL_RCC_GetPCLK2Freq
 .text.HAL_TIM_Base_Init
                0x0000000008005fa4       0x9e ./Drivers/STM32F4xx_HAL_Driver/Src/stm32f4xx_hal_tim.o
                0x0000000008005fa4                HAL_TIM_Base_Init
 *fill*         0x0000000008006042        0x2 
 .text.HAL_TIM_Base_Start_IT
                0x0000000008006044       0xc4 ./Drivers/STM32F4xx_HAL_Driver/Src/stm32f4xx_hal_tim.o
                0x0000000008006044                HAL_TIM_Base_Start_IT
 .text.HAL_TIM_PWM_Init
                0x0000000008006108       0x9e ./Drivers/STM32F4xx_HAL_Driver/Src/stm32f4xx_hal_tim.o
                0x0000000008006108                HAL_TIM_PWM_Init
 *fill*         0x00000000080061a6        0x2 
 .text.HAL_TIM_PWM_Start
                0x00000000080061a8      0x160 ./Drivers/STM32F4xx_HAL_Driver/Src/stm32f4xx_hal_tim.o
                0x00000000080061a8                HAL_TIM_PWM_Start
 .text.HAL_TIM_Encoder_Init
                0x0000000008006308      0x14c ./Drivers/STM32F4xx_HAL_Driver/Src/stm32f4xx_hal_tim.o
                0x0000000008006308                HAL_TIM_Encoder_Init
 .text.HAL_TIM_Encoder_Start
                0x0000000008006454      0x11c ./Drivers/STM32F4xx_HAL_Driver/Src/stm32f4xx_hal_tim.o
                0x0000000008006454                HAL_TIM_Encoder_Start
 .text.HAL_TIM_IRQHandler
                0x0000000008006570      0x210 ./Drivers/STM32F4xx_HAL_Driver/Src/stm32f4xx_hal_tim.o
                0x0000000008006570                HAL_TIM_IRQHandler
 .text.HAL_TIM_PWM_ConfigChannel
                0x0000000008006780      0x184 ./Drivers/STM32F4xx_HAL_Driver/Src/stm32f4xx_hal_tim.o
                0x0000000008006780                HAL_TIM_PWM_ConfigChannel
 .text.HAL_TIM_ConfigClockSource
                0x0000000008006904      0x18e ./Drivers/STM32F4xx_HAL_Driver/Src/stm32f4xx_hal_tim.o
                0x0000000008006904                HAL_TIM_ConfigClockSource
 .text.HAL_TIM_OC_DelayElapsedCallback
                0x0000000008006a92       0x14 ./Drivers/STM32F4xx_HAL_Driver/Src/stm32f4xx_hal_tim.o
                0x0000000008006a92                HAL_TIM_OC_DelayElapsedCallback
 .text.HAL_TIM_IC_CaptureCallback
                0x0000000008006aa6       0x14 ./Drivers/STM32F4xx_HAL_Driver/Src/stm32f4xx_hal_tim.o
                0x0000000008006aa6                HAL_TIM_IC_CaptureCallback
 .text.HAL_TIM_PWM_PulseFinishedCallback
                0x0000000008006aba       0x14 ./Drivers/STM32F4xx_HAL_Driver/Src/stm32f4xx_hal_tim.o
                0x0000000008006aba                HAL_TIM_PWM_PulseFinishedCallback
 .text.HAL_TIM_TriggerCallback
                0x0000000008006ace       0x14 ./Drivers/STM32F4xx_HAL_Driver/Src/stm32f4xx_hal_tim.o
                0x0000000008006ace                HAL_TIM_TriggerCallback
 *fill*         0x0000000008006ae2        0x2 
 .text.TIM_Base_SetConfig
                0x0000000008006ae4      0x100 ./Drivers/STM32F4xx_HAL_Driver/Src/stm32f4xx_hal_tim.o
                0x0000000008006ae4                TIM_Base_SetConfig
 .text.TIM_OC1_SetConfig
                0x0000000008006be4       0xcc ./Drivers/STM32F4xx_HAL_Driver/Src/stm32f4xx_hal_tim.o
 .text.TIM_OC2_SetConfig
                0x0000000008006cb0       0xd8 ./Drivers/STM32F4xx_HAL_Driver/Src/stm32f4xx_hal_tim.o
                0x0000000008006cb0                TIM_OC2_SetConfig
 .text.TIM_OC3_SetConfig
                0x0000000008006d88       0xd4 ./Drivers/STM32F4xx_HAL_Driver/Src/stm32f4xx_hal_tim.o
 .text.TIM_OC4_SetConfig
                0x0000000008006e5c       0xa0 ./Drivers/STM32F4xx_HAL_Driver/Src/stm32f4xx_hal_tim.o
 .text.TIM_TI1_ConfigInputStage
                0x0000000008006efc       0x5e ./Drivers/STM32F4xx_HAL_Driver/Src/stm32f4xx_hal_tim.o
 .text.TIM_TI2_ConfigInputStage
                0x0000000008006f5a       0x60 ./Drivers/STM32F4xx_HAL_Driver/Src/stm32f4xx_hal_tim.o
 .text.TIM_ITRx_SetConfig
                0x0000000008006fba       0x36 ./Drivers/STM32F4xx_HAL_Driver/Src/stm32f4xx_hal_tim.o
 .text.TIM_ETR_SetConfig
                0x0000000008006ff0       0x40 ./Drivers/STM32F4xx_HAL_Driver/Src/stm32f4xx_hal_tim.o
                0x0000000008006ff0                TIM_ETR_SetConfig
 .text.TIM_CCxChannelCmd
                0x0000000008007030       0x4a ./Drivers/STM32F4xx_HAL_Driver/Src/stm32f4xx_hal_tim.o
                0x0000000008007030                TIM_CCxChannelCmd
 *fill*         0x000000000800707a        0x2 
 .text.HAL_TIMEx_MasterConfigSynchronization
                0x000000000800707c       0xdc ./Drivers/STM32F4xx_HAL_Driver/Src/stm32f4xx_hal_tim_ex.o
                0x000000000800707c                HAL_TIMEx_MasterConfigSynchronization
 .text.HAL_TIMEx_CommutCallback
                0x0000000008007158       0x14 ./Drivers/STM32F4xx_HAL_Driver/Src/stm32f4xx_hal_tim_ex.o
                0x0000000008007158                HAL_TIMEx_CommutCallback
 .text.HAL_TIMEx_BreakCallback
                0x000000000800716c       0x14 ./Drivers/STM32F4xx_HAL_Driver/Src/stm32f4xx_hal_tim_ex.o
                0x000000000800716c                HAL_TIMEx_BreakCallback
 .text.HAL_UART_Init
                0x0000000008007180       0x9a ./Drivers/STM32F4xx_HAL_Driver/Src/stm32f4xx_hal_uart.o
                0x0000000008007180                HAL_UART_Init
 .text.HAL_UART_Receive_DMA
                0x000000000800721a       0x60 ./Drivers/STM32F4xx_HAL_Driver/Src/stm32f4xx_hal_uart.o
                0x000000000800721a                HAL_UART_Receive_DMA
 *fill*         0x000000000800727a        0x2 
 .text.HAL_UART_IRQHandler
                0x000000000800727c      0x51c ./Drivers/STM32F4xx_HAL_Driver/Src/stm32f4xx_hal_uart.o
                0x000000000800727c                HAL_UART_IRQHandler
 .text.HAL_UART_TxCpltCallback
                0x0000000008007798       0x14 ./Drivers/STM32F4xx_HAL_Driver/Src/stm32f4xx_hal_uart.o
                0x0000000008007798                HAL_UART_TxCpltCallback
 .text.HAL_UART_RxHalfCpltCallback
                0x00000000080077ac       0x14 ./Drivers/STM32F4xx_HAL_Driver/Src/stm32f4xx_hal_uart.o
                0x00000000080077ac                HAL_UART_RxHalfCpltCallback
 .text.HAL_UART_ErrorCallback
                0x00000000080077c0       0x14 ./Drivers/STM32F4xx_HAL_Driver/Src/stm32f4xx_hal_uart.o
                0x00000000080077c0                HAL_UART_ErrorCallback
 .text.HAL_UARTEx_RxEventCallback
                0x00000000080077d4       0x18 ./Drivers/STM32F4xx_HAL_Driver/Src/stm32f4xx_hal_uart.o
                0x00000000080077d4                HAL_UARTEx_RxEventCallback
 .text.UART_DMAReceiveCplt
                0x00000000080077ec      0x126 ./Drivers/STM32F4xx_HAL_Driver/Src/stm32f4xx_hal_uart.o
 .text.UART_DMARxHalfCplt
                0x0000000008007912       0x36 ./Drivers/STM32F4xx_HAL_Driver/Src/stm32f4xx_hal_uart.o
 .text.UART_DMAError
                0x0000000008007948       0x94 ./Drivers/STM32F4xx_HAL_Driver/Src/stm32f4xx_hal_uart.o
 .text.UART_Start_Receive_DMA
                0x00000000080079dc      0x134 ./Drivers/STM32F4xx_HAL_Driver/Src/stm32f4xx_hal_uart.o
                0x00000000080079dc                UART_Start_Receive_DMA
 .text.UART_EndTxTransfer
                0x0000000008007b10       0x50 ./Drivers/STM32F4xx_HAL_Driver/Src/stm32f4xx_hal_uart.o
 .text.UART_EndRxTransfer
                0x0000000008007b60       0xc6 ./Drivers/STM32F4xx_HAL_Driver/Src/stm32f4xx_hal_uart.o
 .text.UART_DMAAbortOnError
                0x0000000008007c26       0x28 ./Drivers/STM32F4xx_HAL_Driver/Src/stm32f4xx_hal_uart.o
 .text.UART_Transmit_IT
                0x0000000008007c4e       0xa0 ./Drivers/STM32F4xx_HAL_Driver/Src/stm32f4xx_hal_uart.o
 .text.UART_EndTransmit_IT
                0x0000000008007cee       0x30 ./Drivers/STM32F4xx_HAL_Driver/Src/stm32f4xx_hal_uart.o
 .text.UART_Receive_IT
                0x0000000008007d1e      0x176 ./Drivers/STM32F4xx_HAL_Driver/Src/stm32f4xx_hal_uart.o
 .text.UART_SetConfig
                0x0000000008007e94      0x390 ./Drivers/STM32F4xx_HAL_Driver/Src/stm32f4xx_hal_uart.o
 .text.__libc_init_array
                0x0000000008008224       0x48 d:/st/stm32cubeide_1.7.0/stm32cubeide/plugins/com.st.stm32cube.ide.mcu.externaltools.gnu-tools-for-stm32.9-2020-q2-update.win32_2.0.0.202105311346/tools/bin/../lib/gcc/arm-none-eabi/9.3.1/../../../../arm-none-eabi/lib/thumb/v7e-m+fp/hard\libc_nano.a(lib_a-init.o)
                0x0000000008008224                __libc_init_array
 .text.memcpy   0x000000000800826c       0x1c d:/st/stm32cubeide_1.7.0/stm32cubeide/plugins/com.st.stm32cube.ide.mcu.externaltools.gnu-tools-for-stm32.9-2020-q2-update.win32_2.0.0.202105311346/tools/bin/../lib/gcc/arm-none-eabi/9.3.1/../../../../arm-none-eabi/lib/thumb/v7e-m+fp/hard\libc_nano.a(lib_a-memcpy-stub.o)
                0x000000000800826c                memcpy
 .text.memset   0x0000000008008288       0x10 d:/st/stm32cubeide_1.7.0/stm32cubeide/plugins/com.st.stm32cube.ide.mcu.externaltools.gnu-tools-for-stm32.9-2020-q2-update.win32_2.0.0.202105311346/tools/bin/../lib/gcc/arm-none-eabi/9.3.1/../../../../arm-none-eabi/lib/thumb/v7e-m+fp/hard\libc_nano.a(lib_a-memset.o)
                0x0000000008008288                memset
 *(.glue_7)
 .glue_7        0x0000000008008298        0x0 linker stubs
 *(.glue_7t)
 .glue_7t       0x0000000008008298        0x0 linker stubs
 *(.eh_frame)
 .eh_frame      0x0000000008008298        0x0 d:/st/stm32cubeide_1.7.0/stm32cubeide/plugins/com.st.stm32cube.ide.mcu.externaltools.gnu-tools-for-stm32.9-2020-q2-update.win32_2.0.0.202105311346/tools/bin/../lib/gcc/arm-none-eabi/9.3.1/thumb/v7e-m+fp/hard/crtbegin.o
 *(.init)
 .init          0x0000000008008298        0x4 d:/st/stm32cubeide_1.7.0/stm32cubeide/plugins/com.st.stm32cube.ide.mcu.externaltools.gnu-tools-for-stm32.9-2020-q2-update.win32_2.0.0.202105311346/tools/bin/../lib/gcc/arm-none-eabi/9.3.1/thumb/v7e-m+fp/hard/crti.o
                0x0000000008008298                _init
 .init          0x000000000800829c        0x8 d:/st/stm32cubeide_1.7.0/stm32cubeide/plugins/com.st.stm32cube.ide.mcu.externaltools.gnu-tools-for-stm32.9-2020-q2-update.win32_2.0.0.202105311346/tools/bin/../lib/gcc/arm-none-eabi/9.3.1/thumb/v7e-m+fp/hard/crtn.o
 *(.fini)
 .fini          0x00000000080082a4        0x4 d:/st/stm32cubeide_1.7.0/stm32cubeide/plugins/com.st.stm32cube.ide.mcu.externaltools.gnu-tools-for-stm32.9-2020-q2-update.win32_2.0.0.202105311346/tools/bin/../lib/gcc/arm-none-eabi/9.3.1/thumb/v7e-m+fp/hard/crti.o
                0x00000000080082a4                _fini
 .fini          0x00000000080082a8        0x8 d:/st/stm32cubeide_1.7.0/stm32cubeide/plugins/com.st.stm32cube.ide.mcu.externaltools.gnu-tools-for-stm32.9-2020-q2-update.win32_2.0.0.202105311346/tools/bin/../lib/gcc/arm-none-eabi/9.3.1/thumb/v7e-m+fp/hard/crtn.o
                0x00000000080082b0                . = ALIGN (0x4)
                0x00000000080082b0                _etext = .

.vfp11_veneer   0x00000000080082b0        0x0
 .vfp11_veneer  0x00000000080082b0        0x0 linker stubs

.v4_bx          0x00000000080082b0        0x0
 .v4_bx         0x00000000080082b0        0x0 linker stubs

.iplt           0x00000000080082b0        0x0
 .iplt          0x00000000080082b0        0x0 d:/st/stm32cubeide_1.7.0/stm32cubeide/plugins/com.st.stm32cube.ide.mcu.externaltools.gnu-tools-for-stm32.9-2020-q2-update.win32_2.0.0.202105311346/tools/bin/../lib/gcc/arm-none-eabi/9.3.1/thumb/v7e-m+fp/hard/crtbegin.o

.rodata         0x00000000080082b0       0x20
                0x00000000080082b0                . = ALIGN (0x4)
 *(.rodata)
 *(.rodata*)
 .rodata.AHBPrescTable
                0x00000000080082b0       0x10 ./Core/Src/system_stm32f4xx.o
                0x00000000080082b0                AHBPrescTable
 .rodata.APBPrescTable
                0x00000000080082c0        0x8 ./Core/Src/system_stm32f4xx.o
                0x00000000080082c0                APBPrescTable
 .rodata.flagBitshiftOffset.8841
                0x00000000080082c8        0x8 ./Drivers/STM32F4xx_HAL_Driver/Src/stm32f4xx_hal_dma.o
                0x00000000080082d0                . = ALIGN (0x4)

.ARM.extab      0x00000000080082d0        0x0
                0x00000000080082d0                . = ALIGN (0x4)
 *(.ARM.extab* .gnu.linkonce.armextab.*)
                0x00000000080082d0                . = ALIGN (0x4)

.ARM            0x00000000080082d0        0x8
                0x00000000080082d0                . = ALIGN (0x4)
                0x00000000080082d0                __exidx_start = .
 *(.ARM.exidx*)
 .ARM.exidx     0x00000000080082d0        0x8 d:/st/stm32cubeide_1.7.0/stm32cubeide/plugins/com.st.stm32cube.ide.mcu.externaltools.gnu-tools-for-stm32.9-2020-q2-update.win32_2.0.0.202105311346/tools/bin/../lib/gcc/arm-none-eabi/9.3.1/thumb/v7e-m+fp/hard\libgcc.a(_udivmoddi4.o)
                0x00000000080082d8                __exidx_end = .
                0x00000000080082d8                . = ALIGN (0x4)

.rel.dyn        0x00000000080082d8        0x0
 .rel.iplt      0x00000000080082d8        0x0 d:/st/stm32cubeide_1.7.0/stm32cubeide/plugins/com.st.stm32cube.ide.mcu.externaltools.gnu-tools-for-stm32.9-2020-q2-update.win32_2.0.0.202105311346/tools/bin/../lib/gcc/arm-none-eabi/9.3.1/thumb/v7e-m+fp/hard/crtbegin.o

.preinit_array  0x00000000080082d8        0x0
                0x00000000080082d8                . = ALIGN (0x4)
                0x00000000080082d8                PROVIDE (__preinit_array_start = .)
 *(.preinit_array*)
                0x00000000080082d8                PROVIDE (__preinit_array_end = .)
                0x00000000080082d8                . = ALIGN (0x4)

.init_array     0x00000000080082d8        0x4
                0x00000000080082d8                . = ALIGN (0x4)
                0x00000000080082d8                PROVIDE (__init_array_start = .)
 *(SORT_BY_NAME(.init_array.*))
 *(.init_array*)
 .init_array    0x00000000080082d8        0x4 d:/st/stm32cubeide_1.7.0/stm32cubeide/plugins/com.st.stm32cube.ide.mcu.externaltools.gnu-tools-for-stm32.9-2020-q2-update.win32_2.0.0.202105311346/tools/bin/../lib/gcc/arm-none-eabi/9.3.1/thumb/v7e-m+fp/hard/crtbegin.o
                0x00000000080082dc                PROVIDE (__init_array_end = .)
                0x00000000080082dc                . = ALIGN (0x4)

.fini_array     0x00000000080082dc        0x4
                0x00000000080082dc                . = ALIGN (0x4)
                [!provide]                        PROVIDE (__fini_array_start = .)
 *(SORT_BY_NAME(.fini_array.*))
 *(.fini_array*)
 .fini_array    0x00000000080082dc        0x4 d:/st/stm32cubeide_1.7.0/stm32cubeide/plugins/com.st.stm32cube.ide.mcu.externaltools.gnu-tools-for-stm32.9-2020-q2-update.win32_2.0.0.202105311346/tools/bin/../lib/gcc/arm-none-eabi/9.3.1/thumb/v7e-m+fp/hard/crtbegin.o
                [!provide]                        PROVIDE (__fini_array_end = .)
                0x00000000080082e0                . = ALIGN (0x4)
                0x00000000080082e0                _sidata = LOADADDR (.data)

.data           0x0000000020000000       0x24 load address 0x00000000080082e0
                0x0000000020000000                . = ALIGN (0x4)
                0x0000000020000000                _sdata = .
 *(.data)
 *(.data*)
 .data.Kp_motor
                0x0000000020000000        0x8 ./Core/Lib/motor.o
                0x0000000020000000                Kp_motor
 .data.Ki_motor
                0x0000000020000008        0x8 ./Core/Lib/motor.o
                0x0000000020000008                Ki_motor
 .data.Ki_lim_motor
                0x0000000020000010        0x8 ./Core/Lib/motor.o
                0x0000000020000010                Ki_lim_motor
 .data.SystemCoreClock
                0x0000000020000018        0x4 ./Core/Src/system_stm32f4xx.o
                0x0000000020000018                SystemCoreClock
 .data.uwTickPrio
                0x000000002000001c        0x4 ./Drivers/STM32F4xx_HAL_Driver/Src/stm32f4xx_hal.o
                0x000000002000001c                uwTickPrio
 .data.uwTickFreq
                0x0000000020000020        0x1 ./Drivers/STM32F4xx_HAL_Driver/Src/stm32f4xx_hal.o
                0x0000000020000020                uwTickFreq
 *(.RamFunc)
 *(.RamFunc*)
                0x0000000020000024                . = ALIGN (0x4)
 *fill*         0x0000000020000021        0x3 
                0x0000000020000024                _edata = .

.igot.plt       0x0000000020000024        0x0 load address 0x0000000008008304
 .igot.plt      0x0000000020000024        0x0 d:/st/stm32cubeide_1.7.0/stm32cubeide/plugins/com.st.stm32cube.ide.mcu.externaltools.gnu-tools-for-stm32.9-2020-q2-update.win32_2.0.0.202105311346/tools/bin/../lib/gcc/arm-none-eabi/9.3.1/thumb/v7e-m+fp/hard/crtbegin.o
                0x0000000020000024                . = ALIGN (0x4)

.bss            0x0000000020000024      0x464 load address 0x0000000008008304
                0x0000000020000024                _sbss = .
                0x0000000020000024                __bss_start__ = _sbss
 *(.bss)
 .bss           0x0000000020000024       0x1c d:/st/stm32cubeide_1.7.0/stm32cubeide/plugins/com.st.stm32cube.ide.mcu.externaltools.gnu-tools-for-stm32.9-2020-q2-update.win32_2.0.0.202105311346/tools/bin/../lib/gcc/arm-none-eabi/9.3.1/thumb/v7e-m+fp/hard/crtbegin.o
 *(.bss*)
 .bss.adc_ptr   0x0000000020000040        0x1 ./Core/Lib/adc_callback.o
                0x0000000020000040                adc_ptr
 .bss.sync      0x0000000020000041        0x1 ./Core/Lib/radio.o
                0x0000000020000041                sync
 *fill*         0x0000000020000042        0x2 
 .bss.unsync_rate
                0x0000000020000044        0x4 ./Core/Lib/radio.o
                0x0000000020000044                unsync_rate
 .bss.tim_int   0x0000000020000048        0x4 ./Core/Src/main.o
                0x0000000020000048                tim_int
 *(COMMON)
 COMMON         0x000000002000004c       0x28 ./Core/Lib/adc_callback.o
                0x000000002000004c                left_sens_ar
                0x0000000020000058                right_sens_ar
                0x0000000020000064                left_sens
                0x0000000020000066                right_sens
                0x0000000020000068                buf_adc
 COMMON         0x0000000020000074       0x1c ./Core/Lib/motor.o
                0x0000000020000074                pwm_motor
                0x0000000020000078                sum_error_motor
                0x0000000020000080                target_speed_motor
                0x0000000020000084                enc_speed
                0x0000000020000088                error_motor
                0x000000002000008c                prev_error_motor
 COMMON         0x0000000020000090       0xa7 ./Core/Lib/radio.o
                0x0000000020000090                serial_buf
                0x00000000200000c2                frame_size
                0x00000000200000c4                serial_buf_channels
                0x00000000200000e0                serial_buf_lq
                0x00000000200000fc                channels
                0x000000002000011c                serial_buf_changed
                0x0000000020000135                serial_ptr
                0x0000000020000136                serial_byte
 *fill*         0x0000000020000137        0x1 
 COMMON         0x0000000020000138       0xa8 ./Core/Src/adc.o
                0x0000000020000138                hadc1
                0x0000000020000180                hdma_adc1
 COMMON         0x00000000200001e0       0x54 ./Core/Src/i2c.o
                0x00000000200001e0                hi2c1
 COMMON         0x0000000020000234        0x1 ./Core/Src/main.o
                0x0000000020000234                button
 *fill*         0x0000000020000235        0x3 
 COMMON         0x0000000020000238      0x120 ./Core/Src/tim.o
                0x0000000020000238                htim4
                0x0000000020000280                htim5
                0x00000000200002c8                htim3
                0x0000000020000310                htim2
 COMMON         0x0000000020000358      0x12c ./Core/Src/usart.o
                0x0000000020000358                hdma_usart2_rx
                0x00000000200003b8                huart1
                0x00000000200003fc                huart6
                0x0000000020000440                huart2
 COMMON         0x0000000020000484        0x4 ./Drivers/STM32F4xx_HAL_Driver/Src/stm32f4xx_hal.o
                0x0000000020000484                uwTick
                0x0000000020000488                . = ALIGN (0x4)
                0x0000000020000488                _ebss = .
                0x0000000020000488                __bss_end__ = _ebss

._user_heap_stack
                0x0000000020000488      0x600 load address 0x0000000008008304
                0x0000000020000488                . = ALIGN (0x8)
                [!provide]                        PROVIDE (end = .)
                0x0000000020000488                PROVIDE (_end = .)
                0x0000000020000688                . = (. + _Min_Heap_Size)
 *fill*         0x0000000020000488      0x200 
                0x0000000020000a88                . = (. + _Min_Stack_Size)
 *fill*         0x0000000020000688      0x400 
                0x0000000020000a88                . = ALIGN (0x8)

/DISCARD/
 libc.a(*)
 libm.a(*)
 libgcc.a(*)

.ARM.attributes
                0x0000000000000000       0x30
 *(.ARM.attributes)
 .ARM.attributes
                0x0000000000000000       0x1e d:/st/stm32cubeide_1.7.0/stm32cubeide/plugins/com.st.stm32cube.ide.mcu.externaltools.gnu-tools-for-stm32.9-2020-q2-update.win32_2.0.0.202105311346/tools/bin/../lib/gcc/arm-none-eabi/9.3.1/thumb/v7e-m+fp/hard/crti.o
 .ARM.attributes
                0x000000000000001e       0x34 d:/st/stm32cubeide_1.7.0/stm32cubeide/plugins/com.st.stm32cube.ide.mcu.externaltools.gnu-tools-for-stm32.9-2020-q2-update.win32_2.0.0.202105311346/tools/bin/../lib/gcc/arm-none-eabi/9.3.1/thumb/v7e-m+fp/hard/crtbegin.o
 .ARM.attributes
                0x0000000000000052       0x34 ./Core/Lib/adc_callback.o
 .ARM.attributes
                0x0000000000000086       0x34 ./Core/Lib/i2c_dev.o
 .ARM.attributes
                0x00000000000000ba       0x34 ./Core/Lib/motor.o
 .ARM.attributes
                0x00000000000000ee       0x34 ./Core/Lib/radio.o
 .ARM.attributes
                0x0000000000000122       0x34 ./Core/Src/adc.o
 .ARM.attributes
                0x0000000000000156       0x34 ./Core/Src/dma.o
 .ARM.attributes
                0x000000000000018a       0x34 ./Core/Src/gpio.o
 .ARM.attributes
                0x00000000000001be       0x34 ./Core/Src/i2c.o
 .ARM.attributes
                0x00000000000001f2       0x34 ./Core/Src/main.o
 .ARM.attributes
                0x0000000000000226       0x34 ./Core/Src/stm32f4xx_hal_msp.o
 .ARM.attributes
                0x000000000000025a       0x34 ./Core/Src/stm32f4xx_it.o
 .ARM.attributes
                0x000000000000028e       0x34 ./Core/Src/system_stm32f4xx.o
 .ARM.attributes
                0x00000000000002c2       0x34 ./Core/Src/tim.o
 .ARM.attributes
                0x00000000000002f6       0x34 ./Core/Src/usart.o
 .ARM.attributes
                0x000000000000032a       0x21 ./Core/Startup/startup_stm32f401ccux.o
 .ARM.attributes
                0x000000000000034b       0x34 ./Drivers/STM32F4xx_HAL_Driver/Src/stm32f4xx_hal.o
 .ARM.attributes
                0x000000000000037f       0x34 ./Drivers/STM32F4xx_HAL_Driver/Src/stm32f4xx_hal_adc.o
 .ARM.attributes
                0x00000000000003b3       0x34 ./Drivers/STM32F4xx_HAL_Driver/Src/stm32f4xx_hal_adc_ex.o
 .ARM.attributes
                0x00000000000003e7       0x34 ./Drivers/STM32F4xx_HAL_Driver/Src/stm32f4xx_hal_cortex.o
 .ARM.attributes
                0x000000000000041b       0x34 ./Drivers/STM32F4xx_HAL_Driver/Src/stm32f4xx_hal_dma.o
 .ARM.attributes
                0x000000000000044f       0x34 ./Drivers/STM32F4xx_HAL_Driver/Src/stm32f4xx_hal_gpio.o
 .ARM.attributes
                0x0000000000000483       0x34 ./Drivers/STM32F4xx_HAL_Driver/Src/stm32f4xx_hal_i2c.o
 .ARM.attributes
                0x00000000000004b7       0x34 ./Drivers/STM32F4xx_HAL_Driver/Src/stm32f4xx_hal_rcc.o
 .ARM.attributes
                0x00000000000004eb       0x34 ./Drivers/STM32F4xx_HAL_Driver/Src/stm32f4xx_hal_tim.o
 .ARM.attributes
                0x000000000000051f       0x34 ./Drivers/STM32F4xx_HAL_Driver/Src/stm32f4xx_hal_tim_ex.o
 .ARM.attributes
                0x0000000000000553       0x34 ./Drivers/STM32F4xx_HAL_Driver/Src/stm32f4xx_hal_uart.o
 .ARM.attributes
                0x0000000000000587       0x34 d:/st/stm32cubeide_1.7.0/stm32cubeide/plugins/com.st.stm32cube.ide.mcu.externaltools.gnu-tools-for-stm32.9-2020-q2-update.win32_2.0.0.202105311346/tools/bin/../lib/gcc/arm-none-eabi/9.3.1/../../../../arm-none-eabi/lib/thumb/v7e-m+fp/hard\libc_nano.a(lib_a-init.o)
 .ARM.attributes
                0x00000000000005bb       0x34 d:/st/stm32cubeide_1.7.0/stm32cubeide/plugins/com.st.stm32cube.ide.mcu.externaltools.gnu-tools-for-stm32.9-2020-q2-update.win32_2.0.0.202105311346/tools/bin/../lib/gcc/arm-none-eabi/9.3.1/../../../../arm-none-eabi/lib/thumb/v7e-m+fp/hard\libc_nano.a(lib_a-memcpy-stub.o)
 .ARM.attributes
                0x00000000000005ef       0x34 d:/st/stm32cubeide_1.7.0/stm32cubeide/plugins/com.st.stm32cube.ide.mcu.externaltools.gnu-tools-for-stm32.9-2020-q2-update.win32_2.0.0.202105311346/tools/bin/../lib/gcc/arm-none-eabi/9.3.1/../../../../arm-none-eabi/lib/thumb/v7e-m+fp/hard\libc_nano.a(lib_a-memset.o)
 .ARM.attributes
                0x0000000000000623       0x1e d:/st/stm32cubeide_1.7.0/stm32cubeide/plugins/com.st.stm32cube.ide.mcu.externaltools.gnu-tools-for-stm32.9-2020-q2-update.win32_2.0.0.202105311346/tools/bin/../lib/gcc/arm-none-eabi/9.3.1/thumb/v7e-m+fp/hard\libgcc.a(_aeabi_uldivmod.o)
 .ARM.attributes
                0x0000000000000641       0x34 d:/st/stm32cubeide_1.7.0/stm32cubeide/plugins/com.st.stm32cube.ide.mcu.externaltools.gnu-tools-for-stm32.9-2020-q2-update.win32_2.0.0.202105311346/tools/bin/../lib/gcc/arm-none-eabi/9.3.1/thumb/v7e-m+fp/hard\libgcc.a(_udivmoddi4.o)
 .ARM.attributes
                0x0000000000000675       0x1e d:/st/stm32cubeide_1.7.0/stm32cubeide/plugins/com.st.stm32cube.ide.mcu.externaltools.gnu-tools-for-stm32.9-2020-q2-update.win32_2.0.0.202105311346/tools/bin/../lib/gcc/arm-none-eabi/9.3.1/thumb/v7e-m+fp/hard\libgcc.a(_dvmd_tls.o)
 .ARM.attributes
                0x0000000000000693       0x1e d:/st/stm32cubeide_1.7.0/stm32cubeide/plugins/com.st.stm32cube.ide.mcu.externaltools.gnu-tools-for-stm32.9-2020-q2-update.win32_2.0.0.202105311346/tools/bin/../lib/gcc/arm-none-eabi/9.3.1/thumb/v7e-m+fp/hard/crtn.o
OUTPUT(LF v5.0.1.elf elf32-littlearm)
LOAD linker stubs
LOAD d:/st/stm32cubeide_1.7.0/stm32cubeide/plugins/com.st.stm32cube.ide.mcu.externaltools.gnu-tools-for-stm32.9-2020-q2-update.win32_2.0.0.202105311346/tools/bin/../lib/gcc/arm-none-eabi/9.3.1/../../../../arm-none-eabi/lib/thumb/v7e-m+fp/hard\libc.a
LOAD d:/st/stm32cubeide_1.7.0/stm32cubeide/plugins/com.st.stm32cube.ide.mcu.externaltools.gnu-tools-for-stm32.9-2020-q2-update.win32_2.0.0.202105311346/tools/bin/../lib/gcc/arm-none-eabi/9.3.1/../../../../arm-none-eabi/lib/thumb/v7e-m+fp/hard\libm.a
LOAD d:/st/stm32cubeide_1.7.0/stm32cubeide/plugins/com.st.stm32cube.ide.mcu.externaltools.gnu-tools-for-stm32.9-2020-q2-update.win32_2.0.0.202105311346/tools/bin/../lib/gcc/arm-none-eabi/9.3.1/thumb/v7e-m+fp/hard\libgcc.a

.debug_info     0x0000000000000000    0x18cfa
 .debug_info    0x0000000000000000      0x7e0 ./Core/Lib/adc_callback.o
 .debug_info    0x00000000000007e0      0x70a ./Core/Lib/i2c_dev.o
 .debug_info    0x0000000000000eea      0xd63 ./Core/Lib/motor.o
 .debug_info    0x0000000000001c4d     0x1199 ./Core/Lib/radio.o
 .debug_info    0x0000000000002de6      0xc70 ./Core/Src/adc.o
 .debug_info    0x0000000000003a56      0x54f ./Core/Src/dma.o
 .debug_info    0x0000000000003fa5      0x521 ./Core/Src/gpio.o
 .debug_info    0x00000000000044c6      0xc3e ./Core/Src/i2c.o
 .debug_info    0x0000000000005104     0x1d7f ./Core/Src/main.o
 .debug_info    0x0000000000006e83      0x3c0 ./Core/Src/stm32f4xx_hal_msp.o
 .debug_info    0x0000000000007243     0x103b ./Core/Src/stm32f4xx_it.o
 .debug_info    0x000000000000827e      0x5d0 ./Core/Src/system_stm32f4xx.o
 .debug_info    0x000000000000884e     0x10c4 ./Core/Src/tim.o
 .debug_info    0x0000000000009912      0xc95 ./Core/Src/usart.o
 .debug_info    0x000000000000a5a7       0x22 ./Core/Startup/startup_stm32f401ccux.o
 .debug_info    0x000000000000a5c9      0x93d ./Drivers/STM32F4xx_HAL_Driver/Src/stm32f4xx_hal.o
 .debug_info    0x000000000000af06      0xdb4 ./Drivers/STM32F4xx_HAL_Driver/Src/stm32f4xx_hal_adc.o
 .debug_info    0x000000000000bcba      0xc1a ./Drivers/STM32F4xx_HAL_Driver/Src/stm32f4xx_hal_adc_ex.o
 .debug_info    0x000000000000c8d4      0xe41 ./Drivers/STM32F4xx_HAL_Driver/Src/stm32f4xx_hal_cortex.o
 .debug_info    0x000000000000d715      0x9e9 ./Drivers/STM32F4xx_HAL_Driver/Src/stm32f4xx_hal_dma.o
 .debug_info    0x000000000000e0fe      0x862 ./Drivers/STM32F4xx_HAL_Driver/Src/stm32f4xx_hal_gpio.o
 .debug_info    0x000000000000e960     0x2653 ./Drivers/STM32F4xx_HAL_Driver/Src/stm32f4xx_hal_i2c.o
 .debug_info    0x0000000000010fb3      0x9bd ./Drivers/STM32F4xx_HAL_Driver/Src/stm32f4xx_hal_rcc.o
 .debug_info    0x0000000000011970     0x2c1a ./Drivers/STM32F4xx_HAL_Driver/Src/stm32f4xx_hal_tim.o
 .debug_info    0x000000000001458a     0x159a ./Drivers/STM32F4xx_HAL_Driver/Src/stm32f4xx_hal_tim_ex.o
 .debug_info    0x0000000000015b24     0x31d6 ./Drivers/STM32F4xx_HAL_Driver/Src/stm32f4xx_hal_uart.o

.debug_abbrev   0x0000000000000000     0x3272
 .debug_abbrev  0x0000000000000000      0x18f ./Core/Lib/adc_callback.o
 .debug_abbrev  0x000000000000018f      0x172 ./Core/Lib/i2c_dev.o
 .debug_abbrev  0x0000000000000301      0x211 ./Core/Lib/motor.o
 .debug_abbrev  0x0000000000000512      0x26f ./Core/Lib/radio.o
 .debug_abbrev  0x0000000000000781      0x1d7 ./Core/Src/adc.o
 .debug_abbrev  0x0000000000000958      0x126 ./Core/Src/dma.o
 .debug_abbrev  0x0000000000000a7e      0x14e ./Core/Src/gpio.o
 .debug_abbrev  0x0000000000000bcc      0x1c4 ./Core/Src/i2c.o
 .debug_abbrev  0x0000000000000d90      0x27e ./Core/Src/main.o
 .debug_abbrev  0x000000000000100e      0x11d ./Core/Src/stm32f4xx_hal_msp.o
 .debug_abbrev  0x000000000000112b      0x1a1 ./Core/Src/stm32f4xx_it.o
 .debug_abbrev  0x00000000000012cc      0x145 ./Core/Src/system_stm32f4xx.o
 .debug_abbrev  0x0000000000001411      0x231 ./Core/Src/tim.o
 .debug_abbrev  0x0000000000001642      0x1d7 ./Core/Src/usart.o
 .debug_abbrev  0x0000000000001819       0x12 ./Core/Startup/startup_stm32f401ccux.o
 .debug_abbrev  0x000000000000182b      0x21e ./Drivers/STM32F4xx_HAL_Driver/Src/stm32f4xx_hal.o
 .debug_abbrev  0x0000000000001a49      0x1ef ./Drivers/STM32F4xx_HAL_Driver/Src/stm32f4xx_hal_adc.o
 .debug_abbrev  0x0000000000001c38      0x20a ./Drivers/STM32F4xx_HAL_Driver/Src/stm32f4xx_hal_adc_ex.o
 .debug_abbrev  0x0000000000001e42      0x33c ./Drivers/STM32F4xx_HAL_Driver/Src/stm32f4xx_hal_cortex.o
 .debug_abbrev  0x000000000000217e      0x219 ./Drivers/STM32F4xx_HAL_Driver/Src/stm32f4xx_hal_dma.o
 .debug_abbrev  0x0000000000002397      0x1f1 ./Drivers/STM32F4xx_HAL_Driver/Src/stm32f4xx_hal_gpio.o
 .debug_abbrev  0x0000000000002588      0x293 ./Drivers/STM32F4xx_HAL_Driver/Src/stm32f4xx_hal_i2c.o
 .debug_abbrev  0x000000000000281b      0x275 ./Drivers/STM32F4xx_HAL_Driver/Src/stm32f4xx_hal_rcc.o
 .debug_abbrev  0x0000000000002a90      0x26f ./Drivers/STM32F4xx_HAL_Driver/Src/stm32f4xx_hal_tim.o
 .debug_abbrev  0x0000000000002cff      0x277 ./Drivers/STM32F4xx_HAL_Driver/Src/stm32f4xx_hal_tim_ex.o
 .debug_abbrev  0x0000000000002f76      0x2fc ./Drivers/STM32F4xx_HAL_Driver/Src/stm32f4xx_hal_uart.o

.debug_aranges  0x0000000000000000     0x11f0
 .debug_aranges
                0x0000000000000000       0x20 ./Core/Lib/adc_callback.o
 .debug_aranges
                0x0000000000000020       0x20 ./Core/Lib/i2c_dev.o
 .debug_aranges
                0x0000000000000040       0x20 ./Core/Lib/motor.o
 .debug_aranges
                0x0000000000000060       0x30 ./Core/Lib/radio.o
 .debug_aranges
                0x0000000000000090       0x30 ./Core/Src/adc.o
 .debug_aranges
                0x00000000000000c0       0x20 ./Core/Src/dma.o
 .debug_aranges
                0x00000000000000e0       0x20 ./Core/Src/gpio.o
 .debug_aranges
                0x0000000000000100       0x30 ./Core/Src/i2c.o
 .debug_aranges
                0x0000000000000130       0x38 ./Core/Src/main.o
 .debug_aranges
                0x0000000000000168       0x20 ./Core/Src/stm32f4xx_hal_msp.o
 .debug_aranges
                0x0000000000000188       0xa0 ./Core/Src/stm32f4xx_it.o
 .debug_aranges
                0x0000000000000228       0x28 ./Core/Src/system_stm32f4xx.o
 .debug_aranges
                0x0000000000000250       0x70 ./Core/Src/tim.o
 .debug_aranges
                0x00000000000002c0       0x40 ./Core/Src/usart.o
 .debug_aranges
                0x0000000000000300       0x28 ./Core/Startup/startup_stm32f401ccux.o
 .debug_aranges
                0x0000000000000328       0xf0 ./Drivers/STM32F4xx_HAL_Driver/Src/stm32f4xx_hal.o
 .debug_aranges
                0x0000000000000418       0xe8 ./Drivers/STM32F4xx_HAL_Driver/Src/stm32f4xx_hal_adc.o
 .debug_aranges
                0x0000000000000500       0x90 ./Drivers/STM32F4xx_HAL_Driver/Src/stm32f4xx_hal_adc_ex.o
 .debug_aranges
                0x0000000000000590      0x118 ./Drivers/STM32F4xx_HAL_Driver/Src/stm32f4xx_hal_cortex.o
 .debug_aranges
                0x00000000000006a8       0x90 ./Drivers/STM32F4xx_HAL_Driver/Src/stm32f4xx_hal_dma.o
 .debug_aranges
                0x0000000000000738       0x58 ./Drivers/STM32F4xx_HAL_Driver/Src/stm32f4xx_hal_gpio.o
 .debug_aranges
                0x0000000000000790      0x2a0 ./Drivers/STM32F4xx_HAL_Driver/Src/stm32f4xx_hal_i2c.o
 .debug_aranges
                0x0000000000000a30       0x88 ./Drivers/STM32F4xx_HAL_Driver/Src/stm32f4xx_hal_rcc.o
 .debug_aranges
                0x0000000000000ab8      0x3d0 ./Drivers/STM32F4xx_HAL_Driver/Src/stm32f4xx_hal_tim.o
 .debug_aranges
                0x0000000000000e88      0x168 ./Drivers/STM32F4xx_HAL_Driver/Src/stm32f4xx_hal_tim_ex.o
 .debug_aranges
                0x0000000000000ff0      0x200 ./Drivers/STM32F4xx_HAL_Driver/Src/stm32f4xx_hal_uart.o

.debug_ranges   0x0000000000000000     0x10b0
 .debug_ranges  0x0000000000000000       0x10 ./Core/Lib/adc_callback.o
 .debug_ranges  0x0000000000000010       0x10 ./Core/Lib/i2c_dev.o
 .debug_ranges  0x0000000000000020       0x10 ./Core/Lib/motor.o
 .debug_ranges  0x0000000000000030       0x20 ./Core/Lib/radio.o
 .debug_ranges  0x0000000000000050       0x20 ./Core/Src/adc.o
 .debug_ranges  0x0000000000000070       0x10 ./Core/Src/dma.o
 .debug_ranges  0x0000000000000080       0x10 ./Core/Src/gpio.o
 .debug_ranges  0x0000000000000090       0x20 ./Core/Src/i2c.o
 .debug_ranges  0x00000000000000b0       0x28 ./Core/Src/main.o
 .debug_ranges  0x00000000000000d8       0x10 ./Core/Src/stm32f4xx_hal_msp.o
 .debug_ranges  0x00000000000000e8       0x90 ./Core/Src/stm32f4xx_it.o
 .debug_ranges  0x0000000000000178       0x18 ./Core/Src/system_stm32f4xx.o
 .debug_ranges  0x0000000000000190       0x60 ./Core/Src/tim.o
 .debug_ranges  0x00000000000001f0       0x30 ./Core/Src/usart.o
 .debug_ranges  0x0000000000000220       0x20 ./Core/Startup/startup_stm32f401ccux.o
 .debug_ranges  0x0000000000000240       0xe0 ./Drivers/STM32F4xx_HAL_Driver/Src/stm32f4xx_hal.o
 .debug_ranges  0x0000000000000320       0xd8 ./Drivers/STM32F4xx_HAL_Driver/Src/stm32f4xx_hal_adc.o
 .debug_ranges  0x00000000000003f8       0x80 ./Drivers/STM32F4xx_HAL_Driver/Src/stm32f4xx_hal_adc_ex.o
 .debug_ranges  0x0000000000000478      0x108 ./Drivers/STM32F4xx_HAL_Driver/Src/stm32f4xx_hal_cortex.o
 .debug_ranges  0x0000000000000580       0x80 ./Drivers/STM32F4xx_HAL_Driver/Src/stm32f4xx_hal_dma.o
 .debug_ranges  0x0000000000000600       0x48 ./Drivers/STM32F4xx_HAL_Driver/Src/stm32f4xx_hal_gpio.o
 .debug_ranges  0x0000000000000648      0x2b8 ./Drivers/STM32F4xx_HAL_Driver/Src/stm32f4xx_hal_i2c.o
 .debug_ranges  0x0000000000000900       0x78 ./Drivers/STM32F4xx_HAL_Driver/Src/stm32f4xx_hal_rcc.o
 .debug_ranges  0x0000000000000978      0x3c0 ./Drivers/STM32F4xx_HAL_Driver/Src/stm32f4xx_hal_tim.o
 .debug_ranges  0x0000000000000d38      0x158 ./Drivers/STM32F4xx_HAL_Driver/Src/stm32f4xx_hal_tim_ex.o
 .debug_ranges  0x0000000000000e90      0x220 ./Drivers/STM32F4xx_HAL_Driver/Src/stm32f4xx_hal_uart.o

.debug_macro    0x0000000000000000    0x1978b
 .debug_macro   0x0000000000000000      0x223 ./Core/Lib/adc_callback.o
 .debug_macro   0x0000000000000223      0xaa8 ./Core/Lib/adc_callback.o
 .debug_macro   0x0000000000000ccb      0x2a7 ./Core/Lib/adc_callback.o
 .debug_macro   0x0000000000000f72       0x2e ./Core/Lib/adc_callback.o
 .debug_macro   0x0000000000000fa0       0x28 ./Core/Lib/adc_callback.o
 .debug_macro   0x0000000000000fc8       0x22 ./Core/Lib/adc_callback.o
 .debug_macro   0x0000000000000fea       0x8e ./Core/Lib/adc_callback.o
 .debug_macro   0x0000000000001078       0x51 ./Core/Lib/adc_callback.o
 .debug_macro   0x00000000000010c9      0x103 ./Core/Lib/adc_callback.o
 .debug_macro   0x00000000000011cc       0x6a ./Core/Lib/adc_callback.o
 .debug_macro   0x0000000000001236      0x1df ./Core/Lib/adc_callback.o
 .debug_macro   0x0000000000001415       0x1c ./Core/Lib/adc_callback.o
 .debug_macro   0x0000000000001431       0x22 ./Core/Lib/adc_callback.o
 .debug_macro   0x0000000000001453       0xdf ./Core/Lib/adc_callback.o
 .debug_macro   0x0000000000001532     0x102d ./Core/Lib/adc_callback.o
 .debug_macro   0x000000000000255f      0x11f ./Core/Lib/adc_callback.o
 .debug_macro   0x000000000000267e     0xb86c ./Core/Lib/adc_callback.o
 .debug_macro   0x000000000000deea       0x6d ./Core/Lib/adc_callback.o
 .debug_macro   0x000000000000df57     0x3666 ./Core/Lib/adc_callback.o
 .debug_macro   0x00000000000115bd      0x174 ./Core/Lib/adc_callback.o
 .debug_macro   0x0000000000011731       0x5c ./Core/Lib/adc_callback.o
 .debug_macro   0x000000000001178d      0x416 ./Core/Lib/adc_callback.o
 .debug_macro   0x0000000000011ba3      0x9fe ./Core/Lib/adc_callback.o
 .debug_macro   0x00000000000125a1      0x116 ./Core/Lib/adc_callback.o
 .debug_macro   0x00000000000126b7       0xf8 ./Core/Lib/adc_callback.o
 .debug_macro   0x00000000000127af       0xa5 ./Core/Lib/adc_callback.o
 .debug_macro   0x0000000000012854      0x15f ./Core/Lib/adc_callback.o
 .debug_macro   0x00000000000129b3      0x287 ./Core/Lib/adc_callback.o
 .debug_macro   0x0000000000012c3a       0x5f ./Core/Lib/adc_callback.o
 .debug_macro   0x0000000000012c99      0x236 ./Core/Lib/adc_callback.o
 .debug_macro   0x0000000000012ecf      0x9e1 ./Core/Lib/adc_callback.o
 .debug_macro   0x00000000000138b0      0x38b ./Core/Lib/adc_callback.o
 .debug_macro   0x0000000000013c3b      0x176 ./Core/Lib/adc_callback.o
 .debug_macro   0x0000000000013db1       0xf9 ./Core/Lib/adc_callback.o
 .debug_macro   0x0000000000013eaa      0x132 ./Core/Lib/adc_callback.o
 .debug_macro   0x0000000000013fdc      0x23a ./Core/Lib/adc_callback.o
 .debug_macro   0x0000000000014216       0x2e ./Core/Lib/adc_callback.o
 .debug_macro   0x0000000000014244      0x1b5 ./Core/Lib/adc_callback.o
 .debug_macro   0x00000000000143f9       0x22 ./Core/Lib/adc_callback.o
 .debug_macro   0x000000000001441b       0xd6 ./Core/Lib/adc_callback.o
 .debug_macro   0x00000000000144f1      0x11a ./Core/Lib/adc_callback.o
 .debug_macro   0x000000000001460b       0x85 ./Core/Lib/adc_callback.o
 .debug_macro   0x0000000000014690       0x89 ./Core/Lib/adc_callback.o
 .debug_macro   0x0000000000014719      0x8d1 ./Core/Lib/adc_callback.o
 .debug_macro   0x0000000000014fea       0x47 ./Core/Lib/adc_callback.o
 .debug_macro   0x0000000000015031      0x295 ./Core/Lib/adc_callback.o
 .debug_macro   0x00000000000152c6      0x126 ./Core/Lib/adc_callback.o
 .debug_macro   0x00000000000153ec      0x231 ./Core/Lib/i2c_dev.o
 .debug_macro   0x000000000001561d      0x3b6 ./Core/Lib/motor.o
 .debug_macro   0x00000000000159d3       0x52 ./Core/Lib/motor.o
 .debug_macro   0x0000000000015a25       0x18 ./Core/Lib/motor.o
 .debug_macro   0x0000000000015a3d       0x3c ./Core/Lib/motor.o
 .debug_macro   0x0000000000015a79       0x34 ./Core/Lib/motor.o
 .debug_macro   0x0000000000015aad       0x16 ./Core/Lib/motor.o
 .debug_macro   0x0000000000015ac3       0x35 ./Core/Lib/motor.o
 .debug_macro   0x0000000000015af8      0x333 ./Core/Lib/motor.o
 .debug_macro   0x0000000000015e2b       0x10 ./Core/Lib/motor.o
 .debug_macro   0x0000000000015e3b       0x16 ./Core/Lib/motor.o
 .debug_macro   0x0000000000015e51       0x43 ./Core/Lib/motor.o
 .debug_macro   0x0000000000015e94       0x34 ./Core/Lib/motor.o
 .debug_macro   0x0000000000015ec8       0x10 ./Core/Lib/motor.o
 .debug_macro   0x0000000000015ed8       0x58 ./Core/Lib/motor.o
 .debug_macro   0x0000000000015f30       0x71 ./Core/Lib/motor.o
 .debug_macro   0x0000000000015fa1       0x1c ./Core/Lib/motor.o
 .debug_macro   0x0000000000015fbd      0x12a ./Core/Lib/motor.o
 .debug_macro   0x00000000000160e7       0x10 ./Core/Lib/motor.o
 .debug_macro   0x00000000000160f7       0x1c ./Core/Lib/motor.o
 .debug_macro   0x0000000000016113       0x52 ./Core/Lib/motor.o
 .debug_macro   0x0000000000016165       0x22 ./Core/Lib/motor.o
 .debug_macro   0x0000000000016187       0x10 ./Core/Lib/motor.o
 .debug_macro   0x0000000000016197       0x40 ./Core/Lib/motor.o
 .debug_macro   0x00000000000161d7       0xd5 ./Core/Lib/motor.o
 .debug_macro   0x00000000000162ac       0x1c ./Core/Lib/motor.o
 .debug_macro   0x00000000000162c8       0x3d ./Core/Lib/motor.o
 .debug_macro   0x0000000000016305       0x16 ./Core/Lib/motor.o
 .debug_macro   0x000000000001631b      0x145 ./Core/Lib/motor.o
 .debug_macro   0x0000000000016460       0x16 ./Core/Lib/motor.o
 .debug_macro   0x0000000000016476       0x16 ./Core/Lib/motor.o
 .debug_macro   0x000000000001648c       0x29 ./Core/Lib/motor.o
 .debug_macro   0x00000000000164b5      0x3f0 ./Core/Lib/radio.o
 .debug_macro   0x00000000000168a5       0x16 ./Core/Lib/radio.o
 .debug_macro   0x00000000000168bb       0x20 ./Core/Lib/radio.o
 .debug_macro   0x00000000000168db      0x223 ./Core/Src/adc.o
 .debug_macro   0x0000000000016afe      0x223 ./Core/Src/dma.o
 .debug_macro   0x0000000000016d21      0x223 ./Core/Src/gpio.o
 .debug_macro   0x0000000000016f44      0x223 ./Core/Src/i2c.o
 .debug_macro   0x0000000000017167      0x414 ./Core/Src/main.o
 .debug_macro   0x000000000001757b      0x219 ./Core/Src/stm32f4xx_hal_msp.o
 .debug_macro   0x0000000000017794      0x223 ./Core/Src/stm32f4xx_it.o
 .debug_macro   0x00000000000179b7      0x20f ./Core/Src/system_stm32f4xx.o
 .debug_macro   0x0000000000017bc6      0x223 ./Core/Src/tim.o
 .debug_macro   0x0000000000017de9      0x223 ./Core/Src/usart.o
 .debug_macro   0x000000000001800c      0x26f ./Drivers/STM32F4xx_HAL_Driver/Src/stm32f4xx_hal.o
 .debug_macro   0x000000000001827b      0x210 ./Drivers/STM32F4xx_HAL_Driver/Src/stm32f4xx_hal_adc.o
 .debug_macro   0x000000000001848b      0x20f ./Drivers/STM32F4xx_HAL_Driver/Src/stm32f4xx_hal_adc_ex.o
 .debug_macro   0x000000000001869a      0x20f ./Drivers/STM32F4xx_HAL_Driver/Src/stm32f4xx_hal_cortex.o
 .debug_macro   0x00000000000188a9      0x215 ./Drivers/STM32F4xx_HAL_Driver/Src/stm32f4xx_hal_dma.o
 .debug_macro   0x0000000000018abe      0x215 ./Drivers/STM32F4xx_HAL_Driver/Src/stm32f4xx_hal_gpio.o
 .debug_macro   0x0000000000018cd3      0x256 ./Drivers/STM32F4xx_HAL_Driver/Src/stm32f4xx_hal_i2c.o
 .debug_macro   0x0000000000018f29      0x233 ./Drivers/STM32F4xx_HAL_Driver/Src/stm32f4xx_hal_rcc.o
 .debug_macro   0x000000000001915c      0x210 ./Drivers/STM32F4xx_HAL_Driver/Src/stm32f4xx_hal_tim.o
 .debug_macro   0x000000000001936c      0x20f ./Drivers/STM32F4xx_HAL_Driver/Src/stm32f4xx_hal_tim_ex.o
 .debug_macro   0x000000000001957b      0x210 ./Drivers/STM32F4xx_HAL_Driver/Src/stm32f4xx_hal_uart.o

.debug_line     0x0000000000000000    0x18cdc
 .debug_line    0x0000000000000000      0x785 ./Core/Lib/adc_callback.o
 .debug_line    0x0000000000000785      0x74c ./Core/Lib/i2c_dev.o
 .debug_line    0x0000000000000ed1      0xabb ./Core/Lib/motor.o
 .debug_line    0x000000000000198c      0xbd8 ./Core/Lib/radio.o
 .debug_line    0x0000000000002564      0x811 ./Core/Src/adc.o
 .debug_line    0x0000000000002d75      0x73d ./Core/Src/dma.o
 .debug_line    0x00000000000034b2      0x77c ./Core/Src/gpio.o
 .debug_line    0x0000000000003c2e      0x7ab ./Core/Src/i2c.o
 .debug_line    0x00000000000043d9      0xad4 ./Core/Src/main.o
 .debug_line    0x0000000000004ead      0x73f ./Core/Src/stm32f4xx_hal_msp.o
 .debug_line    0x00000000000055ec      0x8c1 ./Core/Src/stm32f4xx_it.o
 .debug_line    0x0000000000005ead      0x7c0 ./Core/Src/system_stm32f4xx.o
 .debug_line    0x000000000000666d      0x9b8 ./Core/Src/tim.o
 .debug_line    0x0000000000007025      0x8ae ./Core/Src/usart.o
 .debug_line    0x00000000000078d3       0x88 ./Core/Startup/startup_stm32f401ccux.o
 .debug_line    0x000000000000795b      0xa26 ./Drivers/STM32F4xx_HAL_Driver/Src/stm32f4xx_hal.o
 .debug_line    0x0000000000008381     0x11e4 ./Drivers/STM32F4xx_HAL_Driver/Src/stm32f4xx_hal_adc.o
 .debug_line    0x0000000000009565      0xee6 ./Drivers/STM32F4xx_HAL_Driver/Src/stm32f4xx_hal_adc_ex.o
 .debug_line    0x000000000000a44b      0xcd5 ./Drivers/STM32F4xx_HAL_Driver/Src/stm32f4xx_hal_cortex.o
 .debug_line    0x000000000000b120      0xf8b ./Drivers/STM32F4xx_HAL_Driver/Src/stm32f4xx_hal_dma.o
 .debug_line    0x000000000000c0ab      0xb60 ./Drivers/STM32F4xx_HAL_Driver/Src/stm32f4xx_hal_gpio.o
 .debug_line    0x000000000000cc0b     0x39d2 ./Drivers/STM32F4xx_HAL_Driver/Src/stm32f4xx_hal_i2c.o
 .debug_line    0x00000000000105dd      0xda0 ./Drivers/STM32F4xx_HAL_Driver/Src/stm32f4xx_hal_rcc.o
 .debug_line    0x000000000001137d     0x34f4 ./Drivers/STM32F4xx_HAL_Driver/Src/stm32f4xx_hal_tim.o
 .debug_line    0x0000000000014871     0x19be ./Drivers/STM32F4xx_HAL_Driver/Src/stm32f4xx_hal_tim_ex.o
 .debug_line    0x000000000001622f     0x2aad ./Drivers/STM32F4xx_HAL_Driver/Src/stm32f4xx_hal_uart.o

.debug_str      0x0000000000000000    0x9bede
 .debug_str     0x0000000000000000    0x92fdf ./Core/Lib/adc_callback.o
                                      0x93303 (size before relaxing)
 .debug_str     0x0000000000092fdf      0x2a9 ./Core/Lib/i2c_dev.o
                                      0x9338a (size before relaxing)
 .debug_str     0x0000000000093288     0x41d3 ./Core/Lib/motor.o
                                      0x97157 (size before relaxing)
 .debug_str     0x000000000009745b      0x343 ./Core/Lib/radio.o
                                      0x97633 (size before relaxing)
 .debug_str     0x000000000009779e      0x56d ./Core/Src/adc.o
                                      0x93810 (size before relaxing)
 .debug_str     0x0000000000097d0b       0x29 ./Core/Src/dma.o
                                      0x93327 (size before relaxing)
 .debug_str     0x0000000000097d34       0x48 ./Core/Src/gpio.o
                                      0x9303b (size before relaxing)
 .debug_str     0x0000000000097d7c       0x4b ./Core/Src/i2c.o
                                      0x938cc (size before relaxing)
 .debug_str     0x0000000000097dc7      0x439 ./Core/Src/main.o
                                      0x97f26 (size before relaxing)
 .debug_str     0x0000000000098200       0x2c ./Core/Src/stm32f4xx_hal_msp.o
                                      0x92f9e (size before relaxing)
 .debug_str     0x000000000009822c      0x155 ./Core/Src/stm32f4xx_it.o
                                      0x93af8 (size before relaxing)
 .debug_str     0x0000000000098381       0xaf ./Core/Src/system_stm32f4xx.o
                                      0x93010 (size before relaxing)
 .debug_str     0x0000000000098430      0x292 ./Core/Src/tim.o
                                      0x93b99 (size before relaxing)
 .debug_str     0x00000000000986c2       0x7f ./Core/Src/usart.o
                                      0x93871 (size before relaxing)
 .debug_str     0x0000000000098741       0x36 ./Core/Startup/startup_stm32f401ccux.o
                                         0x72 (size before relaxing)
 .debug_str     0x0000000000098777      0x58d ./Drivers/STM32F4xx_HAL_Driver/Src/stm32f4xx_hal.o
                                      0x93990 (size before relaxing)
 .debug_str     0x0000000000098d04      0x284 ./Drivers/STM32F4xx_HAL_Driver/Src/stm32f4xx_hal_adc.o
                                      0x935aa (size before relaxing)
 .debug_str     0x0000000000098f88      0x302 ./Drivers/STM32F4xx_HAL_Driver/Src/stm32f4xx_hal_adc_ex.o
                                      0x935e4 (size before relaxing)
 .debug_str     0x000000000009928a      0x392 ./Drivers/STM32F4xx_HAL_Driver/Src/stm32f4xx_hal_cortex.o
                                      0x9376d (size before relaxing)
 .debug_str     0x000000000009961c      0x31d ./Drivers/STM32F4xx_HAL_Driver/Src/stm32f4xx_hal_dma.o
                                      0x93428 (size before relaxing)
 .debug_str     0x0000000000099939      0x15f ./Drivers/STM32F4xx_HAL_Driver/Src/stm32f4xx_hal_gpio.o
                                      0x931b7 (size before relaxing)
 .debug_str     0x0000000000099a98      0xab3 ./Drivers/STM32F4xx_HAL_Driver/Src/stm32f4xx_hal_i2c.o
                                      0x93f85 (size before relaxing)
 .debug_str     0x000000000009a54b      0x24e ./Drivers/STM32F4xx_HAL_Driver/Src/stm32f4xx_hal_rcc.o
                                      0x93412 (size before relaxing)
 .debug_str     0x000000000009a799      0xc7a ./Drivers/STM32F4xx_HAL_Driver/Src/stm32f4xx_hal_tim.o
                                      0x9432d (size before relaxing)
 .debug_str     0x000000000009b413      0x4ee ./Drivers/STM32F4xx_HAL_Driver/Src/stm32f4xx_hal_tim_ex.o
                                      0x93ade (size before relaxing)
 .debug_str     0x000000000009b901      0x5dd ./Drivers/STM32F4xx_HAL_Driver/Src/stm32f4xx_hal_uart.o
                                      0x93986 (size before relaxing)

.comment        0x0000000000000000       0x53
 .comment       0x0000000000000000       0x53 ./Core/Lib/adc_callback.o
                                         0x54 (size before relaxing)
 .comment       0x0000000000000053       0x54 ./Core/Lib/i2c_dev.o
 .comment       0x0000000000000053       0x54 ./Core/Lib/motor.o
 .comment       0x0000000000000053       0x54 ./Core/Lib/radio.o
 .comment       0x0000000000000053       0x54 ./Core/Src/adc.o
 .comment       0x0000000000000053       0x54 ./Core/Src/dma.o
 .comment       0x0000000000000053       0x54 ./Core/Src/gpio.o
 .comment       0x0000000000000053       0x54 ./Core/Src/i2c.o
 .comment       0x0000000000000053       0x54 ./Core/Src/main.o
 .comment       0x0000000000000053       0x54 ./Core/Src/stm32f4xx_hal_msp.o
 .comment       0x0000000000000053       0x54 ./Core/Src/stm32f4xx_it.o
 .comment       0x0000000000000053       0x54 ./Core/Src/system_stm32f4xx.o
 .comment       0x0000000000000053       0x54 ./Core/Src/tim.o
 .comment       0x0000000000000053       0x54 ./Core/Src/usart.o
 .comment       0x0000000000000053       0x54 ./Drivers/STM32F4xx_HAL_Driver/Src/stm32f4xx_hal.o
 .comment       0x0000000000000053       0x54 ./Drivers/STM32F4xx_HAL_Driver/Src/stm32f4xx_hal_adc.o
 .comment       0x0000000000000053       0x54 ./Drivers/STM32F4xx_HAL_Driver/Src/stm32f4xx_hal_adc_ex.o
 .comment       0x0000000000000053       0x54 ./Drivers/STM32F4xx_HAL_Driver/Src/stm32f4xx_hal_cortex.o
 .comment       0x0000000000000053       0x54 ./Drivers/STM32F4xx_HAL_Driver/Src/stm32f4xx_hal_dma.o
 .comment       0x0000000000000053       0x54 ./Drivers/STM32F4xx_HAL_Driver/Src/stm32f4xx_hal_gpio.o
 .comment       0x0000000000000053       0x54 ./Drivers/STM32F4xx_HAL_Driver/Src/stm32f4xx_hal_i2c.o
 .comment       0x0000000000000053       0x54 ./Drivers/STM32F4xx_HAL_Driver/Src/stm32f4xx_hal_rcc.o
 .comment       0x0000000000000053       0x54 ./Drivers/STM32F4xx_HAL_Driver/Src/stm32f4xx_hal_tim.o
 .comment       0x0000000000000053       0x54 ./Drivers/STM32F4xx_HAL_Driver/Src/stm32f4xx_hal_tim_ex.o
 .comment       0x0000000000000053       0x54 ./Drivers/STM32F4xx_HAL_Driver/Src/stm32f4xx_hal_uart.o

.debug_frame    0x0000000000000000     0x4a00
 .debug_frame   0x0000000000000000       0x34 ./Core/Lib/adc_callback.o
 .debug_frame   0x0000000000000034       0x34 ./Core/Lib/i2c_dev.o
 .debug_frame   0x0000000000000068       0x38 ./Core/Lib/motor.o
 .debug_frame   0x00000000000000a0       0x88 ./Core/Lib/radio.o
 .debug_frame   0x0000000000000128       0x7c ./Core/Src/adc.o
 .debug_frame   0x00000000000001a4       0x34 ./Core/Src/dma.o
 .debug_frame   0x00000000000001d8       0x34 ./Core/Src/gpio.o
 .debug_frame   0x000000000000020c       0x74 ./Core/Src/i2c.o
 .debug_frame   0x0000000000000280       0x8c ./Core/Src/main.o
 .debug_frame   0x000000000000030c       0x38 ./Core/Src/stm32f4xx_hal_msp.o
 .debug_frame   0x0000000000000344      0x1e4 ./Core/Src/stm32f4xx_it.o
 .debug_frame   0x0000000000000528       0x58 ./Core/Src/system_stm32f4xx.o
 .debug_frame   0x0000000000000580      0x1a4 ./Core/Src/tim.o
 .debug_frame   0x0000000000000724       0xac ./Core/Src/usart.o
 .debug_frame   0x00000000000007d0      0x374 ./Drivers/STM32F4xx_HAL_Driver/Src/stm32f4xx_hal.o
 .debug_frame   0x0000000000000b44      0x3fc ./Drivers/STM32F4xx_HAL_Driver/Src/stm32f4xx_hal_adc.o
 .debug_frame   0x0000000000000f40      0x250 ./Drivers/STM32F4xx_HAL_Driver/Src/stm32f4xx_hal_adc_ex.o
 .debug_frame   0x0000000000001190      0x498 ./Drivers/STM32F4xx_HAL_Driver/Src/stm32f4xx_hal_cortex.o
 .debug_frame   0x0000000000001628      0x250 ./Drivers/STM32F4xx_HAL_Driver/Src/stm32f4xx_hal_dma.o
 .debug_frame   0x0000000000001878      0x14c ./Drivers/STM32F4xx_HAL_Driver/Src/stm32f4xx_hal_gpio.o
 .debug_frame   0x00000000000019c4      0xc5c ./Drivers/STM32F4xx_HAL_Driver/Src/stm32f4xx_hal_i2c.o
 .debug_frame   0x0000000000002620      0x1ec ./Drivers/STM32F4xx_HAL_Driver/Src/stm32f4xx_hal_rcc.o
 .debug_frame   0x000000000000280c     0x11bc ./Drivers/STM32F4xx_HAL_Driver/Src/stm32f4xx_hal_tim.o
 .debug_frame   0x00000000000039c8      0x638 ./Drivers/STM32F4xx_HAL_Driver/Src/stm32f4xx_hal_tim_ex.o
 .debug_frame   0x0000000000004000      0x92c ./Drivers/STM32F4xx_HAL_Driver/Src/stm32f4xx_hal_uart.o
 .debug_frame   0x000000000000492c       0x2c d:/st/stm32cubeide_1.7.0/stm32cubeide/plugins/com.st.stm32cube.ide.mcu.externaltools.gnu-tools-for-stm32.9-2020-q2-update.win32_2.0.0.202105311346/tools/bin/../lib/gcc/arm-none-eabi/9.3.1/../../../../arm-none-eabi/lib/thumb/v7e-m+fp/hard\libc_nano.a(lib_a-init.o)
 .debug_frame   0x0000000000004958       0x28 d:/st/stm32cubeide_1.7.0/stm32cubeide/plugins/com.st.stm32cube.ide.mcu.externaltools.gnu-tools-for-stm32.9-2020-q2-update.win32_2.0.0.202105311346/tools/bin/../lib/gcc/arm-none-eabi/9.3.1/../../../../arm-none-eabi/lib/thumb/v7e-m+fp/hard\libc_nano.a(lib_a-memcpy-stub.o)
 .debug_frame   0x0000000000004980       0x20 d:/st/stm32cubeide_1.7.0/stm32cubeide/plugins/com.st.stm32cube.ide.mcu.externaltools.gnu-tools-for-stm32.9-2020-q2-update.win32_2.0.0.202105311346/tools/bin/../lib/gcc/arm-none-eabi/9.3.1/../../../../arm-none-eabi/lib/thumb/v7e-m+fp/hard\libc_nano.a(lib_a-memset.o)
 .debug_frame   0x00000000000049a0       0x2c d:/st/stm32cubeide_1.7.0/stm32cubeide/plugins/com.st.stm32cube.ide.mcu.externaltools.gnu-tools-for-stm32.9-2020-q2-update.win32_2.0.0.202105311346/tools/bin/../lib/gcc/arm-none-eabi/9.3.1/thumb/v7e-m+fp/hard\libgcc.a(_aeabi_uldivmod.o)
 .debug_frame   0x00000000000049cc       0x34 d:/st/stm32cubeide_1.7.0/stm32cubeide/plugins/com.st.stm32cube.ide.mcu.externaltools.gnu-tools-for-stm32.9-2020-q2-update.win32_2.0.0.202105311346/tools/bin/../lib/gcc/arm-none-eabi/9.3.1/thumb/v7e-m+fp/hard\libgcc.a(_udivmoddi4.o)
